 obxd_vcf

 Timestamp is 5ecfa35b (Thu May 28 13:41:15 2020)

 Preferred load address is 0000000180000000

 Start         Length     Name                   Class
 0001:00000000 0000d690H .text$mn                CODE
 0001:0000d690 00000020H .text$mn$00             CODE
 0001:0000d6b0 000002e0H .text$x                 CODE
 0002:00000000 00000218H .idata$5                DATA
 0002:00000218 00000028H .00cfg                  DATA
 0002:00000240 00000008H .CRT$XCA                DATA
 0002:00000248 00000008H .CRT$XCZ                DATA
 0002:00000250 00000008H .CRT$XIA                DATA
 0002:00000258 00000018H .CRT$XIC                DATA
 0002:00000270 00000008H .CRT$XIZ                DATA
 0002:00000278 00000008H .CRT$XPA                DATA
 0002:00000280 00000010H .CRT$XPX                DATA
 0002:00000290 00000008H .CRT$XPXA               DATA
 0002:00000298 00000008H .CRT$XPZ                DATA
 0002:000002a0 00000008H .CRT$XTA                DATA
 0002:000002a8 00000008H .CRT$XTZ                DATA
 0002:000002b0 00000000H .gfids$y                DATA
 0002:000002b0 00008800H .rdata                  DATA
 0002:00008ab0 00000000H .rdata$r                DATA
 0002:00008ab0 00000268H .rdata$zzzdbg           DATA
 0002:00008d18 00000008H .rtc$IAA                DATA
 0002:00008d20 00000008H .rtc$IZZ                DATA
 0002:00008d28 00000008H .rtc$TAA                DATA
 0002:00008d30 00000008H .rtc$TZZ                DATA
 0002:00008d38 00000c08H .xdata                  DATA
 0002:00009940 00000000H .xdata$x                DATA
 0002:00009940 00000050H .edata                  DATA
 0002:00009990 00000014H .idata$2                DATA
 0002:000099a4 00000014H .idata$3                DATA
 0002:000099b8 00000218H .idata$4                DATA
 0002:00009bd0 000004e2H .idata$6                DATA
 0003:00000000 00000970H .data                   DATA
 0003:00000970 00000000H .data$r                 DATA
 0003:00000970 000011b0H .bss                    DATA
 0004:00000000 00000e10H .pdata                  DATA
 0005:00000000 00000094H _RDATA                  DATA

  Address         Publics by Value              Rva+Base               Lib:Object

 0000:00000000       __hybrid_code_map_count    0000000000000000     <absolute>
 0000:00000000       __guard_fids_count         0000000000000000     <absolute>
 0000:00000000       __guard_iat_count          0000000000000000     <absolute>
 0000:00000000       __guard_eh_cont_count      0000000000000000     <absolute>
 0000:00000000       __volatile_metadata        0000000000000000     <absolute>
 0000:00000000       __guard_longjmp_count      0000000000000000     <absolute>
 0000:00000000       __guard_longjmp_table      0000000000000000     <absolute>
 0000:00000000       __guard_iat_table          0000000000000000     <absolute>
 0000:00000000       __hybrid_code_map          0000000000000000     <absolute>
 0000:00000000       __guard_eh_cont_table      0000000000000000     <absolute>
 0000:00000000       ___safe_se_handler_count   0000000000000000     <absolute>
 0000:00000000       __dynamic_value_reloc_table 0000000000000000     <absolute>
 0000:00000000       __enclave_config           0000000000000000     <absolute>
 0000:00000000       __AbsoluteZero             0000000000000000     <absolute>
 0000:00000000       ___safe_se_handler_table   0000000000000000     <absolute>
 0000:00000000       __guard_fids_table         0000000000000000     <absolute>
 0000:00000000       __hybrid_auxiliary_iat     0000000000000000     <absolute>
 0000:00000100       __guard_flags              0000000000000100     <absolute>
 0000:00000000       __ImageBase                0000000180000000     <linker-defined>
 0001:00000000       st_plugin_init             0000000180001000 f   obxd_vcf.o
 0001:00000a20       obxd_vcf_init              0000000180001a20 f   obxd_vcf.o
 0001:00000b90       ?Apply4Pole@Filter@@QEAAMMM@Z 0000000180001b90 f i obxd_vcf.o
 0001:00000df0       ?filter@obxd_vcf_state_t@@QEAAMAEAVFilter@@MMMMH@Z 0000000180001df0 f i obxd_vcf.o
 0001:00001340       _DllMainCRTStartup         0000000180002340 f   LIBCMT:dll_dllmain.obj
 0001:00001380       __security_init_cookie     0000000180002380 f   LIBCMT:gs_support.obj
 0001:0000142c       DllMain                    000000018000242c f   LIBCMT:dll_dllmain_stub.obj
 0001:0000142c       _get_startup_argv_mode     000000018000242c f   LIBCMT:argv_mode.obj
 0001:00001434       ?__scrt_initialize_type_info@@YAXXZ 0000000180002434 f   LIBCMT:tncleanup.obj
 0001:00001444       ?__scrt_uninitialize_type_info@@YAXXZ 0000000180002444 f   LIBCMT:tncleanup.obj
 0001:00001450       __local_stdio_printf_options 0000000180002450 f i LIBCMT:default_local_stdio_options.obj
 0001:00001458       __local_stdio_scanf_options 0000000180002458 f i LIBCMT:default_local_stdio_options.obj
 0001:00001460       __scrt_initialize_default_local_stdio_options 0000000180002460 f   LIBCMT:default_local_stdio_options.obj
 0001:0000147c       __scrt_acquire_startup_lock 000000018000247c f   LIBCMT:utility.obj
 0001:000014b8       __scrt_dllmain_after_initialize_c 00000001800024b8 f   LIBCMT:utility.obj
 0001:000014ec       __scrt_dllmain_before_initialize_c 00000001800024ec f   LIBCMT:utility.obj
 0001:00001504       __scrt_dllmain_crt_thread_attach 0000000180002504 f   LIBCMT:utility.obj
 0001:0000152c       __scrt_dllmain_crt_thread_detach 000000018000252c f   LIBCMT:utility.obj
 0001:00001544       __scrt_dllmain_exception_filter 0000000180002544 f   LIBCMT:utility.obj
 0001:000015a4       __scrt_dllmain_uninitialize_c 00000001800025a4 f   LIBCMT:utility.obj
 0001:000015d4       __scrt_dllmain_uninitialize_critical 00000001800025d4 f   LIBCMT:utility.obj
 0001:000015e8       __scrt_initialize_crt      00000001800025e8 f   LIBCMT:utility.obj
 0001:00001634       __scrt_initialize_onexit_tables 0000000180002634 f   LIBCMT:utility.obj
 0001:000016c0       __scrt_is_nonwritable_in_current_image 00000001800026c0 f   LIBCMT:utility.obj
 0001:00001758       __scrt_release_startup_lock 0000000180002758 f   LIBCMT:utility.obj
 0001:0000177c       __scrt_uninitialize_crt    000000018000277c f   LIBCMT:utility.obj
 0001:000017a8       __scrt_get_dyn_tls_init_callback 00000001800027a8 f   LIBCMT:dyn_tls_init.obj
 0001:000017b0       __crt_debugger_hook        00000001800027b0 f   LIBCMT:utility_desktop.obj
 0001:000017b8       __scrt_fastfail            00000001800027b8 f   LIBCMT:utility_desktop.obj
 0001:00001904       _RTC_Initialize            0000000180002904 f   LIBCMT:initsect.obj
 0001:00001940       _RTC_Terminate             0000000180002940 f   LIBCMT:initsect.obj
 0001:0000197c       _guard_check_icall_nop     000000018000297c f i LIBCMT:guard_support.obj
 0001:00001980       __isa_available_init       0000000180002980 f   LIBCMT:cpu_disp.obj
 0001:00001b24       __scrt_is_ucrt_dll_in_use  0000000180002b24 f   LIBCMT:ucrt_detection.obj
 0001:00001b30       IsProcessorFeaturePresent  0000000180002b30 f   kernel32:KERNEL32.dll
 0001:00001b50       memset_repmovs             0000000180002b50 f   libvcruntime:memset.obj
 0001:00001b70       memset                     0000000180002b70 f   libvcruntime:memset.obj
 0001:00001d00       __C_specific_handler       0000000180002d00 f   libvcruntime:riscchandler.obj
 0001:00001f0c       __std_type_info_destroy_list 0000000180002f0c f   libvcruntime:std_type_info.obj
 0001:00001f38       __vcrt_initialize          0000000180002f38 f   libvcruntime:initialization.obj
 0001:00001f60       __vcrt_thread_attach       0000000180002f60 f   libvcruntime:initialization.obj
 0001:00001f74       __vcrt_thread_detach       0000000180002f74 f   libvcruntime:initialization.obj
 0001:00001f88       __vcrt_uninitialize        0000000180002f88 f   libvcruntime:initialization.obj
 0001:00001fa4       __vcrt_uninitialize_critical 0000000180002fa4 f   libvcruntime:initialization.obj
 0001:00001fb4       __DestructExceptionObject  0000000180002fb4 f   libvcruntime:ehhelpers.obj
 0001:00002024       ?_CallMemberFunction0@@YAXQEAX0@Z 0000000180003024 f i libvcruntime:ehhelpers.obj
 0001:00002040       _NLG_Notify                0000000180003040 f   libvcruntime:notify.obj
 0001:00002060       __NLG_Dispatch2            0000000180003060 f   libvcruntime:notify.obj
 0001:00002070       __NLG_Return2              0000000180003070 f   libvcruntime:notify.obj
 0001:00002074       __except_validate_context_record 0000000180003074 f   libvcruntime:jbcxrval.obj
 0001:000020ac       __vcrt_freefls             00000001800030ac f   libvcruntime:per_thread_data.obj
 0001:000020cc       __vcrt_freeptd             00000001800030cc f   libvcruntime:per_thread_data.obj
 0001:0000211c       __vcrt_getptd              000000018000311c f   libvcruntime:per_thread_data.obj
 0001:00002138       __vcrt_getptd_noexit       0000000180003138 f   libvcruntime:per_thread_data.obj
 0001:000021f8       __vcrt_initialize_ptd      00000001800031f8 f   libvcruntime:per_thread_data.obj
 0001:00002240       __vcrt_uninitialize_ptd    0000000180003240 f   libvcruntime:per_thread_data.obj
 0001:00002264       __vcrt_initialize_locks    0000000180003264 f   libvcruntime:locks.obj
 0001:00002298       __vcrt_uninitialize_locks  0000000180003298 f   libvcruntime:locks.obj
 0001:000022e0       memcpy_repmovs             00000001800032e0 f   libvcruntime:memcpy.obj
 0001:00002300       memmove                    0000000180003300 f   libvcruntime:memcpy.obj
 0001:00002300       memcpy                     0000000180003300 f   libvcruntime:memcpy.obj
 0001:00002824       __vcrt_FlsAlloc            0000000180003824 f   libvcruntime:winapi_downlevel.obj
 0001:0000286c       __vcrt_FlsFree             000000018000386c f   libvcruntime:winapi_downlevel.obj
 0001:000028b4       __vcrt_FlsGetValue         00000001800038b4 f   libvcruntime:winapi_downlevel.obj
 0001:000028fc       __vcrt_FlsSetValue         00000001800038fc f   libvcruntime:winapi_downlevel.obj
 0001:00002950       __vcrt_InitializeCriticalSectionEx 0000000180003950 f   libvcruntime:winapi_downlevel.obj
 0001:000029d0       _CallSettingFrame          00000001800039d0 f   libvcruntime:handlers.obj
 0001:00002a20       _CallSettingFrame_LookupContinuationIndex 0000000180003a20 f   libvcruntime:handlers.obj
 0001:00002a50       _CallSettingFrame_NotifyContinuationAddr 0000000180003a50 f   libvcruntime:handlers.obj
 0001:00002a80       _CallSettingFrameEncoded   0000000180003a80 f   libvcruntime:handlers.obj
 0001:00002ac8       free                       0000000180003ac8 f   libucrt:free.obj
 0001:00002adc       malloc                     0000000180003adc f   libucrt:malloc.obj
 0001:00002ae4       atanf                      0000000180003ae4 f   libucrt:atanf.obj
 0001:00002ce0       powf                       0000000180003ce0 f   libucrt:powf.obj
 0001:00003ba8       sqrtf                      0000000180004ba8 f   libucrt:sqrtf.obj
 0001:00003c60       tan                        0000000180004c60 f   libucrt:tan.obj
 0001:00004400       tanf                       0000000180005400 f   libucrt:tanf.obj
 0001:00004a74       _initterm                  0000000180005a74 f   libucrt:initterm.obj
 0001:00004ad8       _initterm_e                0000000180005ad8 f   libucrt:initterm.obj
 0001:00004b18       _seh_filter_dll            0000000180005b18 f   libucrt:exception_filter.obj
 0001:00004b2c       _seh_filter_exe            0000000180005b2c f   libucrt:exception_filter.obj
 0001:00004f38       __acrt_initialize_thread_local_exit_callback 0000000180005f38 f   libucrt:exit.obj
 0001:00004f40       _cexit                     0000000180005f40 f   libucrt:exit.obj
 0001:00004f50       _exit                      0000000180005f50 f   libucrt:exit.obj
 0001:00004f5c       _is_c_termination_complete 0000000180005f5c f   libucrt:exit.obj
 0001:00005120       __acrt_allocate_buffer_for_argv 0000000180006120 f   libucrt:argv_parsing.obj
 0001:00005180       _configure_narrow_argv     0000000180006180 f   libucrt:argv_parsing.obj
 0001:000054fc       __dcrt_uninitialize_environments_nolock 00000001800064fc f   libucrt:environment_initialization.obj
 0001:00005534       _initialize_narrow_environment 0000000180006534 f   libucrt:environment_initialization.obj
 0001:000056c4       _execute_onexit_table      00000001800066c4 f   libucrt:onexit.obj
 0001:00005700       _initialize_onexit_table   0000000180006700 f   libucrt:onexit.obj
 0001:00005778       __acrt_uninitialize_command_line 0000000180006778 f   libucrt:argv_data.obj
 0001:00005884       __acrt_initialize          0000000180006884 f   libucrt:initialization.obj
 0001:00005898       __acrt_thread_attach       0000000180006898 f   libucrt:initialization.obj
 0001:000058ac       __acrt_thread_detach       00000001800068ac f   libucrt:initialization.obj
 0001:000058bc       __acrt_uninitialize        00000001800068bc f   libucrt:initialization.obj
 0001:000058f4       __acrt_uninitialize_critical 00000001800068f4 f   libucrt:initialization.obj
 0001:00005904       terminate                  0000000180006904 f   libucrt:terminate.obj
 0001:00005924       strcpy_s                   0000000180006924 f   libucrt:strcpy_s.obj
 0001:00005984       abort                      0000000180006984 f   libucrt:abort.obj
 0001:000059dc       ??0_LocaleUpdate@@QEAA@QEAU__crt_locale_pointers@@@Z 00000001800069dc f i libucrt:output.obj
 0001:00005a80       strncmp                    0000000180006a80 f   libucrt:strncmp.obj
 0001:00005b00       calloc                     0000000180006b00 f   libucrt:calloc.obj
 0001:00005b08       wcsncmp                    0000000180006b08 f   libucrt:wcsncmp.obj
 0001:00005b34       _free_base                 0000000180006b34 f   libucrt:free_base.obj
 0001:00005b74       _malloc_base               0000000180006b74 f   libucrt:malloc_base.obj
 0001:00005bd4       _clrfp                     0000000180006bd4 f   libucrt:fpctrl.obj
 0001:00005bf4       _ctrlfp                    0000000180006bf4 f   libucrt:fpctrl.obj
 0001:00005c70       _set_statfp                0000000180006c70 f   libucrt:fpctrl.obj
 0001:00005c90       _statfp                    0000000180006c90 f   libucrt:fpctrl.obj
 0001:00005dc8       _handle_error              0000000180006dc8 f   libucrt:libm_error.obj
 0001:00005ef0       _handle_errorf             0000000180006ef0 f   libucrt:libm_error.obj
 0001:00006024       _handle_nanf               0000000180007024 f   libucrt:libm_error.obj
 0001:00006040       _powf_special              0000000180007040 f   libucrt:pow_special.obj
 0001:000061cc       __acrt_initialize_fma3     00000001800071cc f   libucrt:fma3_available.obj
 0001:0000636c       _tan_special               000000018000736c f   libucrt:sincos_special.obj
 0001:00006380       _tanf_special              0000000180007380 f   libucrt:sincos_special.obj
 0001:000063a0       __remainder_piby2_fma3     00000001800073a0 f   libucrt:remainder_piby2_forfma3.obj
 0001:00006590       __remainder_piby2_fma3_bdl 0000000180007590 f   libucrt:remainder_piby2_forfma3.obj
 0001:00006610       __remainder_piby2_forAsm   0000000180007610 f   libucrt:remainder_piby2_forasm.obj
 0001:00006820       __remainder_piby2_cw_forAsm 0000000180007820 f   libucrt:remainder_piby2_forasm.obj
 0001:00006cd8       __acrt_freeptd             0000000180007cd8 f   libucrt:per_thread_data.obj
 0001:00006d1c       __acrt_getptd              0000000180007d1c f   libucrt:per_thread_data.obj
 0001:00006de8       __acrt_getptd_head         0000000180007de8 f   libucrt:per_thread_data.obj
 0001:00006e90       __acrt_getptd_noexit       0000000180007e90 f   libucrt:per_thread_data.obj
 0001:00006f60       __acrt_initialize_ptd      0000000180007f60 f   libucrt:per_thread_data.obj
 0001:00006f9c       __acrt_uninitialize_ptd    0000000180007f9c f   libucrt:per_thread_data.obj
 0001:00006fc0       __acrt_initialize_locks    0000000180007fc0 f   libucrt:locks.obj
 0001:00007008       __acrt_lock                0000000180008008 f   libucrt:locks.obj
 0001:00007024       __acrt_uninitialize_locks  0000000180008024 f   libucrt:locks.obj
 0001:0000705c       __acrt_unlock              000000018000805c f   libucrt:locks.obj
 0001:00007078       __acrt_get_process_end_policy 0000000180008078 f   libucrt:win_policies.obj
 0001:000070b4       __acrt_call_reportfault    00000001800080b4 f   libucrt:invalid_parameter.obj
 0001:00007210       __acrt_initialize_invalid_parameter_handler 0000000180008210 f   libucrt:invalid_parameter.obj
 0001:00007218       _invalid_parameter         0000000180008218 f   libucrt:invalid_parameter.obj
 0001:000072c8       _invalid_parameter_noinfo  00000001800082c8 f   libucrt:invalid_parameter.obj
 0001:000072e8       _invoke_watson             00000001800082e8 f   libucrt:invalid_parameter.obj
 0001:00007330       __acrt_errno_from_os_error 0000000180008330 f   libucrt:errno.obj
 0001:00007378       __acrt_errno_map_os_error  0000000180008378 f   libucrt:errno.obj
 0001:000073c8       __doserrno                 00000001800083c8 f   libucrt:errno.obj
 0001:000073e8       _errno                     00000001800083e8 f   libucrt:errno.obj
 0001:00007408       _calloc_base               0000000180008408 f   libucrt:calloc_base.obj
 0001:000079e4       __acrt_expand_narrow_argv_wildcards 00000001800089e4 f   libucrt:argv_wildcards.obj
 0001:0000812c       __acrt_initialize_multibyte 000000018000912c f   libucrt:mbctype.obj
 0001:0000818c       __acrt_update_thread_multibyte_data 000000018000918c f   libucrt:mbctype.obj
 0001:000081a8       _setmbcp_nolock            00000001800091a8 f   libucrt:mbctype.obj
 0001:000084e0       _ismbblead                 00000001800094e0 f   libucrt:ismbbyte.obj
 0001:000084f4       __acrt_initialize_command_line 00000001800094f4 f   libucrt:argv_data.obj
 0001:0000851c       __dcrt_get_narrow_environment_from_os 000000018000951c f   libucrt:get_environment_from_os.obj
 0001:00008620       _recalloc                  0000000180009620 f   libucrt:recalloc.obj
 0001:00008628       _recalloc_base             0000000180009628 f   libucrt:recalloc.obj
 0001:00008898       __acrt_AppPolicyGetProcessTerminationMethodInternal 0000000180009898 f   libucrt:winapi_thunks.obj
 0001:000088e8       __acrt_FlsAlloc            00000001800098e8 f   libucrt:winapi_thunks.obj
 0001:00008930       __acrt_FlsFree             0000000180009930 f   libucrt:winapi_thunks.obj
 0001:00008978       __acrt_FlsGetValue         0000000180009978 f   libucrt:winapi_thunks.obj
 0001:000089c0       __acrt_FlsSetValue         00000001800099c0 f   libucrt:winapi_thunks.obj
 0001:00008a14       __acrt_InitializeCriticalSectionEx 0000000180009a14 f   libucrt:winapi_thunks.obj
 0001:00008a78       __acrt_LCMapStringEx       0000000180009a78 f   libucrt:winapi_thunks.obj
 0001:00008b54       __acrt_LocaleNameToLCID    0000000180009b54 f   libucrt:winapi_thunks.obj
 0001:00008ba4       __acrt_initialize_winapi_thunks 0000000180009ba4 f   libucrt:winapi_thunks.obj
 0001:00008bec       __acrt_uninitialize_winapi_thunks 0000000180009bec f   libucrt:winapi_thunks.obj
 0001:00008c30       __acrt_initialize_heap     0000000180009c30 f   libucrt:heap_handle.obj
 0001:00008c4c       __acrt_uninitialize_heap   0000000180009c4c f   libucrt:heap_handle.obj
 0001:00008e40       __acrt_initialize_lowio    0000000180009e40 f   libucrt:ioinit.obj
 0001:00008e7c       __acrt_uninitialize_lowio  0000000180009e7c f   libucrt:ioinit.obj
 0001:00008ebc       __acrt_execute_initializers 0000000180009ebc f   libucrt:shared_initialization.obj
 0001:00008f3c       __acrt_execute_uninitializers 0000000180009f3c f   libucrt:shared_initialization.obj
 0001:00008f78       __acrt_initialize_new_handler 0000000180009f78 f   libucrt:new_handler.obj
 0001:00008f80       _callnewh                  0000000180009f80 f   libucrt:new_handler.obj
 0001:00008fb0       _query_new_handler         0000000180009fb0 f   libucrt:new_handler.obj
 0001:0000902c       __acrt_get_sigabrt_handler 000000018000a02c f   libucrt:signal.obj
 0001:0000905c       __acrt_initialize_signal_handlers 000000018000a05c f   libucrt:signal.obj
 0001:0000907c       raise                      000000018000a07c f   libucrt:signal.obj
 0001:000092f0       __acrt_has_user_matherr    000000018000a2f0 f   libucrt:matherr.obj
 0001:00009310       __acrt_initialize_user_matherr 000000018000a310 f   libucrt:matherr.obj
 0001:00009318       __acrt_invoke_user_matherr 000000018000a318 f   libucrt:matherr.obj
 0001:0000952c       __acrt_stdio_flush_nolock  000000018000a52c f   libucrt:fflush.obj
 0001:000095a8       _fflush_nolock             000000018000a5a8 f   libucrt:fflush.obj
 0001:000095f4       _flushall                  000000018000a5f4 f   libucrt:fflush.obj
 0001:000095fc       __acrt_initialize_stdio    000000018000a5fc f   libucrt:_file.obj
 0001:0000971c       __acrt_uninitialize_stdio  000000018000a71c f   libucrt:_file.obj
 0001:00009778       _lock_file                 000000018000a778 f   libucrt:_file.obj
 0001:00009784       _unlock_file               000000018000a784 f   libucrt:_file.obj
 0001:00009790       _mbtowc_l                  000000018000a790 f   libucrt:mbtowc.obj
 0001:000098d8       mbtowc                     000000018000a8d8 f   libucrt:mbtowc.obj
 0001:000098e0       __acrt_update_locale_info  000000018000a8e0 f   libucrt:locale_update.obj
 0001:00009914       __acrt_update_multibyte_info 000000018000a914 f   libucrt:locale_update.obj
 0001:00009948       _fileno                    000000018000a948 f   libucrt:fileno.obj
 0001:000099e0       __acrt_set_locale_changed  000000018000a9e0 f   libucrt:wsetlocale.obj
 0001:000099ec       __acrt_uninitialize_locale 000000018000a9ec f   libucrt:wsetlocale.obj
 0001:00009a1c       __pctype_func              000000018000aa1c f   libucrt:ctype.obj
 0001:00009a4c       _query_new_mode            000000018000aa4c f   libucrt:new_mode.obj
 0001:00009a70       _get_fpsr                  000000018000aa70 f   libucrt:fpsr.obj
 0001:00009a80       _set_fpsr                  000000018000aa80 f   libucrt:fpsr.obj
 0001:00009a8a       _fclrf                     000000018000aa8a f   libucrt:fpsr.obj
 0001:00009a9e       _frnd                      000000018000aa9e f   libucrt:fpsr.obj
 0001:00009ac0       _raise_exc                 000000018000aac0 f   libucrt:fpexcept.obj
 0001:00009ae8       _raise_exc_ex              000000018000aae8 f   libucrt:fpexcept.obj
 0001:00009df0       _raise_excf                000000018000adf0 f   libucrt:fpexcept.obj
 0001:00009e1c       _set_errno_from_matherr    000000018000ae1c f   libucrt:fpexcept.obj
 0001:00009e4c       __acrt_add_locale_ref      000000018000ae4c f   libucrt:locale_refcounting.obj
 0001:00009ed8       __acrt_free_locale         000000018000aed8 f   libucrt:locale_refcounting.obj
 0001:0000a050       __acrt_locale_add_lc_time_reference 000000018000b050 f   libucrt:locale_refcounting.obj
 0001:0000a078       __acrt_locale_free_lc_time_if_unreferenced 000000018000b078 f   libucrt:locale_refcounting.obj
 0001:0000a0b0       __acrt_locale_release_lc_time_reference 000000018000b0b0 f   libucrt:locale_refcounting.obj
 0001:0000a0d8       __acrt_release_locale_ref  000000018000b0d8 f   libucrt:locale_refcounting.obj
 0001:0000a180       __acrt_update_thread_locale_data 000000018000b180 f   libucrt:locale_refcounting.obj
 0001:0000a1f0       _updatetlocinfoEx_nolock   000000018000b1f0 f   libucrt:locale_refcounting.obj
 0001:0000a260       qsort                      000000018000b260 f   libucrt:qsort.obj
 0001:0000a610       strncpy_s                  000000018000b610 f   libucrt:strncpy_s.obj
 0001:0000a790       strpbrk                    000000018000b790 f   libucrt:strpbrk.obj
 0001:0000ab70       _mbsdec                    000000018000bb70 f   libucrt:mbsdec.obj
 0001:0000ab78       _mbsdec_l                  000000018000bb78 f   libucrt:mbsdec.obj
 0001:0000ac08       __acrt_GetStringTypeA      000000018000bc08 f   libucrt:getstringtypea.obj
 0001:0000b0b0       __acrt_LCMapStringA        000000018000c0b0 f   libucrt:lcmapstringa.obj
 0001:0000b160       _msize                     000000018000c160 f   libucrt:msize.obj
 0001:0000b168       _msize_base                000000018000c168 f   libucrt:msize.obj
 0001:0000b1a4       _realloc_base              000000018000c1a4 f   libucrt:realloc_base.obj
 0001:0000b2ec       __acrt_DownlevelLocaleNameToLCID 000000018000c2ec f   libucrt:lcidtoname_downlevel.obj
 0001:0000b320       __acrt_lowio_create_handle_array 000000018000c320 f   libucrt:osfinfo.obj
 0001:0000b3b8       __acrt_lowio_destroy_handle_array 000000018000c3b8 f   libucrt:osfinfo.obj
 0001:0000b408       __acrt_lowio_ensure_fh_exists 000000018000c408 f   libucrt:osfinfo.obj
 0001:0000b4b0       __acrt_lowio_lock_fh       000000018000c4b0 f   libucrt:osfinfo.obj
 0001:0000b4d4       __acrt_lowio_unlock_fh     000000018000c4d4 f   libucrt:osfinfo.obj
 0001:0000b4f8       _free_osfhnd               000000018000c4f8 f   libucrt:osfinfo.obj
 0001:0000b5b4       _get_osfhandle             000000018000c5b4 f   libucrt:osfinfo.obj
 0001:0000b6b8       _commit                    000000018000c6b8 f   libucrt:commit.obj
 0001:0000bd04       _write                     000000018000cd04 f   libucrt:write.obj
 0001:0000bdf0       _write_nolock              000000018000cdf0 f   libucrt:write.obj
 0001:0000c134       _fcloseall                 000000018000d134 f   libucrt:closeall.obj
 0001:0000c1e8       __acrt_stdio_free_buffer_nolock 000000018000d1e8 f   libucrt:_freebuf.obj
 0001:0000c228       _isatty                    000000018000d228 f   libucrt:isatty.obj
 0001:0000c288       _isleadbyte_l              000000018000d288 f i libucrt:_wctype.obj
 0001:0000c2c8       __acrt_MultiByteToWideChar 000000018000d2c8 f   libucrt:multibytetowidechar.obj
 0001:0000c2d0       __acrt_locale_free_monetary 000000018000d2d0 f   libucrt:initmon.obj
 0001:0000c3dc       __acrt_locale_free_numeric 000000018000d3dc f   libucrt:initnum.obj
 0001:0000c49c       __acrt_locale_free_time    000000018000d49c f   libucrt:inittime.obj
 0001:0000c5a4       __strncnt                  000000018000d5a4 f   libucrt:strncnt.obj
 0001:0000c5bc       _query_app_type            000000018000d5bc f   libucrt:report_runtime_error.obj
 0001:0000c660       _lseeki64_nolock           000000018000d660 f   libucrt:lseek.obj
 0001:0000c668       _putwch_nolock             000000018000d668 f   libucrt:putwch.obj
 0001:0000c6a4       _fclose_nolock             000000018000d6a4 f   libucrt:fclose.obj
 0001:0000c728       fclose                     000000018000d728 f   libucrt:fclose.obj
 0001:0000c790       log10                      000000018000d790 f   libucrt:log10.obj
 0001:0000cd3c       __dcrt_lowio_ensure_console_output_initialized 000000018000dd3c f   libucrt:initcon.obj
 0001:0000cd90       __dcrt_terminate_console_output 000000018000dd90 f   libucrt:initcon.obj
 0001:0000cdac       __dcrt_write_console_w     000000018000ddac f   libucrt:initcon.obj
 0001:0000cee0       _close                     000000018000dee0 f   libucrt:close.obj
 0001:0000cf84       _close_nolock              000000018000df84 f   libucrt:close.obj
 0001:0000d040       ?__acrt_stdio_free_stream@@YAXV__crt_stdio_stream@@@Z 000000018000e040 f   libucrt:stream.obj
 0001:0000d060       _log10_special             000000018000e060 f   libucrt:log_special.obj
 0001:0000d120       _FindPESection             000000018000e120 f   LIBCMT:pesect.obj
 0001:0000d170       _IsNonwritableInCurrentImage 000000018000e170 f   LIBCMT:pesect.obj
 0001:0000d1c0       _ValidateImageBase         000000018000e1c0 f   LIBCMT:pesect.obj
 0001:0000d1f0       __GSHandlerCheck           000000018000e1f0 f   LIBCMT:gshandler.obj
 0001:0000d210       __GSHandlerCheckCommon     000000018000e210 f   LIBCMT:gshandler.obj
 0001:0000d280       __security_check_cookie    000000018000e280 f   LIBCMT:amdsecgs.obj
 0001:0000d2a4       __raise_securityfailure    000000018000e2a4 f   LIBCMT:gs_report.obj
 0001:0000d2d8       __report_gsfailure         000000018000e2d8 f   LIBCMT:gs_report.obj
 0001:0000d3ac       __report_rangecheckfailure 000000018000e3ac f   LIBCMT:gs_report.obj
 0001:0000d3c0       __report_securityfailure   000000018000e3c0 f   LIBCMT:gs_report.obj
 0001:0000d550       __chkstk                   000000018000e550 f   LIBCMT:chkstk.obj
 0001:0000d550       _alloca_probe              000000018000e550 f   LIBCMT:chkstk.obj
 0001:0000d5c0       memcmp                     000000018000e5c0 f   libvcruntime:memcmp.obj
 0001:0000d6a0       _guard_dispatch_icall_nop  000000018000e6a0 f   LIBCMT:guard_dispatch.obj
 0002:00000000       __imp_QueryPerformanceCounter 000000018000f000     kernel32:KERNEL32.dll
 0002:00000008       __imp_GetCurrentProcessId  000000018000f008     kernel32:KERNEL32.dll
 0002:00000010       __imp_GetCurrentThreadId   000000018000f010     kernel32:KERNEL32.dll
 0002:00000018       __imp_GetSystemTimeAsFileTime 000000018000f018     kernel32:KERNEL32.dll
 0002:00000020       __imp_InitializeSListHead  000000018000f020     kernel32:KERNEL32.dll
 0002:00000028       __imp_RtlCaptureContext    000000018000f028     kernel32:KERNEL32.dll
 0002:00000030       __imp_RtlLookupFunctionEntry 000000018000f030     kernel32:KERNEL32.dll
 0002:00000038       __imp_RtlVirtualUnwind     000000018000f038     kernel32:KERNEL32.dll
 0002:00000040       __imp_IsDebuggerPresent    000000018000f040     kernel32:KERNEL32.dll
 0002:00000048       __imp_UnhandledExceptionFilter 000000018000f048     kernel32:KERNEL32.dll
 0002:00000050       __imp_SetUnhandledExceptionFilter 000000018000f050     kernel32:KERNEL32.dll
 0002:00000058       __imp_GetStartupInfoW      000000018000f058     kernel32:KERNEL32.dll
 0002:00000060       __imp_IsProcessorFeaturePresent 000000018000f060     kernel32:KERNEL32.dll
 0002:00000068       __imp_GetModuleHandleW     000000018000f068     kernel32:KERNEL32.dll
 0002:00000070       __imp_WriteConsoleW        000000018000f070     kernel32:KERNEL32.dll
 0002:00000078       __imp_RtlUnwindEx          000000018000f078     kernel32:KERNEL32.dll
 0002:00000080       __imp_InterlockedFlushSList 000000018000f080     kernel32:KERNEL32.dll
 0002:00000088       __imp_GetLastError         000000018000f088     kernel32:KERNEL32.dll
 0002:00000090       __imp_SetLastError         000000018000f090     kernel32:KERNEL32.dll
 0002:00000098       __imp_EnterCriticalSection 000000018000f098     kernel32:KERNEL32.dll
 0002:000000a0       __imp_LeaveCriticalSection 000000018000f0a0     kernel32:KERNEL32.dll
 0002:000000a8       __imp_DeleteCriticalSection 000000018000f0a8     kernel32:KERNEL32.dll
 0002:000000b0       __imp_InitializeCriticalSectionAndSpinCount 000000018000f0b0     kernel32:KERNEL32.dll
 0002:000000b8       __imp_TlsAlloc             000000018000f0b8     kernel32:KERNEL32.dll
 0002:000000c0       __imp_TlsGetValue          000000018000f0c0     kernel32:KERNEL32.dll
 0002:000000c8       __imp_TlsSetValue          000000018000f0c8     kernel32:KERNEL32.dll
 0002:000000d0       __imp_TlsFree              000000018000f0d0     kernel32:KERNEL32.dll
 0002:000000d8       __imp_FreeLibrary          000000018000f0d8     kernel32:KERNEL32.dll
 0002:000000e0       __imp_GetProcAddress       000000018000f0e0     kernel32:KERNEL32.dll
 0002:000000e8       __imp_LoadLibraryExW       000000018000f0e8     kernel32:KERNEL32.dll
 0002:000000f0       __imp_RaiseException       000000018000f0f0     kernel32:KERNEL32.dll
 0002:000000f8       __imp_GetCurrentProcess    000000018000f0f8     kernel32:KERNEL32.dll
 0002:00000100       __imp_ExitProcess          000000018000f100     kernel32:KERNEL32.dll
 0002:00000108       __imp_TerminateProcess     000000018000f108     kernel32:KERNEL32.dll
 0002:00000110       __imp_GetModuleHandleExW   000000018000f110     kernel32:KERNEL32.dll
 0002:00000118       __imp_GetModuleFileNameA   000000018000f118     kernel32:KERNEL32.dll
 0002:00000120       __imp_MultiByteToWideChar  000000018000f120     kernel32:KERNEL32.dll
 0002:00000128       __imp_WideCharToMultiByte  000000018000f128     kernel32:KERNEL32.dll
 0002:00000130       __imp_HeapFree             000000018000f130     kernel32:KERNEL32.dll
 0002:00000138       __imp_HeapAlloc            000000018000f138     kernel32:KERNEL32.dll
 0002:00000140       __imp_FindClose            000000018000f140     kernel32:KERNEL32.dll
 0002:00000148       __imp_FindFirstFileExA     000000018000f148     kernel32:KERNEL32.dll
 0002:00000150       __imp_FindNextFileA        000000018000f150     kernel32:KERNEL32.dll
 0002:00000158       __imp_IsValidCodePage      000000018000f158     kernel32:KERNEL32.dll
 0002:00000160       __imp_GetACP               000000018000f160     kernel32:KERNEL32.dll
 0002:00000168       __imp_GetOEMCP             000000018000f168     kernel32:KERNEL32.dll
 0002:00000170       __imp_GetCPInfo            000000018000f170     kernel32:KERNEL32.dll
 0002:00000178       __imp_GetCommandLineA      000000018000f178     kernel32:KERNEL32.dll
 0002:00000180       __imp_GetCommandLineW      000000018000f180     kernel32:KERNEL32.dll
 0002:00000188       __imp_GetEnvironmentStringsW 000000018000f188     kernel32:KERNEL32.dll
 0002:00000190       __imp_FreeEnvironmentStringsW 000000018000f190     kernel32:KERNEL32.dll
 0002:00000198       __imp_LCMapStringW         000000018000f198     kernel32:KERNEL32.dll
 0002:000001a0       __imp_GetProcessHeap       000000018000f1a0     kernel32:KERNEL32.dll
 0002:000001a8       __imp_GetStdHandle         000000018000f1a8     kernel32:KERNEL32.dll
 0002:000001b0       __imp_GetFileType          000000018000f1b0     kernel32:KERNEL32.dll
 0002:000001b8       __imp_GetStringTypeW       000000018000f1b8     kernel32:KERNEL32.dll
 0002:000001c0       __imp_HeapSize             000000018000f1c0     kernel32:KERNEL32.dll
 0002:000001c8       __imp_HeapReAlloc          000000018000f1c8     kernel32:KERNEL32.dll
 0002:000001d0       __imp_SetStdHandle         000000018000f1d0     kernel32:KERNEL32.dll
 0002:000001d8       __imp_FlushFileBuffers     000000018000f1d8     kernel32:KERNEL32.dll
 0002:000001e0       __imp_WriteFile            000000018000f1e0     kernel32:KERNEL32.dll
 0002:000001e8       __imp_GetConsoleCP         000000018000f1e8     kernel32:KERNEL32.dll
 0002:000001f0       __imp_GetConsoleMode       000000018000f1f0     kernel32:KERNEL32.dll
 0002:000001f8       __imp_SetFilePointerEx     000000018000f1f8     kernel32:KERNEL32.dll
 0002:00000200       __imp_CreateFileW          000000018000f200     kernel32:KERNEL32.dll
 0002:00000208       __imp_CloseHandle          000000018000f208     kernel32:KERNEL32.dll
 0002:00000210       \177KERNEL32_NULL_THUNK_DATA 000000018000f210     kernel32:KERNEL32.dll
 0002:00000218       __guard_check_icall_fptr   000000018000f218     LIBCMT:guard_support.obj
 0002:00000220       __guard_xfg_check_icall_fptr 000000018000f220     LIBCMT:guard_support.obj
 0002:00000228       __guard_dispatch_icall_fptr 000000018000f228     LIBCMT:guard_support.obj
 0002:00000230       __guard_xfg_dispatch_icall_fptr 000000018000f230     LIBCMT:guard_support.obj
 0002:00000238       __guard_xfg_table_dispatch_icall_fptr 000000018000f238     LIBCMT:guard_support.obj
 0002:00000240       __xc_a                     000000018000f240     LIBCMT:initializers.obj
 0002:00000248       __xc_z                     000000018000f248     LIBCMT:initializers.obj
 0002:00000250       __xi_a                     000000018000f250     LIBCMT:initializers.obj
 0002:00000258       __acrt_tran_fma3_initializer 000000018000f258     libucrt:fma3_initializer.obj
 0002:00000260       __acrt_multibyte_initializer 000000018000f260     libucrt:multibyte_initializer.obj
 0002:00000268       __acrt_stdio_initializer   000000018000f268     libucrt:stdio_initializer.obj
 0002:00000270       __xi_z                     000000018000f270     LIBCMT:initializers.obj
 0002:00000278       __xp_a                     000000018000f278     LIBCMT:initializers.obj
 0002:00000280       __acrt_locale_terminator   000000018000f280     libucrt:locale_initializer.obj
 0002:00000288       __dcrt_console_output_terminator 000000018000f288     libucrt:console_output_initializer.obj
 0002:00000290       __acrt_stdio_terminator    000000018000f290     libucrt:stdio_initializer.obj
 0002:00000298       __xp_z                     000000018000f298     LIBCMT:initializers.obj
 0002:000002a0       __xt_a                     000000018000f2a0     LIBCMT:initializers.obj
 0002:000002a8       __xt_z                     000000018000f2a8     LIBCMT:initializers.obj
 0002:0000034c       __real@3c16de89            000000018000f34c     obxd_vcf.o
 0002:00000350       __real@3c29b9a2            000000018000f350     obxd_vcf.o
 0002:00000354       __real@3c3a2e8c            000000018000f354     obxd_vcf.o
 0002:00000358       __real@3cb498ab            000000018000f358     obxd_vcf.o
 0002:0000035c       __real@3d4ccccd            000000018000f35c     obxd_vcf.o
 0002:00000360       __real@3db367a1            000000018000f360     obxd_vcf.o
 0002:00000364       __real@3e3d70a4            000000018000f364     obxd_vcf.o
 0002:00000368       __real@3ee66666            000000018000f368     obxd_vcf.o
 0002:0000036c       __real@3f000000            000000018000f36c     obxd_vcf.o
 0002:00000370       __real@3f800000            000000018000f370     obxd_vcf.o
 0002:00000374       __real@3f847ae1            000000018000f374     obxd_vcf.o
 0002:00000378       __real@40000000            000000018000f378     obxd_vcf.o
 0002:00000380       __real@400921fb54442d18    000000018000f380     obxd_vcf.o
 0002:00000388       __real@40400000            000000018000f388     obxd_vcf.o
 0002:0000038c       __real@40490fdb            000000018000f38c     obxd_vcf.o
 0002:00000390       __real@40600000            000000018000f390     obxd_vcf.o
 0002:00000394       __real@40e00000            000000018000f394     obxd_vcf.o
 0002:00000398       __real@41200000            000000018000f398     obxd_vcf.o
 0002:0000039c       __real@41400000            000000018000f39c     obxd_vcf.o
 0002:000003a0       __real@41700000            000000018000f3a0     obxd_vcf.o
 0002:000003a4       __real@42f00000            000000018000f3a4     obxd_vcf.o
 0002:000003a8       __real@42fe0000            000000018000f3a8     obxd_vcf.o
 0002:000003ac       __real@448b2aab            000000018000f3ac     obxd_vcf.o
 0002:000003b0       __real@472be000            000000018000f3b0     obxd_vcf.o
 0002:000003b8       _pDefaultRawDllMain        000000018000f3b8     LIBCMT:dll_dllmain.obj
 0002:000003b8       _pRawDllMain               000000018000f3b8     LIBCMT:dll_dllmain.obj
 0002:000003c0       __xmm@ffffffffffffffffffffffffffffffff 000000018000f3c0     LIBCMT:utility.obj
 0002:000003d0       _pDestructExceptionObject  000000018000f3d0     libvcruntime:ehhelpers.obj
 0002:00000ae0       ??_C@_08EHJDFFNH@__based?$CI@ 000000018000fae0     libvcruntime:undname.obj
 0002:00000af0       ??_C@_07KOLFKCDI@__cdecl@  000000018000faf0     libvcruntime:undname.obj
 0002:00000af8       ??_C@_08GHMPAG@__pascal@   000000018000faf8     libvcruntime:undname.obj
 0002:00000b08       ??_C@_09IFJBGAPI@__stdcall@ 000000018000fb08     libvcruntime:undname.obj
 0002:00000b18       ??_C@_0L@NPHFGOKO@__thiscall@ 000000018000fb18     libvcruntime:undname.obj
 0002:00000b28       ??_C@_0L@JMKHOMEK@__fastcall@ 000000018000fb28     libvcruntime:undname.obj
 0002:00000b38       ??_C@_0N@BCKKPABJ@__vectorcall@ 000000018000fb38     libvcruntime:undname.obj
 0002:00000b48       ??_C@_09HIJEGCPM@__clrcall@ 000000018000fb48     libvcruntime:undname.obj
 0002:00000b54       ??_C@_06GHPCKEAG@__eabi@   000000018000fb54     libvcruntime:undname.obj
 0002:00000b60       ??_C@_09IOPIDJLG@__swift_1@ 000000018000fb60     libvcruntime:undname.obj
 0002:00000b70       ??_C@_09KFNFGKHF@__swift_2@ 000000018000fb70     libvcruntime:undname.obj
 0002:00000b80       ??_C@_07JOMMBBKO@__ptr64@  000000018000fb80     libvcruntime:undname.obj
 0002:00000b88       ??_C@_0L@PILCLIHE@__restrict@ 000000018000fb88     libvcruntime:undname.obj
 0002:00000b98       ??_C@_0M@GFIIJFMG@__unaligned@ 000000018000fb98     libvcruntime:undname.obj
 0002:00000ba8       ??_C@_09DHDLOLLB@restrict?$CI@ 000000018000fba8     libvcruntime:undname.obj
 0002:00000bb2       ??_C@_00CNPNBAHC@@         000000018000fbb2     libvcruntime:undname.obj
 0002:00000bb4       ??_C@_04NIHEBCM@?5new@     000000018000fbb4     libvcruntime:undname.obj
 0002:00000bc0       ??_C@_07FPCDHGMM@?5delete@ 000000018000fbc0     libvcruntime:undname.obj
 0002:00000bc8       ??_C@_01NEMOKFLO@?$DN@     000000018000fbc8     libvcruntime:undname.obj
 0002:00000bcc       ??_C@_02GPIOPFAK@?$DO?$DO@ 000000018000fbcc     libvcruntime:undname.obj
 0002:00000bd0       ??_C@_02FODMEDOG@?$DM?$DM@ 000000018000fbd0     libvcruntime:undname.obj
 0002:00000bd4       ??_C@_01DCLJPIOD@?$CB@     000000018000fbd4     libvcruntime:undname.obj
 0002:00000bd8       ??_C@_02EGOFBIJA@?$DN?$DN@ 000000018000fbd8     libvcruntime:undname.obj
 0002:00000bdc       ??_C@_02FDNJECIE@?$CB?$DN@ 000000018000fbdc     libvcruntime:undname.obj
 0002:00000be0       ??_C@_02GPECMEKF@?$FL?$FN@ 000000018000fbe0     libvcruntime:undname.obj
 0002:00000be8       ??_C@_08LHJFAFGD@operator@ 000000018000fbe8     libvcruntime:undname.obj
 0002:00000bf4       ??_C@_02HBOOOICD@?9?$DO@   000000018000fbf4     libvcruntime:undname.obj
 0002:00000bf8       ??_C@_01NBENCBCI@?$CK@     000000018000fbf8     libvcruntime:undname.obj
 0002:00000bfc       ??_C@_02ECNGHCIF@?$CL?$CL@ 000000018000fbfc     libvcruntime:undname.obj
 0002:00000c00       ??_C@_02BAABKJLB@?9?9@     000000018000fc00     libvcruntime:undname.obj
 0002:00000c04       ??_C@_01JOAMLHOP@?9@       000000018000fc04     libvcruntime:undname.obj
 0002:00000c08       ??_C@_01MIFGBAGJ@?$CL@     000000018000fc08     libvcruntime:undname.obj
 0002:00000c0c       ??_C@_01HNPIGOCE@?$CG@     000000018000fc0c     libvcruntime:undname.obj
 0002:00000c10       ??_C@_03MNHNFDLC@?9?$DO?$CK@ 000000018000fc10     libvcruntime:undname.obj
 0002:00000c14       ??_C@_01KMDKNFGN@?1@       000000018000fc14     libvcruntime:undname.obj
 0002:00000c18       ??_C@_01FGNFDNOH@?$CF@     000000018000fc18     libvcruntime:undname.obj
 0002:00000c1c       ??_C@_01MNNFJEPP@?$DM@     000000018000fc1c     libvcruntime:undname.obj
 0002:00000c20       ??_C@_02EHCHHCKH@?$DM?$DN@ 000000018000fc20     libvcruntime:undname.obj
 0002:00000c24       ??_C@_01PPODPGHN@?$DO@     000000018000fc24     libvcruntime:undname.obj
 0002:00000c28       ??_C@_02EEKDKGMJ@?$DO?$DN@ 000000018000fc28     libvcruntime:undname.obj
 0002:00000c2c       ??_C@_01IHBHIGKO@?0@       000000018000fc2c     libvcruntime:undname.obj
 0002:00000c30       ??_C@_02HCKGKOFO@?$CI?$CJ@ 000000018000fc30     libvcruntime:undname.obj
 0002:00000c34       ??_C@_01PJKLJHI@?$HO@      000000018000fc34     libvcruntime:undname.obj
 0002:00000c38       ??_C@_01JKBOJNNK@?$FO@     000000018000fc38     libvcruntime:undname.obj
 0002:00000c3c       ??_C@_01DNKMNLPK@?$HM@     000000018000fc3c     libvcruntime:undname.obj
 0002:00000c40       ??_C@_02PPKAJPJL@?$CG?$CG@ 000000018000fc40     libvcruntime:undname.obj
 0002:00000c44       ??_C@_02NONPIBCD@?$HM?$HM@ 000000018000fc44     libvcruntime:undname.obj
 0002:00000c48       ??_C@_02FPIMKNGF@?$CK?$DN@ 000000018000fc48     libvcruntime:undname.obj
 0002:00000c4c       ??_C@_02FOEOMHFC@?$CL?$DN@ 000000018000fc4c     libvcruntime:undname.obj
 0002:00000c50       ??_C@_02FKMDLLOA@?9?$DN@   000000018000fc50     libvcruntime:undname.obj
 0002:00000c54       ??_C@_02FJEHGPIO@?1?$DN@   000000018000fc54     libvcruntime:undname.obj
 0002:00000c58       ??_C@_02FENAOKFI@?$CF?$DN@ 000000018000fc58     libvcruntime:undname.obj
 0002:00000c5c       ??_C@_03IKFCCPFF@?$DO?$DO?$DN@ 000000018000fc5c     libvcruntime:undname.obj
 0002:00000c60       ??_C@_03CDNPDDLA@?$DM?$DM?$DN@ 000000018000fc60     libvcruntime:undname.obj
 0002:00000c64       ??_C@_02FGJGFEAB@?$CG?$DN@ 000000018000fc64     libvcruntime:undname.obj
 0002:00000c68       ??_C@_02DHLNPPGH@?$HM?$DN@ 000000018000fc68     libvcruntime:undname.obj
 0002:00000c6c       ??_C@_02MHEGNOJ@?$FO?$DN@  000000018000fc6c     libvcruntime:undname.obj
 0002:00000c70       ??_C@_09IFPLHPGF@?$GAvftable?8@ 000000018000fc70     libvcruntime:undname.obj
 0002:00000c80       ??_C@_09BLBHBJP@?$GAvbtable?8@ 000000018000fc80     libvcruntime:undname.obj
 0002:00000c90       ??_C@_07FEEIOKP@?$GAvcall?8@ 000000018000fc90     libvcruntime:undname.obj
 0002:00000c98       ??_C@_08LLFFHHDJ@?$GAtypeof?8@ 000000018000fc98     libvcruntime:undname.obj
 0002:00000ca8       ??_C@_0BF@KDPPACIK@?$GAlocal?5static?5guard?8@ 000000018000fca8     libvcruntime:undname.obj
 0002:00000cc0       ??_C@_08OBABFOLI@?$GAstring?8@ 000000018000fcc0     libvcruntime:undname.obj
 0002:00000cd0       ??_C@_0BD@JDLKDPAB@?$GAvbase?5destructor?8@ 000000018000fcd0     libvcruntime:undname.obj
 0002:00000ce8       ??_C@_0BN@DEGPLNFK@?$GAvector?5deleting?5destructor?8@ 000000018000fce8     libvcruntime:undname.obj
 0002:00000d08       ??_C@_0BO@OBMKPJIG@?$GAdefault?5constructor?5closure?8@ 000000018000fd08     libvcruntime:undname.obj
 0002:00000d28       ??_C@_0BN@IMDCHIKM@?$GAscalar?5deleting?5destructor?8@ 000000018000fd28     libvcruntime:undname.obj
 0002:00000d48       ??_C@_0BO@PFGOCPJJ@?$GAvector?5constructor?5iterator?8@ 000000018000fd48     libvcruntime:undname.obj
 0002:00000d68       ??_C@_0BN@LFPFMEDL@?$GAvector?5destructor?5iterator?8@ 000000018000fd68     libvcruntime:undname.obj
 0002:00000d88       ??_C@_0CE@IKBNEHA@?$GAvector?5vbase?5constructor?5itera@ 000000018000fd88     libvcruntime:undname.obj
 0002:00000db0       ??_C@_0BL@NILFHHPC@?$GAvirtual?5displacement?5map?8@ 000000018000fdb0     libvcruntime:undname.obj
 0002:00000dd0       ??_C@_0CB@JONCMFFK@?$GAeh?5vector?5constructor?5iterator@ 000000018000fdd0     libvcruntime:undname.obj
 0002:00000df8       ??_C@_0CA@GCEOPDGL@?$GAeh?5vector?5destructor?5iterator?8@ 000000018000fdf8     libvcruntime:undname.obj
 0002:00000e18       ??_C@_0CH@OOJPLCPH@?$GAeh?5vector?5vbase?5constructor?5it@ 000000018000fe18     libvcruntime:undname.obj
 0002:00000e40       ??_C@_0BL@LLKPOHJI@?$GAcopy?5constructor?5closure?8@ 000000018000fe40     libvcruntime:undname.obj
 0002:00000e60       ??_C@_0BA@KBCDOMBN@?$GAudt?5returning?8@ 000000018000fe60     libvcruntime:undname.obj
 0002:00000e70       ??_C@_03KLGMFNMG@?$GAEH@   000000018000fe70     libvcruntime:undname.obj
 0002:00000e74       ??_C@_05KHLCHHI@?$GARTTI@  000000018000fe74     libvcruntime:undname.obj
 0002:00000e80       ??_C@_0BA@KKLDJDLB@?$GAlocal?5vftable?8@ 000000018000fe80     libvcruntime:undname.obj
 0002:00000e90       ??_C@_0CE@IIHCMGGL@?$GAlocal?5vftable?5constructor?5clos@ 000000018000fe90     libvcruntime:undname.obj
 0002:00000eb4       ??_C@_06FHBGPFGH@?5new?$FL?$FN@ 000000018000feb4     libvcruntime:undname.obj
 0002:00000ec0       ??_C@_09LBNFPBCA@?5delete?$FL?$FN@ 000000018000fec0     libvcruntime:undname.obj
 0002:00000ed0       ??_C@_0P@HJKNJFNN@?$GAomni?5callsig?8@ 000000018000fed0     libvcruntime:undname.obj
 0002:00000ee0       ??_C@_0BL@CNOONJFP@?$GAplacement?5delete?5closure?8@ 000000018000fee0     libvcruntime:undname.obj
 0002:00000f00       ??_C@_0BN@CKNJLHMB@?$GAplacement?5delete?$FL?$FN?5closure?8@ 000000018000ff00     libvcruntime:undname.obj
 0002:00000f20       ??_C@_0CG@CFDHKGGD@?$GAmanaged?5vector?5constructor?5ite@ 000000018000ff20     libvcruntime:undname.obj
 0002:00000f48       ??_C@_0CF@IMGKMJNO@?$GAmanaged?5vector?5destructor?5iter@ 000000018000ff48     libvcruntime:undname.obj
 0002:00000f70       ??_C@_0CG@HLDDJMAG@?$GAeh?5vector?5copy?5constructor?5ite@ 000000018000ff70     libvcruntime:undname.obj
 0002:00000f98       ??_C@_0CM@FCBBDIGB@?$GAeh?5vector?5vbase?5copy?5construct@ 000000018000ff98     libvcruntime:undname.obj
 0002:00000fc8       ??_C@_0BL@CLIPGLGB@?$GAdynamic?5initializer?5for?5?8@ 000000018000ffc8     libvcruntime:undname.obj
 0002:00000fe8       ??_C@_0CB@PDBIFEP@?$GAdynamic?5atexit?5destructor?5for?5@ 000000018000ffe8     libvcruntime:undname.obj
 0002:00001010       ??_C@_0CD@CGAJBKEJ@?$GAvector?5copy?5constructor?5iterat@ 0000000180010010     libvcruntime:undname.obj
 0002:00001038       ??_C@_0CJ@GJELGAMM@?$GAvector?5vbase?5copy?5constructor?5@ 0000000180010038     libvcruntime:undname.obj
 0002:00001068       ??_C@_0CL@FGIJHLCE@?$GAmanaged?5vector?5copy?5constructo@ 0000000180010068     libvcruntime:undname.obj
 0002:00001098       ??_C@_0BM@PMGGMLDN@?$GAlocal?5static?5thread?5guard?8@ 0000000180010098     libvcruntime:undname.obj
 0002:000010b8       ??_C@_0N@BDNMDMOL@operator?5?$CC?$CC?5@ 00000001800100b8     libvcruntime:undname.obj
 0002:000010c8       ??_C@_0BC@GGEBGALA@operator?5co_await@ 00000001800100c8     libvcruntime:undname.obj
 0002:000010e0       ??_C@_0M@GAAIMMOH@operator?$DM?$DN?$DO@ 00000001800100e0     libvcruntime:undname.obj
 0002:000010f0       ??_C@_0BC@DAFEJGAK@?5Type?5Descriptor?8@ 00000001800100f0     libvcruntime:undname.obj
 0002:00001108       ??_C@_0BM@LDKODKLH@?5Base?5Class?5Descriptor?5at?5?$CI@ 0000000180010108     libvcruntime:undname.obj
 0002:00001128       ??_C@_0BD@LGICGFMM@?5Base?5Class?5Array?8@ 0000000180010128     libvcruntime:undname.obj
 0002:00001140       ??_C@_0BN@MECKDCOJ@?5Class?5Hierarchy?5Descriptor?8@ 0000000180010140     libvcruntime:undname.obj
 0002:00001160       ??_C@_0BK@CFCOFLF@?5Complete?5Object?5Locator?8@ 0000000180010160     libvcruntime:undname.obj
 0002:00001180       ??_C@_0BG@JNJLAMPM@?$GAanonymous?5namespace?8@ 0000000180010180     libvcruntime:undname.obj
 0002:000011b0       ??_C@_1DM@KHCHBNEB@?$AAa?$AAp?$AAi?$AA?9?$AAm?$AAs?$AA?9?$AAw?$AAi?$AAn?$AA?9?$AAc?$AAo?$AAr?$AAe@ 00000001800101b0     libvcruntime:winapi_downlevel.obj
 0002:000011f0       ??_C@_1DK@LPPGFMPP@?$AAa?$AAp?$AAi?$AA?9?$AAm?$AAs?$AA?9?$AAw?$AAi?$AAn?$AA?9?$AAc?$AAo?$AAr?$AAe@ 00000001800101f0     libvcruntime:winapi_downlevel.obj
 0002:00001230       ??_C@_1BC@GDMECMAK@?$AAk?$AAe?$AAr?$AAn?$AAe?$AAl?$AA3?$AA2@ 0000000180010230     libvcruntime:winapi_downlevel.obj
 0002:00001248       ??_C@_1BA@PFFKHIOG@?$AAa?$AAp?$AAi?$AA?9?$AAm?$AAs?$AA?9@ 0000000180010248     libvcruntime:winapi_downlevel.obj
 0002:00001260       ??_C@_08KNHFBNJ@FlsAlloc@  0000000180010260     libvcruntime:winapi_downlevel.obj
 0002:00001278       ??_C@_07PEJMOBNF@FlsFree@  0000000180010278     libvcruntime:winapi_downlevel.obj
 0002:00001288       ??_C@_0M@GDNOONDI@FlsGetValue@ 0000000180010288     libvcruntime:winapi_downlevel.obj
 0002:000012a0       ??_C@_0M@JCPCPOEF@FlsSetValue@ 00000001800102a0     libvcruntime:winapi_downlevel.obj
 0002:000012b8       ??_C@_0BM@HCFOFFN@InitializeCriticalSectionEx@ 00000001800102b8     libvcruntime:winapi_downlevel.obj
 0002:000012d8       __real@3f73476a758da22a    00000001800102d8     libucrt:atanf.obj
 0002:000012e0       __real@3fc89e173a81ee7f    00000001800102e0     libucrt:atanf.obj
 0002:000012e8       __real@3fc90fdb            00000001800102e8     libucrt:atanf.obj
 0002:000012f0       __real@3fd2fa5316907834    00000001800102f0     libucrt:atanf.obj
 0002:000012f8       __real@3fd327e3df2cf2aa    00000001800102f8     libucrt:atanf.obj
 0002:00001300       __real@3fddac670561bb4f    0000000180010300     libucrt:atanf.obj
 0002:00001308       __real@3fe921fb54442d18    0000000180010308     libucrt:atanf.obj
 0002:00001310       __real@3fec777ca21053f0    0000000180010310     libucrt:atanf.obj
 0002:00001318       __real@3fef730bd281f69b    0000000180010318     libucrt:atanf.obj
 0002:00001320       __real@3ff0000000000000    0000000180010320     libucrt:atanf.obj
 0002:00001328       __real@3ff1c58793da6ea4    0000000180010328     libucrt:atanf.obj
 0002:00001330       __real@3ff8000000000000    0000000180010330     libucrt:atanf.obj
 0002:00001338       __real@3ff921fb54442d18    0000000180010338     libucrt:atanf.obj
 0002:00001340       __real@4000000000000000    0000000180010340     libucrt:atanf.obj
 0002:00001348       __real@43d3200000000000    0000000180010348     libucrt:atanf.obj
 0002:00001350       __real@bfc90fdb            0000000180010350     libucrt:atanf.obj
 0002:00001358       __real@bff0000000000000    0000000180010358     libucrt:atanf.obj
 0002:00001360       __xmm@80000000000000008000000000000000 0000000180010360     libucrt:atanf.obj
 0002:00001c68       ??_C@_05KGFAIMPG@sqrtf?$AA@ 0000000180010c68     libucrt:sqrtf.obj
 0002:00001ef0       __acrt_exception_action_table 0000000180010ef0     libucrt:exception_filter.obj
 0002:00001fb0       __acrt_signal_action_table_count 0000000180010fb0     libucrt:exception_filter.obj
 0002:00001fb8       __acrt_signal_action_first_fpe_index 0000000180010fb8     libucrt:exception_filter.obj
 0002:00001fc0       __acrt_signal_action_fpe_count 0000000180010fc0     libucrt:exception_filter.obj
 0002:00001fc8       ??_C@_1BI@BGOHAHKC@?$AAm?$AAs?$AAc?$AAo?$AAr?$AAe?$AAe?$AA?4?$AAd?$AAl?$AAl?$AA?$AA@ 0000000180010fc8     libucrt:exit.obj
 0002:00001fe0       ??_C@_0P@MIGLKIOC@CorExitProcess?$AA@ 0000000180010fe0     libucrt:exit.obj
 0002:000020f0       __two_to_jby64_table       00000001800110f0     libucrt:two_to_jby64_table.obj
 0002:000022f0       __log_F_inv_qword          00000001800112f0     libucrt:log_f_inv_qword_table.obj
 0002:00002b00       ??_C@_04MBFDLNIM@powf?$AA@ 0000000180011b00     libucrt:pow_special.obj
 0002:00002b08       ??_C@_03IIINPABG@tan?$AA@  0000000180011b08     libucrt:sincos_special.obj
 0002:00002b0c       ??_C@_04MHPLPEIA@tanf?$AA@ 0000000180011b0c     libucrt:sincos_special.obj
 0002:00002e40       __L_2_by_pi_bits           0000000180011e40     libucrt:l2_by_pi_bits.obj
 0002:00003060       ??_C@_1M@HPNHIDJI@?$AAj?$AAa?$AA?9?$AAJ?$AAP?$AA?$AA@ 0000000180012060     libucrt:mbctype.obj
 0002:00003070       ??_C@_1M@BIBDDEMK@?$AAz?$AAh?$AA?9?$AAC?$AAN?$AA?$AA@ 0000000180012070     libucrt:mbctype.obj
 0002:00003080       ??_C@_1M@JLOOOEGK@?$AAk?$AAo?$AA?9?$AAK?$AAR?$AA?$AA@ 0000000180012080     libucrt:mbctype.obj
 0002:00003090       ??_C@_1M@CLNBBOPM@?$AAz?$AAh?$AA?9?$AAT?$AAW?$AA?$AA@ 0000000180012090     libucrt:mbctype.obj
 0002:00003140       ??_C@_1EA@JGEFHKEI@?$AAa?$AAp?$AAi?$AA?9?$AAm?$AAs?$AA?9?$AAw?$AAi?$AAn?$AA?9?$AAc?$AAo?$AAr?$AAe?$AA?9?$AAd?$AAa?$AAt?$AAe?$AAt?$AAi?$AAm?$AAe?$AA?9?$AAl?$AA1?$AA?9?$AA1?$AA?9?$AA1?$AA?$AA@ 0000000180012140     libucrt:winapi_thunks.obj
 0002:00003180       ??_C@_1DM@KHCHBNEB@?$AAa?$AAp?$AAi?$AA?9?$AAm?$AAs?$AA?9?$AAw?$AAi?$AAn?$AA?9?$AAc?$AAo?$AAr?$AAe?$AA?9?$AAf?$AAi?$AAb?$AAe?$AAr?$AAs?$AA?9?$AAl?$AA1?$AA?9?$AA1?$AA?9?$AA1?$AA?$AA@ 0000000180012180     libucrt:winapi_thunks.obj
 0002:000031c0       ??_C@_1DI@IJCEHOCB@?$AAa?$AAp?$AAi?$AA?9?$AAm?$AAs?$AA?9?$AAw?$AAi?$AAn?$AA?9?$AAc?$AAo?$AAr?$AAe?$AA?9?$AAf?$AAi?$AAl?$AAe?$AA?9?$AAl?$AA1?$AA?9?$AA2?$AA?9?$AA2?$AA?$AA@ 00000001800121c0     libucrt:winapi_thunks.obj
 0002:00003200       ??_C@_1EI@MPIAOHOC@?$AAa?$AAp?$AAi?$AA?9?$AAm?$AAs?$AA?9?$AAw?$AAi?$AAn?$AA?9?$AAc?$AAo?$AAr?$AAe?$AA?9?$AAl?$AAo?$AAc?$AAa?$AAl?$AAi?$AAz?$AAa?$AAt?$AAi?$AAo?$AAn?$AA?9?$AAl?$AA1?$AA?9@ 0000000180012200     libucrt:winapi_thunks.obj
 0002:00003250       ??_C@_1FK@FPHCKFIE@?$AAa?$AAp?$AAi?$AA?9?$AAm?$AAs?$AA?9?$AAw?$AAi?$AAn?$AA?9?$AAc?$AAo?$AAr?$AAe?$AA?9?$AAl?$AAo?$AAc?$AAa?$AAl?$AAi?$AAz?$AAa?$AAt?$AAi?$AAo?$AAn?$AA?9?$AAo?$AAb?$AAs@ 0000000180012250     libucrt:winapi_thunks.obj
 0002:000032b0       ??_C@_1EM@DILCGIIO@?$AAa?$AAp?$AAi?$AA?9?$AAm?$AAs?$AA?9?$AAw?$AAi?$AAn?$AA?9?$AAc?$AAo?$AAr?$AAe?$AA?9?$AAp?$AAr?$AAo?$AAc?$AAe?$AAs?$AAs?$AAt?$AAh?$AAr?$AAe?$AAa?$AAd?$AAs?$AA?9?$AAl@ 00000001800122b0     libucrt:winapi_thunks.obj
 0002:00003300       ??_C@_1DM@LNCGDDPN@?$AAa?$AAp?$AAi?$AA?9?$AAm?$AAs?$AA?9?$AAw?$AAi?$AAn?$AA?9?$AAc?$AAo?$AAr?$AAe?$AA?9?$AAs?$AAt?$AAr?$AAi?$AAn?$AAg?$AA?9?$AAl?$AA1?$AA?9?$AA1?$AA?9?$AA0?$AA?$AA@ 0000000180012300     libucrt:winapi_thunks.obj
 0002:00003340       ??_C@_1DK@LPPGFMPP@?$AAa?$AAp?$AAi?$AA?9?$AAm?$AAs?$AA?9?$AAw?$AAi?$AAn?$AA?9?$AAc?$AAo?$AAr?$AAe?$AA?9?$AAs?$AAy?$AAn?$AAc?$AAh?$AA?9?$AAl?$AA1?$AA?9?$AA2?$AA?9?$AA0?$AA?$AA@ 0000000180012340     libucrt:winapi_thunks.obj
 0002:00003380       ??_C@_1DO@FPAPJEMD@?$AAa?$AAp?$AAi?$AA?9?$AAm?$AAs?$AA?9?$AAw?$AAi?$AAn?$AA?9?$AAc?$AAo?$AAr?$AAe?$AA?9?$AAs?$AAy?$AAs?$AAi?$AAn?$AAf?$AAo?$AA?9?$AAl?$AA1?$AA?9?$AA2?$AA?9?$AA1?$AA?$AA@ 0000000180012380     libucrt:winapi_thunks.obj
 0002:000033c0       ??_C@_1DK@NDHNAHIO@?$AAa?$AAp?$AAi?$AA?9?$AAm?$AAs?$AA?9?$AAw?$AAi?$AAn?$AA?9?$AAc?$AAo?$AAr?$AAe?$AA?9?$AAw?$AAi?$AAn?$AAr?$AAt?$AA?9?$AAl?$AA1?$AA?9?$AA1?$AA?9?$AA0?$AA?$AA@ 00000001800123c0     libucrt:winapi_thunks.obj
 0002:00003400       ??_C@_1DM@KGHDGBCM@?$AAa?$AAp?$AAi?$AA?9?$AAm?$AAs?$AA?9?$AAw?$AAi?$AAn?$AA?9?$AAc?$AAo?$AAr?$AAe?$AA?9?$AAx?$AAs?$AAt?$AAa?$AAt?$AAe?$AA?9?$AAl?$AA2?$AA?9?$AA1?$AA?9?$AA0?$AA?$AA@ 0000000180012400     libucrt:winapi_thunks.obj
 0002:00003440       ??_C@_1EO@IJIOEFOH@?$AAa?$AAp?$AAi?$AA?9?$AAm?$AAs?$AA?9?$AAw?$AAi?$AAn?$AA?9?$AAr?$AAt?$AAc?$AAo?$AAr?$AAe?$AA?9?$AAn?$AAt?$AAu?$AAs?$AAe?$AAr?$AA?9?$AAw?$AAi?$AAn?$AAd?$AAo?$AAw?$AA?9@ 0000000180012440     libucrt:winapi_thunks.obj
 0002:00003490       ??_C@_1FG@HHGEKANL@?$AAa?$AAp?$AAi?$AA?9?$AAm?$AAs?$AA?9?$AAw?$AAi?$AAn?$AA?9?$AAs?$AAe?$AAc?$AAu?$AAr?$AAi?$AAt?$AAy?$AA?9?$AAs?$AAy?$AAs?$AAt?$AAe?$AAm?$AAf?$AAu?$AAn?$AAc?$AAt?$AAi@ 0000000180012490     libucrt:winapi_thunks.obj
 0002:000034f0       ??_C@_1EG@DBIOJECG@?$AAe?$AAx?$AAt?$AA?9?$AAm?$AAs?$AA?9?$AAw?$AAi?$AAn?$AA?9?$AAn?$AAt?$AAu?$AAs?$AAe?$AAr?$AA?9?$AAd?$AAi?$AAa?$AAl?$AAo?$AAg?$AAb?$AAo?$AAx?$AA?9?$AAl?$AA1?$AA?9?$AA1@ 00000001800124f0     libucrt:winapi_thunks.obj
 0002:00003540       ??_C@_1EO@FIHMJCLF@?$AAe?$AAx?$AAt?$AA?9?$AAm?$AAs?$AA?9?$AAw?$AAi?$AAn?$AA?9?$AAn?$AAt?$AAu?$AAs?$AAe?$AAr?$AA?9?$AAw?$AAi?$AAn?$AAd?$AAo?$AAw?$AAs?$AAt?$AAa?$AAt?$AAi?$AAo?$AAn?$AA?9@ 0000000180012540     libucrt:winapi_thunks.obj
 0002:00003590       ??_C@_1BC@DNHGCMLG@?$AAa?$AAd?$AAv?$AAa?$AAp?$AAi?$AA3?$AA2?$AA?$AA@ 0000000180012590     libucrt:winapi_thunks.obj
 0002:000035a8       ??_C@_1BC@GDMECMAK@?$AAk?$AAe?$AAr?$AAn?$AAe?$AAl?$AA3?$AA2?$AA?$AA@ 00000001800125a8     libucrt:winapi_thunks.obj
 0002:000035c0       ??_C@_1M@OAIMIKLP@?$AAn?$AAt?$AAd?$AAl?$AAl?$AA?$AA@ 00000001800125c0     libucrt:winapi_thunks.obj
 0002:000035d0       ??_C@_1EG@DPGNFKGC@?$AAa?$AAp?$AAi?$AA?9?$AAm?$AAs?$AA?9?$AAw?$AAi?$AAn?$AA?9?$AAa?$AAp?$AAp?$AAm?$AAo?$AAd?$AAe?$AAl?$AA?9?$AAr?$AAu?$AAn?$AAt?$AAi?$AAm?$AAe?$AA?9?$AAl?$AA1?$AA?9?$AA1@ 00000001800125d0     libucrt:winapi_thunks.obj
 0002:00003618       ??_C@_1O@BCCLBEOE@?$AAu?$AAs?$AAe?$AAr?$AA3?$AA2?$AA?$AA@ 0000000180012618     libucrt:winapi_thunks.obj
 0002:00003628       ??_C@_1BA@PFFKHIOG@?$AAa?$AAp?$AAi?$AA?9?$AAm?$AAs?$AA?9?$AA?$AA@ 0000000180012628     libucrt:winapi_thunks.obj
 0002:00003638       ??_C@_1BA@IAIFMGEF@?$AAe?$AAx?$AAt?$AA?9?$AAm?$AAs?$AA?9?$AA?$AA@ 0000000180012638     libucrt:winapi_thunks.obj
 0002:00003650       ??_C@_08KNHFBNJ@FlsAlloc?$AA@ 0000000180012650     libucrt:winapi_thunks.obj
 0002:00003668       ??_C@_07PEJMOBNF@FlsFree?$AA@ 0000000180012668     libucrt:winapi_thunks.obj
 0002:00003678       ??_C@_0M@GDNOONDI@FlsGetValue?$AA@ 0000000180012678     libucrt:winapi_thunks.obj
 0002:00003690       ??_C@_0M@JCPCPOEF@FlsSetValue?$AA@ 0000000180012690     libucrt:winapi_thunks.obj
 0002:000036a8       ??_C@_0BM@HCFOFFN@InitializeCriticalSectionEx?$AA@ 00000001800126a8     libucrt:winapi_thunks.obj
 0002:000036d0       ??_C@_0O@KKBNKAPF@LCMapStringEx?$AA@ 00000001800126d0     libucrt:winapi_thunks.obj
 0002:000036e8       ??_C@_0BB@HBDEELFH@LocaleNameToLCID?$AA@ 00000001800126e8     libucrt:winapi_thunks.obj
 0002:00003700       ??_C@_0CF@OJOFEIGO@AppPolicyGetProcessTerminationMe@ 0000000180012700     libucrt:winapi_thunks.obj
 0002:00003730       __lc_time_c                0000000180012730     libucrt:nlsdata.obj
 0002:000039f0       ??_C@_03KOEHGMDN@Sun?$AA@  00000001800129f0     libucrt:nlsdata.obj
 0002:000039f4       ??_C@_03PDAGKDH@Mon?$AA@   00000001800129f4     libucrt:nlsdata.obj
 0002:000039f8       ??_C@_03NAGEINEP@Tue?$AA@  00000001800129f8     libucrt:nlsdata.obj
 0002:000039fc       ??_C@_03MHOMLAJA@Wed?$AA@  00000001800129fc     libucrt:nlsdata.obj
 0002:00003a00       ??_C@_03IOFIKPDN@Thu?$AA@  0000000180012a00     libucrt:nlsdata.obj
 0002:00003a04       ??_C@_03IDIOELNC@Fri?$AA@  0000000180012a04     libucrt:nlsdata.obj
 0002:00003a08       ??_C@_03FEFJNEK@Sat?$AA@   0000000180012a08     libucrt:nlsdata.obj
 0002:00003a0c       ??_C@_06OOPIFAJ@Sunday?$AA@ 0000000180012a0c     libucrt:nlsdata.obj
 0002:00003a14       ??_C@_06JLEDEDGH@Monday?$AA@ 0000000180012a14     libucrt:nlsdata.obj
 0002:00003a20       ??_C@_07BAAGCFCM@Tuesday?$AA@ 0000000180012a20     libucrt:nlsdata.obj
 0002:00003a28       ??_C@_09DLIGFAKA@Wednesday?$AA@ 0000000180012a28     libucrt:nlsdata.obj
 0002:00003a38       ??_C@_08HACCIKIA@Thursday?$AA@ 0000000180012a38     libucrt:nlsdata.obj
 0002:00003a44       ??_C@_06JECMNKMI@Friday?$AA@ 0000000180012a44     libucrt:nlsdata.obj
 0002:00003a50       ??_C@_08INBOOONO@Saturday?$AA@ 0000000180012a50     libucrt:nlsdata.obj
 0002:00003a5c       ??_C@_03JIHJHPIE@Jan?$AA@  0000000180012a5c     libucrt:nlsdata.obj
 0002:00003a60       ??_C@_03HJBDCHOM@Feb?$AA@  0000000180012a60     libucrt:nlsdata.obj
 0002:00003a64       ??_C@_03ODNJBKGA@Mar?$AA@  0000000180012a64     libucrt:nlsdata.obj
 0002:00003a68       ??_C@_03LEOLGMJP@Apr?$AA@  0000000180012a68     libucrt:nlsdata.obj
 0002:00003a6c       ??_C@_03CNMDKL@May?$AA@    0000000180012a6c     libucrt:nlsdata.obj
 0002:00003a70       ??_C@_03IDFGHECI@Jun?$AA@  0000000180012a70     libucrt:nlsdata.obj
 0002:00003a74       ??_C@_03LBGABGKK@Jul?$AA@  0000000180012a74     libucrt:nlsdata.obj
 0002:00003a78       ??_C@_03IFJFEIGA@Aug?$AA@  0000000180012a78     libucrt:nlsdata.obj
 0002:00003a7c       ??_C@_03GGCAPAJC@Sep?$AA@  0000000180012a7c     libucrt:nlsdata.obj
 0002:00003a80       ??_C@_03BMAOKBAD@Oct?$AA@  0000000180012a80     libucrt:nlsdata.obj
 0002:00003a84       ??_C@_03JPJOFNIA@Nov?$AA@  0000000180012a84     libucrt:nlsdata.obj
 0002:00003a88       ??_C@_03MKABNOCG@Dec?$AA@  0000000180012a88     libucrt:nlsdata.obj
 0002:00003a90       ??_C@_07CGJPFGJA@January?$AA@ 0000000180012a90     libucrt:nlsdata.obj
 0002:00003a98       ??_C@_08GNJGEPFN@February?$AA@ 0000000180012a98     libucrt:nlsdata.obj
 0002:00003aa4       ??_C@_05HPCKOFNC@March?$AA@ 0000000180012aa4     libucrt:nlsdata.obj
 0002:00003aac       ??_C@_05DMJDNLEJ@April?$AA@ 0000000180012aac     libucrt:nlsdata.obj
 0002:00003ab4       ??_C@_04CNLMGBGM@June?$AA@ 0000000180012ab4     libucrt:nlsdata.obj
 0002:00003abc       ??_C@_04MIEPOIFP@July?$AA@ 0000000180012abc     libucrt:nlsdata.obj
 0002:00003ac4       ??_C@_06LBBHFDDG@August?$AA@ 0000000180012ac4     libucrt:nlsdata.obj
 0002:00003ad0       ??_C@_09BHHEALKD@September?$AA@ 0000000180012ad0     libucrt:nlsdata.obj
 0002:00003ae0       ??_C@_07JJNFCEND@October?$AA@ 0000000180012ae0     libucrt:nlsdata.obj
 0002:00003ae8       ??_C@_08HCHEGEOA@November?$AA@ 0000000180012ae8     libucrt:nlsdata.obj
 0002:00003af8       ??_C@_08EDHMEBNP@December?$AA@ 0000000180012af8     libucrt:nlsdata.obj
 0002:00003b04       ??_C@_02DEDBPAFC@AM?$AA@   0000000180012b04     libucrt:nlsdata.obj
 0002:00003b08       ??_C@_02CJNFDJBF@PM?$AA@   0000000180012b08     libucrt:nlsdata.obj
 0002:00003b10       ??_C@_08BPBNCDIB@MM?1dd?1yy?$AA@ 0000000180012b10     libucrt:nlsdata.obj
 0002:00003b20       ??_C@_0BE@CKGJFCPC@dddd?0?5MMMM?5dd?0?5yyyy?$AA@ 0000000180012b20     libucrt:nlsdata.obj
 0002:00003b38       ??_C@_08JCCMCCIL@HH?3mm?3ss?$AA@ 0000000180012b38     libucrt:nlsdata.obj
 0002:00003b48       ??_C@_17MBGCMIPB@?$AAS?$AAu?$AAn?$AA?$AA@ 0000000180012b48     libucrt:nlsdata.obj
 0002:00003b50       ??_C@_17KBOMKBF@?$AAM?$AAo?$AAn?$AA?$AA@ 0000000180012b50     libucrt:nlsdata.obj
 0002:00003b58       ??_C@_17BMKGEGOJ@?$AAT?$AAu?$AAe?$AA?$AA@ 0000000180012b58     libucrt:nlsdata.obj
 0002:00003b60       ??_C@_17CJEDCEPE@?$AAW?$AAe?$AAd?$AA?$AA@ 0000000180012b60     libucrt:nlsdata.obj
 0002:00003b68       ??_C@_17PDPHAADD@?$AAT?$AAh?$AAu?$AA?$AA@ 0000000180012b68     libucrt:nlsdata.obj
 0002:00003b70       ??_C@_17HFOLPPLP@?$AAF?$AAr?$AAi?$AA?$AA@ 0000000180012b70     libucrt:nlsdata.obj
 0002:00003b78       ??_C@_17GGIBDPIH@?$AAS?$AAa?$AAt?$AA?$AA@ 0000000180012b78     libucrt:nlsdata.obj
 0002:00003b80       ??_C@_1O@IHNHDHPB@?$AAS?$AAu?$AAn?$AAd?$AAa?$AAy?$AA?$AA@ 0000000180012b80     libucrt:nlsdata.obj
 0002:00003b90       ??_C@_1O@MMNBFLIA@?$AAM?$AAo?$AAn?$AAd?$AAa?$AAy?$AA?$AA@ 0000000180012b90     libucrt:nlsdata.obj
 0002:00003ba0       ??_C@_1BA@ENFBFFEK@?$AAT?$AAu?$AAe?$AAs?$AAd?$AAa?$AAy?$AA?$AA@ 0000000180012ba0     libucrt:nlsdata.obj
 0002:00003bb0       ??_C@_1BE@EBOGMDOH@?$AAW?$AAe?$AAd?$AAn?$AAe?$AAs?$AAd?$AAa?$AAy?$AA?$AA@ 0000000180012bb0     libucrt:nlsdata.obj
 0002:00003bc8       ??_C@_1BC@HHMNLIHE@?$AAT?$AAh?$AAu?$AAr?$AAs?$AAd?$AAa?$AAy?$AA?$AA@ 0000000180012bc8     libucrt:nlsdata.obj
 0002:00003be0       ??_C@_1O@PDICJHAG@?$AAF?$AAr?$AAi?$AAd?$AAa?$AAy?$AA?$AA@ 0000000180012be0     libucrt:nlsdata.obj
 0002:00003bf0       ??_C@_1BC@ENMNNPAJ@?$AAS?$AAa?$AAt?$AAu?$AAr?$AAd?$AAa?$AAy?$AA?$AA@ 0000000180012bf0     libucrt:nlsdata.obj
 0002:00003c08       ??_C@_17DKNBKCHM@?$AAJ?$AAa?$AAn?$AA?$AA@ 0000000180012c08     libucrt:nlsdata.obj
 0002:00003c10       ??_C@_17LMDJEKJN@?$AAF?$AAe?$AAb?$AA?$AA@ 0000000180012c10     libucrt:nlsdata.obj
 0002:00003c18       ??_C@_17CKNLEDEC@?$AAM?$AAa?$AAr?$AA?$AA@ 0000000180012c18     libucrt:nlsdata.obj
 0002:00003c20       ??_C@_17LFPOIHDD@?$AAA?$AAp?$AAr?$AA?$AA@ 0000000180012c20     libucrt:nlsdata.obj
 0002:00003c28       ??_C@_17PNNKMEED@?$AAM?$AAa?$AAy?$AA?$AA@ 0000000180012c28     libucrt:nlsdata.obj
 0002:00003c30       ??_C@_17KCJGOCPB@?$AAJ?$AAu?$AAn?$AA?$AA@ 0000000180012c30     libucrt:nlsdata.obj
 0002:00003c38       ??_C@_17IJPCKHK@?$AAJ?$AAu?$AAl?$AA?$AA@ 0000000180012c38     libucrt:nlsdata.obj
 0002:00003c40       ??_C@_17ICPELBCN@?$AAA?$AAu?$AAg?$AA?$AA@ 0000000180012c40     libucrt:nlsdata.obj
 0002:00003c48       ??_C@_17HCHCOKMG@?$AAS?$AAe?$AAp?$AA?$AA@ 0000000180012c48     libucrt:nlsdata.obj
 0002:00003c50       ??_C@_17FNLKOI@?$AAO?$AAc?$AAt?$AA?$AA@ 0000000180012c50     libucrt:nlsdata.obj
 0002:00003c58       ??_C@_17BBDMLCIG@?$AAN?$AAo?$AAv?$AA?$AA@ 0000000180012c58     libucrt:nlsdata.obj
 0002:00003c60       ??_C@_17EGKACKIF@?$AAD?$AAe?$AAc?$AA?$AA@ 0000000180012c60     libucrt:nlsdata.obj
 0002:00003c68       ??_C@_1BA@EFMEIEBA@?$AAJ?$AAa?$AAn?$AAu?$AAa?$AAr?$AAy?$AA?$AA@ 0000000180012c68     libucrt:nlsdata.obj
 0002:00003c78       ??_C@_1BC@JGDDFFAM@?$AAF?$AAe?$AAb?$AAr?$AAu?$AAa?$AAr?$AAy?$AA?$AA@ 0000000180012c78     libucrt:nlsdata.obj
 0002:00003c90       ??_C@_1M@IKEENEDF@?$AAM?$AAa?$AAr?$AAc?$AAh?$AA?$AA@ 0000000180012c90     libucrt:nlsdata.obj
 0002:00003ca0       ??_C@_1M@GJNLMHFD@?$AAA?$AAp?$AAr?$AAi?$AAl?$AA?$AA@ 0000000180012ca0     libucrt:nlsdata.obj
 0002:00003cb0       ??_C@_19EPFLPGAP@?$AAJ?$AAu?$AAn?$AAe?$AA?$AA@ 0000000180012cb0     libucrt:nlsdata.obj
 0002:00003cc0       ??_C@_19BIFMLPCD@?$AAJ?$AAu?$AAl?$AAy?$AA?$AA@ 0000000180012cc0     libucrt:nlsdata.obj
 0002:00003cd0       ??_C@_1O@PAHLKOAC@?$AAA?$AAu?$AAg?$AAu?$AAs?$AAt?$AA?$AA@ 0000000180012cd0     libucrt:nlsdata.obj
 0002:00003ce0       ??_C@_1BE@DKAAMBJL@?$AAS?$AAe?$AAp?$AAt?$AAe?$AAm?$AAb?$AAe?$AAr?$AA?$AA@ 0000000180012ce0     libucrt:nlsdata.obj
 0002:00003cf8       ??_C@_1BA@EPANDLNG@?$AAO?$AAc?$AAt?$AAo?$AAb?$AAe?$AAr?$AA?$AA@ 0000000180012cf8     libucrt:nlsdata.obj
 0002:00003d08       ??_C@_1BC@BGLIFPF@?$AAN?$AAo?$AAv?$AAe?$AAm?$AAb?$AAe?$AAr?$AA?$AA@ 0000000180012d08     libucrt:nlsdata.obj
 0002:00003d20       ??_C@_1BC@FEMKIFH@?$AAD?$AAe?$AAc?$AAe?$AAm?$AAb?$AAe?$AAr?$AA?$AA@ 0000000180012d20     libucrt:nlsdata.obj
 0002:00003d34       ??_C@_15ODEHAHHF@?$AAA?$AAM?$AA?$AA@ 0000000180012d34     libucrt:nlsdata.obj
 0002:00003d3c       ??_C@_15CLMNNGEL@?$AAP?$AAM?$AA?$AA@ 0000000180012d3c     libucrt:nlsdata.obj
 0002:00003d48       ??_C@_1BC@IEBCMHCM@?$AAM?$AAM?$AA?1?$AAd?$AAd?$AA?1?$AAy?$AAy?$AA?$AA@ 0000000180012d48     libucrt:nlsdata.obj
 0002:00003d60       ??_C@_1CI@KNAKOEBC@?$AAd?$AAd?$AAd?$AAd?$AA?0?$AA?5?$AAM?$AAM?$AAM?$AAM?$AA?5?$AAd?$AAd?$AA?0?$AA?5?$AAy?$AAy?$AAy?$AAy?$AA?$AA@ 0000000180012d60     libucrt:nlsdata.obj
 0002:00003d88       ??_C@_1BC@GDGBMEMK@?$AAH?$AAH?$AA?3?$AAm?$AAm?$AA?3?$AAs?$AAs?$AA?$AA@ 0000000180012d88     libucrt:nlsdata.obj
 0002:00003da0       ??_C@_1M@BMHNFIME@?$AAe?$AAn?$AA?9?$AAU?$AAS?$AA?$AA@ 0000000180012da0     libucrt:nlsdata.obj
 0002:00003db0       __newctype                 0000000180012db0     libucrt:ctype.obj
 0002:000040b0       __newclmap                 00000001800130b0     libucrt:ctype.obj
 0002:00004230       __newcumap                 0000000180013230     libucrt:ctype.obj
 0002:000043c0       ??_C@_05HGHHAHAP@log10?$AA@ 00000001800133c0     libucrt:fpexcept.obj
 0002:000043c8       ??_C@_1M@BJNKEDC@?$AAc?$AAa?$AA?9?$AAE?$AAS?$AA?$AA@ 00000001800133c8     libucrt:lcidtoname_downlevel.obj
 0002:000043d8       ??_C@_1M@IJJHFJHA@?$AAc?$AAs?$AA?9?$AAC?$AAZ?$AA?$AA@ 00000001800133d8     libucrt:lcidtoname_downlevel.obj
 0002:000043e8       ??_C@_1M@CLPEOBGI@?$AAd?$AAa?$AA?9?$AAD?$AAK?$AA?$AA@ 00000001800133e8     libucrt:lcidtoname_downlevel.obj
 0002:000043f8       ??_C@_1M@MCMADGCB@?$AAd?$AAe?$AA?9?$AAD?$AAE?$AA?$AA@ 00000001800133f8     libucrt:lcidtoname_downlevel.obj
 0002:00004408       ??_C@_1M@OOCKEMAM@?$AAe?$AAl?$AA?9?$AAG?$AAR?$AA?$AA@ 0000000180013408     libucrt:lcidtoname_downlevel.obj
 0002:00004418       ??_C@_1M@DDNJFGID@?$AAf?$AAi?$AA?9?$AAF?$AAI?$AA?$AA@ 0000000180013418     libucrt:lcidtoname_downlevel.obj
 0002:00004428       ??_C@_1M@GLIPPMAC@?$AAf?$AAr?$AA?9?$AAF?$AAR?$AA?$AA@ 0000000180013428     libucrt:lcidtoname_downlevel.obj
 0002:00004438       ??_C@_1M@GFMCHPE@?$AAh?$AAe?$AA?9?$AAI?$AAL?$AA?$AA@ 0000000180013438     libucrt:lcidtoname_downlevel.obj
 0002:00004448       ??_C@_1M@MHLPGNKM@?$AAh?$AAu?$AA?9?$AAH?$AAU?$AA?$AA@ 0000000180013448     libucrt:lcidtoname_downlevel.obj
 0002:00004458       ??_C@_1M@LPDDNNPN@?$AAi?$AAs?$AA?9?$AAI?$AAS?$AA?$AA@ 0000000180013458     libucrt:lcidtoname_downlevel.obj
 0002:00004468       ??_C@_1M@MADIPODN@?$AAi?$AAt?$AA?9?$AAI?$AAT?$AA?$AA@ 0000000180013468     libucrt:lcidtoname_downlevel.obj
 0002:00004478       ??_C@_1M@IHBJJGG@?$AAn?$AAl?$AA?9?$AAN?$AAL?$AA?$AA@ 0000000180013478     libucrt:lcidtoname_downlevel.obj
 0002:00004488       ??_C@_1M@EANAGDL@?$AAn?$AAb?$AA?9?$AAN?$AAO?$AA?$AA@ 0000000180013488     libucrt:lcidtoname_downlevel.obj
 0002:00004498       ??_C@_1M@NEIEMEGP@?$AAp?$AAl?$AA?9?$AAP?$AAL?$AA?$AA@ 0000000180013498     libucrt:lcidtoname_downlevel.obj
 0002:000044a8       ??_C@_1M@BOCFIGEP@?$AAp?$AAt?$AA?9?$AAB?$AAR?$AA?$AA@ 00000001800134a8     libucrt:lcidtoname_downlevel.obj
 0002:000044b8       ??_C@_1M@IMPFOPBG@?$AAr?$AAo?$AA?9?$AAR?$AAO?$AA?$AA@ 00000001800134b8     libucrt:lcidtoname_downlevel.obj
 0002:000044c8       ??_C@_1M@IDNNEJMM@?$AAr?$AAu?$AA?9?$AAR?$AAU?$AA?$AA@ 00000001800134c8     libucrt:lcidtoname_downlevel.obj
 0002:000044d8       ??_C@_1M@LILEEOGM@?$AAh?$AAr?$AA?9?$AAH?$AAR?$AA?$AA@ 00000001800134d8     libucrt:lcidtoname_downlevel.obj
 0002:000044e8       ??_C@_1M@FKIFEHPB@?$AAs?$AAk?$AA?9?$AAS?$AAK?$AA?$AA@ 00000001800134e8     libucrt:lcidtoname_downlevel.obj
 0002:000044f8       ??_C@_1M@LJMAMNPJ@?$AAs?$AAq?$AA?9?$AAA?$AAL?$AA?$AA@ 00000001800134f8     libucrt:lcidtoname_downlevel.obj
 0002:00004508       ??_C@_1M@GIAKDKJK@?$AAs?$AAv?$AA?9?$AAS?$AAE?$AA?$AA@ 0000000180013508     libucrt:lcidtoname_downlevel.obj
 0002:00004518       ??_C@_1M@MKJKIKCL@?$AAt?$AAh?$AA?9?$AAT?$AAH?$AA?$AA@ 0000000180013518     libucrt:lcidtoname_downlevel.obj
 0002:00004528       ??_C@_1M@MFLCCMPB@?$AAt?$AAr?$AA?9?$AAT?$AAR?$AA?$AA@ 0000000180013528     libucrt:lcidtoname_downlevel.obj
 0002:00004538       ??_C@_1M@OIJHDKJN@?$AAu?$AAr?$AA?9?$AAP?$AAK?$AA?$AA@ 0000000180013538     libucrt:lcidtoname_downlevel.obj
 0002:00004548       ??_C@_1M@LHIPCIEK@?$AAi?$AAd?$AA?9?$AAI?$AAD?$AA?$AA@ 0000000180013548     libucrt:lcidtoname_downlevel.obj
 0002:00004558       ??_C@_1M@MFMOBGI@?$AAu?$AAk?$AA?9?$AAU?$AAA?$AA?$AA@ 0000000180013558     libucrt:lcidtoname_downlevel.obj
 0002:00004568       ??_C@_1M@OBGLJIPL@?$AAb?$AAe?$AA?9?$AAB?$AAY?$AA?$AA@ 0000000180013568     libucrt:lcidtoname_downlevel.obj
 0002:00004578       ??_C@_1M@BCFAJEAD@?$AAs?$AAl?$AA?9?$AAS?$AAI?$AA?$AA@ 0000000180013578     libucrt:lcidtoname_downlevel.obj
 0002:00004588       ??_C@_1M@FKFFEDDN@?$AAe?$AAt?$AA?9?$AAE?$AAE?$AA?$AA@ 0000000180013588     libucrt:lcidtoname_downlevel.obj
 0002:00004598       ??_C@_1M@KGKKAACI@?$AAl?$AAv?$AA?9?$AAL?$AAV?$AA?$AA@ 0000000180013598     libucrt:lcidtoname_downlevel.obj
 0002:000045a8       ??_C@_1M@IFGBIJO@?$AAl?$AAt?$AA?9?$AAL?$AAT?$AA?$AA@ 00000001800135a8     libucrt:lcidtoname_downlevel.obj
 0002:000045b8       ??_C@_1M@FGEAHEDM@?$AAf?$AAa?$AA?9?$AAI?$AAR?$AA?$AA@ 00000001800135b8     libucrt:lcidtoname_downlevel.obj
 0002:000045c8       ??_C@_1M@KBMAIBFN@?$AAv?$AAi?$AA?9?$AAV?$AAN?$AA?$AA@ 00000001800135c8     libucrt:lcidtoname_downlevel.obj
 0002:000045d8       ??_C@_1M@GPCBKDJK@?$AAh?$AAy?$AA?9?$AAA?$AAM?$AA?$AA@ 00000001800135d8     libucrt:lcidtoname_downlevel.obj
 0002:000045e8       ??_C@_1BG@BECMDDJB@?$AAa?$AAz?$AA?9?$AAA?$AAZ?$AA?9?$AAL?$AAa?$AAt?$AAn?$AA?$AA@ 00000001800135e8     libucrt:lcidtoname_downlevel.obj
 0002:00004600       ??_C@_1M@MAOFCAEA@?$AAe?$AAu?$AA?9?$AAE?$AAS?$AA?$AA@ 0000000180013600     libucrt:lcidtoname_downlevel.obj
 0002:00004610       ??_C@_1M@IGHABKPI@?$AAm?$AAk?$AA?9?$AAM?$AAK?$AA?$AA@ 0000000180013610     libucrt:lcidtoname_downlevel.obj
 0002:00004620       ??_C@_1M@IAIGNEJG@?$AAt?$AAn?$AA?9?$AAZ?$AAA?$AA?$AA@ 0000000180013620     libucrt:lcidtoname_downlevel.obj
 0002:00004630       ??_C@_1M@IIJCOJFA@?$AAx?$AAh?$AA?9?$AAZ?$AAA?$AA?$AA@ 0000000180013630     libucrt:lcidtoname_downlevel.obj
 0002:00004640       ??_C@_1M@LGPJHNJH@?$AAz?$AAu?$AA?9?$AAZ?$AAA?$AA?$AA@ 0000000180013640     libucrt:lcidtoname_downlevel.obj
 0002:00004650       ??_C@_1M@HOKAOIO@?$AAa?$AAf?$AA?9?$AAZ?$AAA?$AA?$AA@ 0000000180013650     libucrt:lcidtoname_downlevel.obj
 0002:00004660       ??_C@_1M@DPCLHLIE@?$AAk?$AAa?$AA?9?$AAG?$AAE?$AA?$AA@ 0000000180013660     libucrt:lcidtoname_downlevel.obj
 0002:00004670       ??_C@_1M@BLKMHJBI@?$AAf?$AAo?$AA?9?$AAF?$AAO?$AA?$AA@ 0000000180013670     libucrt:lcidtoname_downlevel.obj
 0002:00004680       ??_C@_1M@LGGJAPPB@?$AAh?$AAi?$AA?9?$AAI?$AAN?$AA?$AA@ 0000000180013680     libucrt:lcidtoname_downlevel.obj
 0002:00004690       ??_C@_1M@FIKPIHFE@?$AAm?$AAt?$AA?9?$AAM?$AAT?$AA?$AA@ 0000000180013690     libucrt:lcidtoname_downlevel.obj
 0002:000046a0       ??_C@_1M@HEGGPBFA@?$AAs?$AAe?$AA?9?$AAN?$AAO?$AA?$AA@ 00000001800136a0     libucrt:lcidtoname_downlevel.obj
 0002:000046b0       ??_C@_1M@EIBJEEPA@?$AAm?$AAs?$AA?9?$AAM?$AAY?$AA?$AA@ 00000001800136b0     libucrt:lcidtoname_downlevel.obj
 0002:000046c0       ??_C@_1M@FHLBGMPP@?$AAk?$AAk?$AA?9?$AAK?$AAZ?$AA?$AA@ 00000001800136c0     libucrt:lcidtoname_downlevel.obj
 0002:000046d0       ??_C@_1M@NGJJLCGI@?$AAk?$AAy?$AA?9?$AAK?$AAG?$AA?$AA@ 00000001800136d0     libucrt:lcidtoname_downlevel.obj
 0002:000046e0       ??_C@_1M@GIENNBFC@?$AAs?$AAw?$AA?9?$AAK?$AAE?$AA?$AA@ 00000001800136e0     libucrt:lcidtoname_downlevel.obj
 0002:000046f0       ??_C@_1BG@NDGMJIMJ@?$AAu?$AAz?$AA?9?$AAU?$AAZ?$AA?9?$AAL?$AAa?$AAt?$AAn?$AA?$AA@ 00000001800136f0     libucrt:lcidtoname_downlevel.obj
 0002:00004708       ??_C@_1M@IDCCIHBC@?$AAt?$AAt?$AA?9?$AAR?$AAU?$AA?$AA@ 0000000180013708     libucrt:lcidtoname_downlevel.obj
 0002:00004718       ??_C@_1M@LOICPMOJ@?$AAb?$AAn?$AA?9?$AAI?$AAN?$AA?$AA@ 0000000180013718     libucrt:lcidtoname_downlevel.obj
 0002:00004728       ??_C@_1M@KPKKNEAH@?$AAp?$AAa?$AA?9?$AAI?$AAN?$AA?$AA@ 0000000180013728     libucrt:lcidtoname_downlevel.obj
 0002:00004738       ??_C@_1M@PJGPPBOG@?$AAg?$AAu?$AA?9?$AAI?$AAN?$AA?$AA@ 0000000180013738     libucrt:lcidtoname_downlevel.obj
 0002:00004748       ??_C@_1M@KMKMOPHI@?$AAt?$AAa?$AA?9?$AAI?$AAN?$AA?$AA@ 0000000180013748     libucrt:lcidtoname_downlevel.obj
 0002:00004758       ??_C@_1M@KFEHEPAC@?$AAt?$AAe?$AA?9?$AAI?$AAN?$AA?$AA@ 0000000180013758     libucrt:lcidtoname_downlevel.obj
 0002:00004768       ??_C@_1M@CDCLMGHI@?$AAk?$AAn?$AA?9?$AAI?$AAN?$AA?$AA@ 0000000180013768     libucrt:lcidtoname_downlevel.obj
 0002:00004778       ??_C@_1M@MIODLDKF@?$AAm?$AAl?$AA?9?$AAI?$AAN?$AA?$AA@ 0000000180013778     libucrt:lcidtoname_downlevel.obj
 0002:00004788       ??_C@_1M@PBIEACPO@?$AAm?$AAr?$AA?9?$AAI?$AAN?$AA?$AA@ 0000000180013788     libucrt:lcidtoname_downlevel.obj
 0002:00004798       ??_C@_1M@NIDEAGPH@?$AAs?$AAa?$AA?9?$AAI?$AAN?$AA?$AA@ 0000000180013798     libucrt:lcidtoname_downlevel.obj
 0002:000047a8       ??_C@_1M@FHIHCBIO@?$AAm?$AAn?$AA?9?$AAM?$AAN?$AA?$AA@ 00000001800137a8     libucrt:lcidtoname_downlevel.obj
 0002:000047b8       ??_C@_1M@JAIJPENP@?$AAc?$AAy?$AA?9?$AAG?$AAB?$AA?$AA@ 00000001800137b8     libucrt:lcidtoname_downlevel.obj
 0002:000047c8       ??_C@_1M@PHGFBEPN@?$AAg?$AAl?$AA?9?$AAE?$AAS?$AA?$AA@ 00000001800137c8     libucrt:lcidtoname_downlevel.obj
 0002:000047d8       ??_C@_1O@KPIPDNCP@?$AAk?$AAo?$AAk?$AA?9?$AAI?$AAN?$AA?$AA@ 00000001800137d8     libucrt:lcidtoname_downlevel.obj
 0002:000047e8       ??_C@_1O@KNHJLDJA@?$AAs?$AAy?$AAr?$AA?9?$AAS?$AAY?$AA?$AA@ 00000001800137e8     libucrt:lcidtoname_downlevel.obj
 0002:000047f8       ??_C@_1O@MKEKBLAH@?$AAd?$AAi?$AAv?$AA?9?$AAM?$AAV?$AA?$AA@ 00000001800137f8     libucrt:lcidtoname_downlevel.obj
 0002:00004808       ??_C@_1O@OHDCKDDF@?$AAq?$AAu?$AAz?$AA?9?$AAB?$AAO?$AA?$AA@ 0000000180013808     libucrt:lcidtoname_downlevel.obj
 0002:00004818       ??_C@_1M@LEPJNLFD@?$AAn?$AAs?$AA?9?$AAZ?$AAA?$AA?$AA@ 0000000180013818     libucrt:lcidtoname_downlevel.obj
 0002:00004828       ??_C@_1M@OMLEIIJB@?$AAm?$AAi?$AA?9?$AAN?$AAZ?$AA?$AA@ 0000000180013828     libucrt:lcidtoname_downlevel.obj
 0002:00004838       ??_C@_1M@PMPEAILG@?$AAa?$AAr?$AA?9?$AAI?$AAQ?$AA?$AA@ 0000000180013838     libucrt:lcidtoname_downlevel.obj
 0002:00004848       ??_C@_1M@CNKPNOEE@?$AAd?$AAe?$AA?9?$AAC?$AAH?$AA?$AA@ 0000000180013848     libucrt:lcidtoname_downlevel.obj
 0002:00004858       ??_C@_1M@LKMGMLKO@?$AAe?$AAn?$AA?9?$AAG?$AAB?$AA?$AA@ 0000000180013858     libucrt:lcidtoname_downlevel.obj
 0002:00004868       ??_C@_1M@PGKJFFGL@?$AAe?$AAs?$AA?9?$AAM?$AAX?$AA?$AA@ 0000000180013868     libucrt:lcidtoname_downlevel.obj
 0002:00004878       ??_C@_1M@DNNANBDC@?$AAf?$AAr?$AA?9?$AAB?$AAE?$AA?$AA@ 0000000180013878     libucrt:lcidtoname_downlevel.obj
 0002:00004888       ??_C@_1M@HLGMDFHM@?$AAi?$AAt?$AA?9?$AAC?$AAH?$AA?$AA@ 0000000180013888     libucrt:lcidtoname_downlevel.obj
 0002:00004898       ??_C@_1M@CLLBGJH@?$AAn?$AAl?$AA?9?$AAB?$AAE?$AA?$AA@ 0000000180013898     libucrt:lcidtoname_downlevel.obj
 0002:000048a8       ??_C@_1M@BODBOGLF@?$AAn?$AAn?$AA?9?$AAN?$AAO?$AA?$AA@ 00000001800138a8     libucrt:lcidtoname_downlevel.obj
 0002:000048b8       ??_C@_1M@HFFAHKAD@?$AAp?$AAt?$AA?9?$AAP?$AAT?$AA?$AA@ 00000001800138b8     libucrt:lcidtoname_downlevel.obj
 0002:000048c8       ??_C@_1BG@LNOAKHIE@?$AAs?$AAr?$AA?9?$AAS?$AAP?$AA?9?$AAL?$AAa?$AAt?$AAn?$AA?$AA@ 00000001800138c8     libucrt:lcidtoname_downlevel.obj
 0002:000048e0       ??_C@_1M@HBMHBGAK@?$AAs?$AAv?$AA?9?$AAF?$AAI?$AA?$AA@ 00000001800138e0     libucrt:lcidtoname_downlevel.obj
 0002:000048f0       ??_C@_1BG@DGCJGJBE@?$AAa?$AAz?$AA?9?$AAA?$AAZ?$AA?9?$AAC?$AAy?$AAr?$AAl?$AA?$AA@ 00000001800138f0     libucrt:lcidtoname_downlevel.obj
[...]
 0004:000006fc       $pdata$??$?RV<lambda_aa87e3671a710a21b5dc78c0bdf72e11>@@AEAV<lambda_92619d2358a28f41a33ba319515a20b9>@@V<lambda_6992ecaafeb10aed2b74cb1fae11a551>@@@?$__crt_seh_guarded_call@X@@QEAAX$$QEAV<lambda_aa87e3671a710a21b5dc78c0bdf72e11>@@AEAV<lambda_92619d2358a28f41a33ba319515a20b9>@@$$QEAV<lambda_6992ecaafeb10aed2b74cb1fae11a551>@@@Z 000000018001c6fc     libucrt:per_thread_data.obj
 0004:00000708       $pdata$??$?RV<lambda_f2e299630e499de9f9a165e60fcd3db5>@@AEAV<lambda_2ae9d31cdba2644fcbeaf08da7c24588>@@V<lambda_40d01ff24d0e7b3814fdbdcee8eab3c7>@@@?$__crt_seh_guarded_call@X@@QEAAX$$QEAV<lambda_f2e299630e499de9f9a165e60fcd3db5>@@AEAV<lambda_2ae9d31cdba2644fcbeaf08da7c24588>@@$$QEAV<lambda_40d01ff24d0e7b3814fdbdcee8eab3c7>@@@Z 000000018001c708     libucrt:per_thread_data.obj
 0004:00000714       $pdata$??$?RV<lambda_2d41944a1d46af3157314b8a01080d33>@@AEAV<lambda_8f455de75cd7d7f24b4096f044d8b9e6>@@V<lambda_aa500f224e6afead328df44964fe2772>@@@?$__crt_seh_guarded_call@X@@QEAAX$$QEAV<lambda_2d41944a1d46af3157314b8a01080d33>@@AEAV<lambda_8f455de75cd7d7f24b4096f044d8b9e6>@@$$QEAV<lambda_aa500f224e6afead328df44964fe2772>@@@Z 000000018001c714     libucrt:per_thread_data.obj
 0004:00000720       $pdata$__acrt_initialize_locks 000000018001c720     libucrt:locks.obj
 0004:0000072c       $pdata$__acrt_uninitialize_locks 000000018001c72c     libucrt:locks.obj
 0004:00000738       $pdata$__acrt_get_process_end_policy 000000018001c738     libucrt:win_policies.obj
 0004:00000744       $pdata$_invalid_parameter_noinfo 000000018001c744     libucrt:invalid_parameter.obj
 0004:00000750       $pdata$_invoke_watson      000000018001c750     libucrt:invalid_parameter.obj
 0004:0000075c       $pdata$__acrt_call_reportfault 000000018001c75c     libucrt:invalid_parameter.obj
 0004:00000768       $pdata$_invalid_parameter  000000018001c768     libucrt:invalid_parameter.obj
 0004:00000774       $pdata$_errno              000000018001c774     libucrt:errno.obj
 0004:00000780       $pdata$__doserrno          000000018001c780     libucrt:errno.obj
 0004:0000078c       $pdata$__acrt_errno_map_os_error 000000018001c78c     libucrt:errno.obj
 0004:00000798       $pdata$_calloc_base        000000018001c798     libucrt:calloc_base.obj
 0004:000007a4       $pdata$??$common_expand_argv_wildcards@D@@YAHQEAPEADQEAPEAPEAD@Z 000000018001c7a4     libucrt:argv_wildcards.obj
 0004:000007b0       $pdata$??$copy_and_add_argument_to_buffer@D@@YAHQEBD0_KAEAV?$argument_list@D@?A0x5f5c8891@@@Z 000000018001c7b0     libucrt:argv_wildcards.obj
 0004:000007bc       $pdata$??$expand_argument_wildcards@D@@YAHQEAD0AEAV?$argument_list@D@?A0x5f5c8891@@@Z 000000018001c7bc     libucrt:argv_wildcards.obj
 0004:000007c8       $pdata$__acrt_update_thread_multibyte_data 000000018001c7c8     libucrt:mbctype.obj
 0004:000007d4       $pdata$__acrt_initialize_multibyte 000000018001c7d4     libucrt:mbctype.obj
 0004:000007e0       $pdata$_setmbcp_nolock     000000018001c7e0     libucrt:mbctype.obj
 0004:000007ec       $pdata$?getSystemCP@@YAHH@Z 000000018001c7ec     libucrt:mbctype.obj
 0004:000007f8       $pdata$?setSBCS@@YAXPEAU__crt_multibyte_data@@@Z 000000018001c7f8     libucrt:mbctype.obj
 0004:00000804       $pdata$?update_thread_multibyte_data_internal@@YAPEAU__crt_multibyte_data@@QEAU__acrt_ptd@@QEAPEAU1@@Z 000000018001c804     libucrt:mbctype.obj
 0004:00000810       $pdata$?fin$0@?0??update_thread_multibyte_data_internal@@YAPEAU__crt_multibyte_data@@QEAU__acrt_ptd@@QEAPEAU1@@Z@4HA 000000018001c810     libucrt:mbctype.obj
 0004:0000081c       $pdata$?setmbcp_internal@@YAHH_NQEAU__acrt_ptd@@QEAPEAU__crt_multibyte_data@@@Z 000000018001c81c     libucrt:mbctype.obj
 0004:00000828       $pdata$?setSBUpLow@@YAXPEAU__crt_multibyte_data@@@Z 000000018001c828     libucrt:mbctype.obj
 0004:00000834       $pdata$??$?RV<lambda_efdfa57d1f175319df784efa44bb7b81>@@AEAV<lambda_5f0a4c1567f8adc6734073e5d1e1b35c>@@V<lambda_2e8a7d3640ea6ccb4c2413664c2db6fd>@@@?$__crt_seh_guarded_call@X@@QEAAX$$QEAV<lambda_efdfa57d1f175319df784efa44bb7b81>@@AEAV<lambda_5f0a4c1567f8adc6734073e5d1e1b35c>@@$$QEAV<lambda_2e8a7d3640ea6ccb4c2413664c2db6fd>@@@Z 000000018001c834     libucrt:mbctype.obj
 0004:00000840       $pdata$?x_ismbbtype_l@@YAHPEAU__crt_locale_pointers@@IHH@Z 000000018001c840     libucrt:ismbbyte.obj
 0004:0000084c       $pdata$__acrt_initialize_command_line 000000018001c84c     libucrt:argv_data.obj
 0004:00000858       $pdata$__dcrt_get_narrow_environment_from_os 000000018001c858     libucrt:get_environment_from_os.obj
 0004:00000864       $pdata$_recalloc_base      000000018001c864     libucrt:recalloc.obj
 0004:00000870       $pdata$__acrt_initialize_winapi_thunks 000000018001c870     libucrt:winapi_thunks.obj
 0004:0000087c       $pdata$__acrt_uninitialize_winapi_thunks 000000018001c87c     libucrt:winapi_thunks.obj
 0004:00000888       $pdata$__acrt_FlsAlloc     000000018001c888     libucrt:winapi_thunks.obj
 0004:00000894       $pdata$__acrt_FlsFree      000000018001c894     libucrt:winapi_thunks.obj
 0004:000008a0       $pdata$__acrt_FlsGetValue  000000018001c8a0     libucrt:winapi_thunks.obj
 0004:000008ac       $pdata$__acrt_FlsSetValue  000000018001c8ac     libucrt:winapi_thunks.obj
 0004:000008b8       $pdata$__acrt_InitializeCriticalSectionEx 000000018001c8b8     libucrt:winapi_thunks.obj
 0004:000008c4       $pdata$__acrt_LCMapStringEx 000000018001c8c4     libucrt:winapi_thunks.obj
 0004:000008d0       $pdata$__acrt_LocaleNameToLCID 000000018001c8d0     libucrt:winapi_thunks.obj
 0004:000008dc       $pdata$__acrt_AppPolicyGetProcessTerminationMethodInternal 000000018001c8dc     libucrt:winapi_thunks.obj
 0004:000008e8       $pdata$?try_get_function@@YAPEAXW4function_id@?A0x391cf84c@@QEBDQEBW4module_id@2@2@Z 000000018001c8e8     libucrt:winapi_thunks.obj
 0004:000008f4       $pdata$__acrt_initialize_heap 000000018001c8f4     libucrt:heap_handle.obj
 0004:00000900       $pdata$__acrt_initialize_lowio 000000018001c900     libucrt:ioinit.obj
 0004:0000090c       $pdata$__acrt_initialize_lowio$fin$0 000000018001c90c     libucrt:ioinit.obj
 0004:0000090c       $pdata$__acrt_lowio_ensure_fh_exists$fin$0 000000018001c90c     libucrt:osfinfo.obj
 0004:00000918       $pdata$__acrt_uninitialize_lowio 000000018001c918     libucrt:ioinit.obj
 0004:00000924       $pdata$?initialize_inherited_file_handles_nolock@@YAXXZ 000000018001c924     libucrt:ioinit.obj
 0004:00000930       $pdata$?initialize_stdio_handles_nolock@@YAXXZ 000000018001c930     libucrt:ioinit.obj
 0004:0000093c       $pdata$__acrt_execute_initializers 000000018001c93c     libucrt:shared_initialization.obj
 0004:00000948       $pdata$__acrt_execute_uninitializers 000000018001c948     libucrt:shared_initialization.obj
 0004:00000954       $pdata$_callnewh           000000018001c954     libucrt:new_handler.obj
 0004:00000960       $pdata$_query_new_handler  000000018001c960     libucrt:new_handler.obj
 0004:0000096c       $pdata$_query_new_handler$fin$0 000000018001c96c     libucrt:new_handler.obj
 0004:00000978       $pdata$__acrt_get_sigabrt_handler 000000018001c978     libucrt:signal.obj
 0004:00000984       $pdata$raise               000000018001c984     libucrt:signal.obj
 0004:00000990       $pdata$raise$fin$0         000000018001c990     libucrt:signal.obj
 0004:0000099c       $pdata$??$?RV<lambda_450d765d439847d4c735a33c368b5fc0>@@AEAV<lambda_44731a7d0e6d81c3e6aa82d741081786>@@V<lambda_601a2a7da3b7a96e9554ac7215c4b07c>@@@?$__crt_seh_guarded_call@P6AXH@Z@@QEAAP6AXH@Z$$QEAV<lambda_450d765d439847d4c735a33c368b5fc0>@@AEAV<lambda_44731a7d0e6d81c3e6aa82d741081786>@@$$QEAV<lambda_601a2a7da3b7a96e9554ac7215c4b07c>@@@Z 000000018001c99c     libucrt:signal.obj
 0004:000009a8       $pdata$_fflush_nolock      000000018001c9a8     libucrt:fflush.obj
 0004:000009b4       $pdata$__acrt_stdio_flush_nolock 000000018001c9b4     libucrt:fflush.obj
 0004:000009c0       $pdata$?common_flush_all@@YAH_N@Z 000000018001c9c0     libucrt:fflush.obj
 0004:000009cc       $pdata$??$?RV<lambda_842d9ff0dc9ef11c61343bbaebe7f885>@@AEAV<lambda_c5860995281e5c4ce005b3de8f5874ee>@@V<lambda_d90129c13df834fdcbf8d2b88dafcf2d>@@@?$__crt_seh_guarded_call@X@@QEAAX$$QEAV<lambda_842d9ff0dc9ef11c61343bbaebe7f885>@@AEAV<lambda_c5860995281e5c4ce005b3de8f5874ee>@@$$QEAV<lambda_d90129c13df834fdcbf8d2b88dafcf2d>@@@Z 000000018001c9cc     libucrt:fflush.obj
 0004:000009d8       $pdata$?fin$0@?0???$?RV<lambda_842d9ff0dc9ef11c61343bbaebe7f885>@@AEAV<lambda_c5860995281e5c4ce005b3de8f5874ee>@@V<lambda_d90129c13df834fdcbf8d2b88dafcf2d>@@@?$__crt_seh_guarded_call@X@@QEAAX$$QEAV<lambda_842d9ff0dc9ef11c61343bbaebe7f885>@@AEAV<lambda_c5860995281e5c4ce005b3de8f5874ee>@@$$QEAV<lambda_d90129c13df834fdcbf8d2b88dafcf2d>@@@Z@4HA 000000018001c9d8     libucrt:fflush.obj
 0004:000009e4       $pdata$??$?RV<lambda_886d6c58226a84441f68b9f2b8217b83>@@AEAV<lambda_ab61a845afdef5b7c387490eaf3616ee>@@V<lambda_f7f22ab5edc0698d5f6905b0d3f44752>@@@?$__crt_seh_guarded_call@X@@QEAAX$$QEAV<lambda_886d6c58226a84441f68b9f2b8217b83>@@AEAV<lambda_ab61a845afdef5b7c387490eaf3616ee>@@$$QEAV<lambda_f7f22ab5edc0698d5f6905b0d3f44752>@@@Z 000000018001c9e4     libucrt:fflush.obj
 0004:000009f0       $pdata$?fin$0@?0???$?RV<lambda_886d6c58226a84441f68b9f2b8217b83>@@AEAV<lambda_ab61a845afdef5b7c387490eaf3616ee>@@V<lambda_f7f22ab5edc0698d5f6905b0d3f44752>@@@?$__crt_seh_guarded_call@X@@QEAAX$$QEAV<lambda_886d6c58226a84441f68b9f2b8217b83>@@AEAV<lambda_ab61a845afdef5b7c387490eaf3616ee>@@$$QEAV<lambda_f7f22ab5edc0698d5f6905b0d3f44752>@@@Z@4HA 000000018001c9f0     libucrt:fflush.obj
 0004:000009fc       $pdata$__acrt_initialize_stdio 000000018001c9fc     libucrt:_file.obj
 0004:00000a08       $pdata$__acrt_uninitialize_stdio 000000018001ca08     libucrt:_file.obj
 0004:00000a14       $pdata$_mbtowc_l           000000018001ca14     libucrt:mbtowc.obj
 0004:00000a20       $pdata$__acrt_update_locale_info 000000018001ca20     libucrt:locale_update.obj
 0004:00000a2c       $pdata$__acrt_update_multibyte_info 000000018001ca2c     libucrt:locale_update.obj
 0004:00000a38       $pdata$_fileno             000000018001ca38     libucrt:fileno.obj
 0004:00000a44       $pdata$__acrt_uninitialize_locale 000000018001ca44     libucrt:wsetlocale.obj
 0004:00000a50       $pdata$??$?RV<lambda_410d79af7f07d98d83a3f525b3859a53>@@AEAV<lambda_3e16ef9562a7dcce91392c22ab16ea36>@@V<lambda_38119f0e861e05405d8a144b9b982f0a>@@@?$__crt_seh_guarded_call@X@@QEAAX$$QEAV<lambda_410d79af7f07d98d83a3f525b3859a53>@@AEAV<lambda_3e16ef9562a7dcce91392c22ab16ea36>@@$$QEAV<lambda_38119f0e861e05405d8a144b9b982f0a>@@@Z 000000018001ca50     libucrt:wsetlocale.obj
 0004:00000a5c       $pdata$?fin$0@?0???$?RV<lambda_410d79af7f07d98d83a3f525b3859a53>@@AEAV<lambda_3e16ef9562a7dcce91392c22ab16ea36>@@V<lambda_38119f0e861e05405d8a144b9b982f0a>@@@?$__crt_seh_guarded_call@X@@QEAAX$$QEAV<lambda_410d79af7f07d98d83a3f525b3859a53>@@AEAV<lambda_3e16ef9562a7dcce91392c22ab16ea36>@@$$QEAV<lambda_38119f0e861e05405d8a144b9b982f0a>@@@Z@4HA 000000018001ca5c     libucrt:wsetlocale.obj
 0004:00000a68       $pdata$__pctype_func       000000018001ca68     libucrt:ctype.obj
 0004:00000a80       $pdata$_set_errno_from_matherr 000000018001ca80     libucrt:fpexcept.obj
 0004:00000a8c       $pdata$_raise_excf         000000018001ca8c     libucrt:fpexcept.obj
 0004:00000a98       $pdata$_raise_exc          000000018001ca98     libucrt:fpexcept.obj
 0004:00000aa4       $pdata$_raise_exc_ex       000000018001caa4     libucrt:fpexcept.obj
 0004:00000ab0       $pdata$__acrt_release_locale_ref 000000018001cab0     libucrt:locale_refcounting.obj
 0004:00000abc       $pdata$__acrt_free_locale  000000018001cabc     libucrt:locale_refcounting.obj
 0004:00000ac8       $pdata$__acrt_locale_free_lc_time_if_unreferenced 000000018001cac8     libucrt:locale_refcounting.obj
 0004:00000ad4       $pdata$__acrt_update_thread_locale_data 000000018001cad4     libucrt:locale_refcounting.obj
 0004:00000ae0       $pdata$__acrt_update_thread_locale_data$fin$0 000000018001cae0     libucrt:locale_refcounting.obj
 0004:00000aec       $pdata$_updatetlocinfoEx_nolock 000000018001caec     libucrt:locale_refcounting.obj
 0004:00000af8       $pdata$qsort               000000018001caf8     libucrt:qsort.obj
 0004:00000b04       $pdata$4$qsort             000000018001cb04     libucrt:qsort.obj
 0004:00000b10       $pdata$5$qsort             000000018001cb10     libucrt:qsort.obj
 0004:00000b1c       $pdata$strncpy_s           000000018001cb1c     libucrt:strncpy_s.obj
 0004:00000b28       $pdata$strpbrk             000000018001cb28     libucrt:strpbrk.obj
 0004:00000b34       $pdata$fallbackMethod      000000018001cb34     libucrt:strpbrk.obj
 0004:00000b40       $pdata$_mbsdec_l           000000018001cb40     libucrt:mbsdec.obj
 0004:00000b4c       $pdata$__acrt_GetStringTypeA 000000018001cb4c     libucrt:getstringtypea.obj
 0004:00000b58       $pdata$__acrt_LCMapStringA 000000018001cb58     libucrt:lcmapstringa.obj
 0004:00000b64       $pdata$?__acrt_LCMapStringA_stat@@YAHPEAU__crt_locale_pointers@@PEB_WKPEBDHPEADHHH@Z 000000018001cb64     libucrt:lcmapstringa.obj
 0004:00000b70       $pdata$?initialize_multibyte@@YAHXZ 000000018001cb70     libucrt:multibyte_initializer.obj
 0004:00000b7c       $pdata$_msize_base         000000018001cb7c     libucrt:msize.obj
 0004:00000b88       $pdata$_realloc_base       000000018001cb88     libucrt:realloc_base.obj
 0004:00000b94       $pdata$__acrt_DownlevelLocaleNameToLCID 000000018001cb94     libucrt:lcidtoname_downlevel.obj
 0004:00000ba0       $pdata$?GetTableIndexFromLocaleName@@YAHPEB_W@Z 000000018001cba0     libucrt:lcidtoname_downlevel.obj
 0004:00000bac       $pdata$_get_osfhandle      000000018001cbac     libucrt:osfinfo.obj
 0004:00000bb8       $pdata$_free_osfhnd        000000018001cbb8     libucrt:osfinfo.obj
 0004:00000bc4       $pdata$__acrt_lowio_create_handle_array 000000018001cbc4     libucrt:osfinfo.obj
 0004:00000bd0       $pdata$__acrt_lowio_destroy_handle_array 000000018001cbd0     libucrt:osfinfo.obj
 0004:00000bdc       $pdata$__acrt_lowio_ensure_fh_exists 000000018001cbdc     libucrt:osfinfo.obj
 0004:00000be8       $pdata$_commit             000000018001cbe8     libucrt:commit.obj
 0004:00000bf4       $pdata$??$?RV<lambda_a37b2b86f63e897a80ea819b0eb08c01>@@AEAV<lambda_38ce7e780aa69e748d6df282ebc68efe>@@V<lambda_99fb1378e971ab6e7edea83e3a7a83a2>@@@?$__crt_seh_guarded_call@H@@QEAAH$$QEAV<lambda_a37b2b86f63e897a80ea819b0eb08c01>@@AEAV<lambda_38ce7e780aa69e748d6df282ebc68efe>@@$$QEAV<lambda_99fb1378e971ab6e7edea83e3a7a83a2>@@@Z 000000018001cbf4     libucrt:commit.obj
 0004:00000c00       $pdata$?fin$0@?0???$?RV<lambda_751a882b2c74d4b022dec766aa51a29a>@@AEAV<lambda_628dfdc04ba53c8bfc02c9951375f3f5>@@V<lambda_f6c7be5f7998530c34de24c7437d6b54>@@@?$__crt_seh_guarded_call@H@@QEAAH$$QEAV<lambda_751a882b2c74d4b022dec766aa51a29a>@@AEAV<lambda_628dfdc04ba53c8bfc02c9951375f3f5>@@$$QEAV<lambda_f6c7be5f7998530c34de24c7437d6b54>@@@Z@4HA 000000018001cc00     libucrt:close.obj
 0004:00000c00       $pdata$?fin$0@?0???$?RV<lambda_a37b2b86f63e897a80ea819b0eb08c01>@@AEAV<lambda_38ce7e780aa69e748d6df282ebc68efe>@@V<lambda_99fb1378e971ab6e7edea83e3a7a83a2>@@@?$__crt_seh_guarded_call@H@@QEAAH$$QEAV<lambda_a37b2b86f63e897a80ea819b0eb08c01>@@AEAV<lambda_38ce7e780aa69e748d6df282ebc68efe>@@$$QEAV<lambda_99fb1378e971ab6e7edea83e3a7a83a2>@@@Z@4HA 000000018001cc00     libucrt:commit.obj
 0004:00000c0c       $pdata$_write              000000018001cc0c     libucrt:write.obj
 0004:00000c18       $pdata$_write$fin$0        000000018001cc18     libucrt:write.obj
 0004:00000c24       $pdata$_write_nolock       000000018001cc24     libucrt:write.obj
 0004:00000c30       $pdata$?write_double_translated_ansi_nolock@@YA?AUwrite_result@?A0x17268360@@HQEBDI@Z 000000018001cc30     libucrt:write.obj
 0004:00000c3c       $pdata$?write_text_ansi_nolock@@YA?AUwrite_result@?A0x17268360@@HQEBDI@Z 000000018001cc3c     libucrt:write.obj
 0004:00000c48       $pdata$?write_text_utf16le_nolock@@YA?AUwrite_result@?A0x17268360@@HQEBDI@Z 000000018001cc48     libucrt:write.obj
 0004:00000c54       $pdata$?write_text_utf8_nolock@@YA?AUwrite_result@?A0x17268360@@HQEBDI@Z 000000018001cc54     libucrt:write.obj
 0004:00000c60       $pdata$_fcloseall          000000018001cc60     libucrt:closeall.obj
 0004:00000c6c       $pdata$_fcloseall$fin$0    000000018001cc6c     libucrt:closeall.obj
 0004:00000c78       $pdata$__acrt_stdio_free_buffer_nolock 000000018001cc78     libucrt:_freebuf.obj
 0004:00000c84       $pdata$_isatty             000000018001cc84     libucrt:isatty.obj
 0004:00000c90       $pdata$_isleadbyte_l       000000018001cc90     libucrt:_wctype.obj
 0004:00000c9c       $pdata$__acrt_locale_free_monetary 000000018001cc9c     libucrt:initmon.obj
 0004:00000ca8       $pdata$__acrt_locale_free_numeric 000000018001cca8     libucrt:initnum.obj
 0004:00000cb4       $pdata$__acrt_locale_free_time 000000018001ccb4     libucrt:inittime.obj
 0004:00000cc0       $pdata$?free_crt_array_internal@@YAXQEAPEBX_K@Z 000000018001ccc0     libucrt:inittime.obj
 0004:00000ccc       $pdata$??$common_lseek_nolock@_J@@YA_JH_JH@Z 000000018001cccc     libucrt:lseek.obj
 0004:00000cd8       $pdata$_putwch_nolock      000000018001ccd8     libucrt:putwch.obj
 0004:00000ce4       $pdata$fclose              000000018001cce4     libucrt:fclose.obj
 0004:00000cf0       $pdata$fclose$fin$0        000000018001ccf0     libucrt:fclose.obj
 0004:00000cfc       $pdata$_fclose_nolock      000000018001ccfc     libucrt:fclose.obj
 0004:00000d14       $pdata$__dcrt_lowio_ensure_console_output_initialized 000000018001cd14     libucrt:initcon.obj
 0004:00000d20       $pdata$__dcrt_write_console_w 000000018001cd20     libucrt:initcon.obj
 0004:00000d2c       $pdata$__dcrt_terminate_console_output 000000018001cd2c     libucrt:initcon.obj
 0004:00000d38       $pdata$_close              000000018001cd38     libucrt:close.obj
 0004:00000d44       $pdata$_close_nolock       000000018001cd44     libucrt:close.obj
 0004:00000d50       $pdata$??$?RV<lambda_751a882b2c74d4b022dec766aa51a29a>@@AEAV<lambda_628dfdc04ba53c8bfc02c9951375f3f5>@@V<lambda_f6c7be5f7998530c34de24c7437d6b54>@@@?$__crt_seh_guarded_call@H@@QEAAH$$QEAV<lambda_751a882b2c74d4b022dec766aa51a29a>@@AEAV<lambda_628dfdc04ba53c8bfc02c9951375f3f5>@@$$QEAV<lambda_f6c7be5f7998530c34de24c7437d6b54>@@@Z 000000018001cd50     libucrt:close.obj
 0004:00000d5c       $pdata$_log_special_common 000000018001cd5c     libucrt:log_special.obj
 0004:00000d68       $pdata$_log10_special      000000018001cd68     libucrt:log_special.obj
 0004:00000d74       $pdata$_IsNonwritableInCurrentImage 000000018001cd74     LIBCMT:pesect.obj
 0004:00000d80       $pdata$_IsNonwritableInCurrentImage$filt$0 000000018001cd80     LIBCMT:pesect.obj
 0004:00000d8c       $pdata$__GSHandlerCheckCommon 000000018001cd8c     LIBCMT:gshandler.obj
 0004:00000d98       $pdata$__GSHandlerCheck    000000018001cd98     LIBCMT:gshandler.obj
 0004:00000db0       $pdata$__report_securityfailure 000000018001cdb0     LIBCMT:gs_report.obj
 0004:00000dbc       $pdata$__report_rangecheckfailure 000000018001cdbc     LIBCMT:gs_report.obj
 0004:00000dc8       $pdata$__report_gsfailure  000000018001cdc8     LIBCMT:gs_report.obj
 0004:00000dd4       $pdata$capture_current_context 000000018001cdd4     LIBCMT:gs_report.obj
 0004:00000de0       $pdata$capture_previous_context 000000018001cde0     LIBCMT:gs_report.obj
 0004:00000dec       $pdata$__raise_securityfailure 000000018001cdec     LIBCMT:gs_report.obj
 0005:00000000       MsetTab                    000000018001d000     libvcruntime:memset.obj
 0005:00000050       MoveSmall                  000000018001d050     libvcruntime:memcpy.obj
