 fx_example

 Timestamp is 5ecfa368 (Thu May 28 13:41:28 2020)

 Preferred load address is 0000000180000000

 Start         Length     Name                   Class
 0001:00000000 00033b80H .text$mn                CODE
 0001:00033b80 00000020H .text$mn$00             CODE
 0001:00033ba0 000002e0H .text$x                 CODE
 0002:00000000 00000218H .idata$5                DATA
 0002:00000218 00000028H .00cfg                  DATA
 0002:00000240 00000008H .CRT$XCA                DATA
 0002:00000248 00000008H .CRT$XCZ                DATA
 0002:00000250 00000008H .CRT$XIA                DATA
 0002:00000258 00000018H .CRT$XIC                DATA
 0002:00000270 00000008H .CRT$XIZ                DATA
 0002:00000278 00000008H .CRT$XPA                DATA
 0002:00000280 00000010H .CRT$XPX                DATA
 0002:00000290 00000008H .CRT$XPXA               DATA
 0002:00000298 00000008H .CRT$XPZ                DATA
 0002:000002a0 00000008H .CRT$XTA                DATA
 0002:000002a8 00000008H .CRT$XTZ                DATA
 0002:000002b0 00000000H .gfids$y                DATA
 0002:000002b0 0000ce60H .rdata                  DATA
 0002:0000d110 00000000H .rdata$r                DATA
 0002:0000d110 00000268H .rdata$zzzdbg           DATA
 0002:0000d378 00000008H .rtc$IAA                DATA
 0002:0000d380 00000008H .rtc$IZZ                DATA
 0002:0000d388 00000008H .rtc$TAA                DATA
 0002:0000d390 00000008H .rtc$TZZ                DATA
 0002:0000d398 00002808H .xdata                  DATA
 0002:0000fb98 00000000H .xdata$x                DATA
 0002:0000fba0 00000050H .edata                  DATA
 0002:0000fbf0 00000014H .idata$2                DATA
 0002:0000fc04 00000014H .idata$3                DATA
 0002:0000fc18 00000218H .idata$4                DATA
 0002:0000fe30 000004e2H .idata$6                DATA
 0003:00000000 00001dc0H .data                   DATA
 0003:00001dc0 00000000H .data$r                 DATA
 0003:00001dc0 000011b0H .bss                    DATA
 0004:00000000 00001e0cH .pdata                  DATA
 0005:00000000 00000094H _RDATA                  DATA

  Address         Publics by Value              Rva+Base               Lib:Object

 0000:00000000       __hybrid_code_map_count    0000000000000000     <absolute>
 0000:00000000       __hybrid_code_map          0000000000000000     <absolute>
 0000:00000000       __guard_iat_count          0000000000000000     <absolute>
 0000:00000000       __guard_eh_cont_count      0000000000000000     <absolute>
 0000:00000000       __guard_longjmp_count      0000000000000000     <absolute>
 0000:00000000       __volatile_metadata        0000000000000000     <absolute>
 0000:00000000       __guard_longjmp_table      0000000000000000     <absolute>
 0000:00000000       __guard_iat_table          0000000000000000     <absolute>
 0000:00000000       __guard_fids_count         0000000000000000     <absolute>
 0000:00000000       __guard_eh_cont_table      0000000000000000     <absolute>
 0000:00000000       ___safe_se_handler_count   0000000000000000     <absolute>
 0000:00000000       __enclave_config           0000000000000000     <absolute>
 0000:00000000       __dynamic_value_reloc_table 0000000000000000     <absolute>
 0000:00000000       __AbsoluteZero             0000000000000000     <absolute>
 0000:00000000       ___safe_se_handler_table   0000000000000000     <absolute>
 0000:00000000       __guard_fids_table         0000000000000000     <absolute>
 0000:00000000       __hybrid_auxiliary_iat     0000000000000000     <absolute>
 0000:00000100       __guard_flags              0000000000000100     <absolute>
 0000:00000000       __ImageBase                0000000180000000     <linker-defined>
 0001:000005b0       ringmod_init               00000001800015b0 f   ringmod.o
 0001:00000be0       ws_tanh_init               0000000180001be0 f   ws_tanh.o
 0001:00001370       ws_tanh_asym_init          0000000180002370 f   ws_tanh_asym.o
 0001:00001f60       bitcrusher_init            0000000180002f60 f   bitcrusher.o
 0001:000027b0       ws_exp_init                00000001800037b0 f   ws_exp.o
 0001:000034c0       ws_fm_init                 00000001800044c0 f   ws_fm.o
 0001:000040b0       resample_nearest_init      00000001800050b0 f   resample_nearest.o
 0001:00004f10       resample_linear_init       0000000180005f10 f   resample_linear.o
 0001:00005070       ?calcParams@StBiquadCoeff@@QEAAXHMMM@Z 0000000180006070 f   biquad.o
 0001:00005fb0       biquad_lpf_1_init          0000000180006fb0 f   biquad_lpf_1.o
 0001:00006120       ?calcParams@StBiquad@@QEAAXIHMMM@Z 0000000180007120 f i biquad_lpf_1.o
 0001:00006eb0       biquad_lpf_2_init          0000000180007eb0 f   biquad_lpf_2.o
 0001:00007f90       biquad_lpf_3_init          0000000180008f90 f   biquad_lpf_3.o
 0001:00008fc0       biquad_lpf_4_init          0000000180009fc0 f   biquad_lpf_4.o
 0001:00009970       biquad_hpf_1_init          000000018000a970 f   biquad_hpf_1.o
 0001:0000a790       biquad_hpf_2_init          000000018000b790 f   biquad_hpf_2.o
 0001:0000b870       biquad_hpf_3_init          000000018000c870 f   biquad_hpf_3.o
 0001:0000c8a0       biquad_hpf_4_init          000000018000d8a0 f   biquad_hpf_4.o
 0001:0000d250       biquad_bpf_1_init          000000018000e250 f   biquad_bpf_1.o
 0001:0000e280       biquad_bpf_2_init          000000018000f280 f   biquad_bpf_2.o
 0001:0000f2b0       biquad_bpf_3_init          00000001800102b0 f   biquad_bpf_3.o
 0001:000102e0       biquad_bpf_4_init          00000001800112e0 f   biquad_bpf_4.o
 0001:00010c50       biquad_brf_1_init          0000000180011c50 f   biquad_brf_1.o
 0001:00011a70       biquad_brf_2_init          0000000180012a70 f   biquad_brf_2.o
 0001:00012b50       biquad_brf_3_init          0000000180013b50 f   biquad_brf_3.o
 0001:00013b80       biquad_brf_4_init          0000000180014b80 f   biquad_brf_4.o
 0001:000145a0       biquad_peq_1_init          00000001800155a0 f   biquad_peq_1.o
 0001:00015440       biquad_peq_2_init          0000000180016440 f   biquad_peq_2.o
 0001:000165b0       biquad_peq_3_init          00000001800175b0 f   biquad_peq_3.o
 0001:00017650       biquad_peq_4_init          0000000180018650 f   biquad_peq_4.o
 0001:00018040       biquad_lsh_1_init          0000000180019040 f   biquad_lsh_1.o
 0001:00018ee0       biquad_lsh_2_init          0000000180019ee0 f   biquad_lsh_2.o
 0001:0001a050       biquad_lsh_3_init          000000018001b050 f   biquad_lsh_3.o
 0001:0001b0f0       biquad_lsh_4_init          000000018001c0f0 f   biquad_lsh_4.o
 0001:0001bae0       biquad_hsh_1_init          000000018001cae0 f   biquad_hsh_1.o
 0001:0001c980       biquad_hsh_2_init          000000018001d980 f   biquad_hsh_2.o
 0001:0001daf0       biquad_hsh_3_init          000000018001eaf0 f   biquad_hsh_3.o
 0001:0001eb90       biquad_hsh_4_init          000000018001fb90 f   biquad_hsh_4.o
 0001:0001f500       amp_init                   0000000180020500 f   amp.o
 0001:0001fd30       pan_init                   0000000180020d30 f   pan.o
 0001:00020980       ws_smoothstep_init         0000000180021980 f   ws_smoothstep.o
 0001:00021740       dly_1_init                 0000000180022740 f   dly_1.o
 0001:00022180       dly_2_init                 0000000180023180 f   dly_2.o
 0001:00022fc0       dly_flt_2_init             0000000180023fc0 f   dly_flt_2.o
 0001:00023130       ?calcFltCoeff@dly_flt_2_voice_s@@QEAAXAEAUStBiquadCoeff@@MMM@Z 0000000180024130 f i dly_flt_2.o
 0001:00024200       bitflipper_init            0000000180025200 f   bitflipper.o
 0001:00024360       st_plugin_init             0000000180025360 f   fx_example.o
 0001:00024824       _DllMainCRTStartup         0000000180025824 f   LIBCMT:dll_dllmain.obj
 0001:00024864       __security_init_cookie     0000000180025864 f   LIBCMT:gs_support.obj
 0001:00024910       DllMain                    0000000180025910 f   LIBCMT:dll_dllmain_stub.obj
 0001:00024910       _get_startup_argv_mode     0000000180025910 f   LIBCMT:argv_mode.obj
 0001:00024918       ?__scrt_initialize_type_info@@YAXXZ 0000000180025918 f   LIBCMT:tncleanup.obj
 0001:00024928       ?__scrt_uninitialize_type_info@@YAXXZ 0000000180025928 f   LIBCMT:tncleanup.obj
 0001:00024934       __local_stdio_printf_options 0000000180025934 f i LIBCMT:default_local_stdio_options.obj
 0001:0002493c       __local_stdio_scanf_options 000000018002593c f i LIBCMT:default_local_stdio_options.obj
 0001:00024944       __scrt_initialize_default_local_stdio_options 0000000180025944 f   LIBCMT:default_local_stdio_options.obj
 0001:00024960       __scrt_acquire_startup_lock 0000000180025960 f   LIBCMT:utility.obj
 0001:0002499c       __scrt_dllmain_after_initialize_c 000000018002599c f   LIBCMT:utility.obj
 0001:000249d0       __scrt_dllmain_before_initialize_c 00000001800259d0 f   LIBCMT:utility.obj
 0001:000249e8       __scrt_dllmain_crt_thread_attach 00000001800259e8 f   LIBCMT:utility.obj
 0001:00024a10       __scrt_dllmain_crt_thread_detach 0000000180025a10 f   LIBCMT:utility.obj
 0001:00024a28       __scrt_dllmain_exception_filter 0000000180025a28 f   LIBCMT:utility.obj
 0001:00024a88       __scrt_dllmain_uninitialize_c 0000000180025a88 f   LIBCMT:utility.obj
 0001:00024ab8       __scrt_dllmain_uninitialize_critical 0000000180025ab8 f   LIBCMT:utility.obj
 0001:00024acc       __scrt_initialize_crt      0000000180025acc f   LIBCMT:utility.obj
 0001:00024b18       __scrt_initialize_onexit_tables 0000000180025b18 f   LIBCMT:utility.obj
 0001:00024ba4       __scrt_is_nonwritable_in_current_image 0000000180025ba4 f   LIBCMT:utility.obj
 0001:00024c3c       __scrt_release_startup_lock 0000000180025c3c f   LIBCMT:utility.obj
 0001:00024c60       __scrt_uninitialize_crt    0000000180025c60 f   LIBCMT:utility.obj
 0001:00024c8c       __scrt_get_dyn_tls_init_callback 0000000180025c8c f   LIBCMT:dyn_tls_init.obj
 0001:00024c94       __crt_debugger_hook        0000000180025c94 f   LIBCMT:utility_desktop.obj
 0001:00024c9c       __scrt_fastfail            0000000180025c9c f   LIBCMT:utility_desktop.obj
 0001:00024de8       _RTC_Initialize            0000000180025de8 f   LIBCMT:initsect.obj
 0001:00024e24       _RTC_Terminate             0000000180025e24 f   LIBCMT:initsect.obj
 0001:00024e60       _guard_check_icall_nop     0000000180025e60 f i LIBCMT:guard_support.obj
 0001:00024e64       __isa_available_init       0000000180025e64 f   LIBCMT:cpu_disp.obj
 0001:00025008       __scrt_is_ucrt_dll_in_use  0000000180026008 f   LIBCMT:ucrt_detection.obj
 0001:00025020       IsProcessorFeaturePresent  0000000180026020 f   kernel32:KERNEL32.dll
 0001:00025040       memset_repmovs             0000000180026040 f   libvcruntime:memset.obj
 0001:00025060       memset                     0000000180026060 f   libvcruntime:memset.obj
 0001:000251f0       __C_specific_handler       00000001800261f0 f   libvcruntime:riscchandler.obj
 0001:000253fc       __std_type_info_destroy_list 00000001800263fc f   libvcruntime:std_type_info.obj
 0001:00025428       __vcrt_initialize          0000000180026428 f   libvcruntime:initialization.obj
 0001:00025450       __vcrt_thread_attach       0000000180026450 f   libvcruntime:initialization.obj
 0001:00025464       __vcrt_thread_detach       0000000180026464 f   libvcruntime:initialization.obj
 0001:00025478       __vcrt_uninitialize        0000000180026478 f   libvcruntime:initialization.obj
 0001:00025494       __vcrt_uninitialize_critical 0000000180026494 f   libvcruntime:initialization.obj
 0001:000254a4       __DestructExceptionObject  00000001800264a4 f   libvcruntime:ehhelpers.obj
 0001:00025514       ?_CallMemberFunction0@@YAXQEAX0@Z 0000000180026514 f i libvcruntime:ehhelpers.obj
 0001:00025530       _NLG_Notify                0000000180026530 f   libvcruntime:notify.obj
 0001:00025550       __NLG_Dispatch2            0000000180026550 f   libvcruntime:notify.obj
 0001:00025560       __NLG_Return2              0000000180026560 f   libvcruntime:notify.obj
 0001:00025564       __except_validate_context_record 0000000180026564 f   libvcruntime:jbcxrval.obj
 0001:0002559c       __vcrt_freefls             000000018002659c f   libvcruntime:per_thread_data.obj
 0001:000255bc       __vcrt_freeptd             00000001800265bc f   libvcruntime:per_thread_data.obj
 0001:0002560c       __vcrt_getptd              000000018002660c f   libvcruntime:per_thread_data.obj
 0001:00025628       __vcrt_getptd_noexit       0000000180026628 f   libvcruntime:per_thread_data.obj
 0001:000256e8       __vcrt_initialize_ptd      00000001800266e8 f   libvcruntime:per_thread_data.obj
 0001:00025730       __vcrt_uninitialize_ptd    0000000180026730 f   libvcruntime:per_thread_data.obj
 0001:00025754       __vcrt_initialize_locks    0000000180026754 f   libvcruntime:locks.obj
 0001:00025788       __vcrt_uninitialize_locks  0000000180026788 f   libvcruntime:locks.obj
 0001:000257d0       memcpy_repmovs             00000001800267d0 f   libvcruntime:memcpy.obj
 0001:000257f0       memcpy                     00000001800267f0 f   libvcruntime:memcpy.obj
 0001:000257f0       memmove                    00000001800267f0 f   libvcruntime:memcpy.obj
 0001:00025d14       __vcrt_FlsAlloc            0000000180026d14 f   libvcruntime:winapi_downlevel.obj
 0001:00025d5c       __vcrt_FlsFree             0000000180026d5c f   libvcruntime:winapi_downlevel.obj
 0001:00025da4       __vcrt_FlsGetValue         0000000180026da4 f   libvcruntime:winapi_downlevel.obj
 0001:00025dec       __vcrt_FlsSetValue         0000000180026dec f   libvcruntime:winapi_downlevel.obj
 0001:00025e40       __vcrt_InitializeCriticalSectionEx 0000000180026e40 f   libvcruntime:winapi_downlevel.obj
 0001:00025ec0       _CallSettingFrame          0000000180026ec0 f   libvcruntime:handlers.obj
 0001:00025f10       _CallSettingFrame_LookupContinuationIndex 0000000180026f10 f   libvcruntime:handlers.obj
 0001:00025f40       _CallSettingFrame_NotifyContinuationAddr 0000000180026f40 f   libvcruntime:handlers.obj
 0001:00025f70       _CallSettingFrameEncoded   0000000180026f70 f   libvcruntime:handlers.obj
 0001:00025fb8       free                       0000000180026fb8 f   libucrt:free.obj
 0001:00025fcc       malloc                     0000000180026fcc f   libucrt:malloc.obj
 0001:00025fe0       sinf                       0000000180026fe0 f   libucrt:sinf.obj
 0001:000266e0       powf                       00000001800276e0 f   libucrt:powf.obj
 0001:000275a8       tanhf                      00000001800285a8 f   libucrt:tanhf.obj
 0001:00027840       exp                        0000000180028840 f   libucrt:exp.obj
 0001:00027c40       sin                        0000000180028c40 f   libucrt:sin.obj
 0001:000281b0       cosf                       00000001800291b0 f   libucrt:cosf.obj
 0001:000286b0       sinh                       00000001800296b0 f   libucrt:sinh.obj
 0001:00028b90       pow                        0000000180029b90 f   libucrt:pow.obj
 0001:0002a224       sqrt                       000000018002b224 f   libucrt:sqrt.obj
 0001:0002a2f0       tan                        000000018002b2f0 f   libucrt:tan.obj
 0001:0002aa88       _initterm                  000000018002ba88 f   libucrt:initterm.obj
 0001:0002aaec       _initterm_e                000000018002baec f   libucrt:initterm.obj
 0001:0002ab2c       _seh_filter_dll            000000018002bb2c f   libucrt:exception_filter.obj
 0001:0002ab40       _seh_filter_exe            000000018002bb40 f   libucrt:exception_filter.obj
 0001:0002af4c       __acrt_initialize_thread_local_exit_callback 000000018002bf4c f   libucrt:exit.obj
 0001:0002af54       _cexit                     000000018002bf54 f   libucrt:exit.obj
 0001:0002af64       _exit                      000000018002bf64 f   libucrt:exit.obj
 0001:0002af70       _is_c_termination_complete 000000018002bf70 f   libucrt:exit.obj
 0001:0002b134       __acrt_allocate_buffer_for_argv 000000018002c134 f   libucrt:argv_parsing.obj
 0001:0002b194       _configure_narrow_argv     000000018002c194 f   libucrt:argv_parsing.obj
 0001:0002b510       __dcrt_uninitialize_environments_nolock 000000018002c510 f   libucrt:environment_initialization.obj
 0001:0002b548       _initialize_narrow_environment 000000018002c548 f   libucrt:environment_initialization.obj
 0001:0002b6d8       _execute_onexit_table      000000018002c6d8 f   libucrt:onexit.obj
 0001:0002b714       _initialize_onexit_table   000000018002c714 f   libucrt:onexit.obj
 0001:0002b78c       __acrt_uninitialize_command_line 000000018002c78c f   libucrt:argv_data.obj
 0001:0002b898       __acrt_initialize          000000018002c898 f   libucrt:initialization.obj
 0001:0002b8ac       __acrt_thread_attach       000000018002c8ac f   libucrt:initialization.obj
 0001:0002b8c0       __acrt_thread_detach       000000018002c8c0 f   libucrt:initialization.obj
 0001:0002b8d0       __acrt_uninitialize        000000018002c8d0 f   libucrt:initialization.obj
 0001:0002b908       __acrt_uninitialize_critical 000000018002c908 f   libucrt:initialization.obj
 0001:0002b918       terminate                  000000018002c918 f   libucrt:terminate.obj
 0001:0002b938       strcpy_s                   000000018002c938 f   libucrt:strcpy_s.obj
 0001:0002b998       abort                      000000018002c998 f   libucrt:abort.obj
 0001:0002b9f0       ??0_LocaleUpdate@@QEAA@QEAU__crt_locale_pointers@@@Z 000000018002c9f0 f i libucrt:output.obj
 0001:0002ba90       strncmp                    000000018002ca90 f   libucrt:strncmp.obj
 0001:0002bb10       calloc                     000000018002cb10 f   libucrt:calloc.obj
 0001:0002bb18       wcsncmp                    000000018002cb18 f   libucrt:wcsncmp.obj
 0001:0002bb44       _free_base                 000000018002cb44 f   libucrt:free_base.obj
 0001:0002bb84       _malloc_base               000000018002cb84 f   libucrt:malloc_base.obj
 0001:0002bbf0       __acrt_initialize_fma3     000000018002cbf0 f   libucrt:fma3_available.obj
 0001:0002bc60       __remainder_piby2d2f_forC  000000018002cc60 f   libucrt:remainder_piby2f_forc.obj
 0001:0002bdec       _cosf_special              000000018002cdec f   libucrt:sincos_special.obj
 0001:0002be00       _sin_special               000000018002ce00 f   libucrt:sincos_special.obj
 0001:0002bf44       _sinf_special              000000018002cf44 f   libucrt:sincos_special.obj
 0001:0002bf58       _tan_special               000000018002cf58 f   libucrt:sincos_special.obj
 0001:0002bf70       _pow_special               000000018002cf70 f   libucrt:pow_special.obj
 0001:0002c094       _powf_special              000000018002d094 f   libucrt:pow_special.obj
 0001:0002c220       _clrfp                     000000018002d220 f   libucrt:fpctrl.obj
 0001:0002c240       _ctrlfp                    000000018002d240 f   libucrt:fpctrl.obj
 0001:0002c2bc       _set_statfp                000000018002d2bc f   libucrt:fpctrl.obj
 0001:0002c2dc       _statfp                    000000018002d2dc f   libucrt:fpctrl.obj
 0001:0002c414       _handle_error              000000018002d414 f   libucrt:libm_error.obj
 0001:0002c53c       _handle_errorf             000000018002d53c f   libucrt:libm_error.obj
 0001:0002c670       _handle_nan                000000018002d670 f   libucrt:libm_error.obj
 0001:0002c68c       _handle_nanf               000000018002d68c f   libucrt:libm_error.obj
 0001:0002c6a0       _exp_special               000000018002d6a0 f   libucrt:exp_special.obj
 0001:0002c740       __remainder_piby2_forAsm   000000018002d740 f   libucrt:remainder_piby2_forasm.obj
 0001:0002c950       __remainder_piby2_cw_forAsm 000000018002d950 f   libucrt:remainder_piby2_forasm.obj
 0001:0002ca90       __remainder_piby2_fma3     000000018002da90 f   libucrt:remainder_piby2_forfma3.obj
 0001:0002cc80       __remainder_piby2_fma3_bdl 000000018002dc80 f   libucrt:remainder_piby2_forfma3.obj
 0001:0002cd00       __remainder_piby2d2f_forAsm 000000018002dd00 f   libucrt:remainder_piby2f_forasm.obj
 0001:0002d1c8       __acrt_freeptd             000000018002e1c8 f   libucrt:per_thread_data.obj
 0001:0002d20c       __acrt_getptd              000000018002e20c f   libucrt:per_thread_data.obj
 0001:0002d2d8       __acrt_getptd_head         000000018002e2d8 f   libucrt:per_thread_data.obj
 0001:0002d380       __acrt_getptd_noexit       000000018002e380 f   libucrt:per_thread_data.obj
 0001:0002d450       __acrt_initialize_ptd      000000018002e450 f   libucrt:per_thread_data.obj
 0001:0002d48c       __acrt_uninitialize_ptd    000000018002e48c f   libucrt:per_thread_data.obj
 0001:0002d4b0       __acrt_initialize_locks    000000018002e4b0 f   libucrt:locks.obj
 0001:0002d4f8       __acrt_lock                000000018002e4f8 f   libucrt:locks.obj
 0001:0002d514       __acrt_uninitialize_locks  000000018002e514 f   libucrt:locks.obj
 0001:0002d54c       __acrt_unlock              000000018002e54c f   libucrt:locks.obj
 0001:0002d568       __acrt_get_process_end_policy 000000018002e568 f   libucrt:win_policies.obj
 0001:0002d5a4       __acrt_call_reportfault    000000018002e5a4 f   libucrt:invalid_parameter.obj
 0001:0002d700       __acrt_initialize_invalid_parameter_handler 000000018002e700 f   libucrt:invalid_parameter.obj
 0001:0002d708       _invalid_parameter         000000018002e708 f   libucrt:invalid_parameter.obj
 0001:0002d7b8       _invalid_parameter_noinfo  000000018002e7b8 f   libucrt:invalid_parameter.obj
 0001:0002d7d8       _invoke_watson             000000018002e7d8 f   libucrt:invalid_parameter.obj
 0001:0002d820       __acrt_errno_from_os_error 000000018002e820 f   libucrt:errno.obj
 0001:0002d868       __acrt_errno_map_os_error  000000018002e868 f   libucrt:errno.obj
 0001:0002d8b8       __doserrno                 000000018002e8b8 f   libucrt:errno.obj
 0001:0002d8d8       _errno                     000000018002e8d8 f   libucrt:errno.obj
 0001:0002d8f8       _calloc_base               000000018002e8f8 f   libucrt:calloc_base.obj
 0001:0002ded4       __acrt_expand_narrow_argv_wildcards 000000018002eed4 f   libucrt:argv_wildcards.obj
 0001:0002e61c       __acrt_initialize_multibyte 000000018002f61c f   libucrt:mbctype.obj
 0001:0002e67c       __acrt_update_thread_multibyte_data 000000018002f67c f   libucrt:mbctype.obj
 0001:0002e698       _setmbcp_nolock            000000018002f698 f   libucrt:mbctype.obj
 0001:0002e9d0       _ismbblead                 000000018002f9d0 f   libucrt:ismbbyte.obj
 0001:0002e9e4       __acrt_initialize_command_line 000000018002f9e4 f   libucrt:argv_data.obj
 0001:0002ea0c       __dcrt_get_narrow_environment_from_os 000000018002fa0c f   libucrt:get_environment_from_os.obj
 0001:0002eb10       _recalloc                  000000018002fb10 f   libucrt:recalloc.obj
 0001:0002eb18       _recalloc_base             000000018002fb18 f   libucrt:recalloc.obj
 0001:0002ed88       __acrt_AppPolicyGetProcessTerminationMethodInternal 000000018002fd88 f   libucrt:winapi_thunks.obj
 0001:0002edd8       __acrt_FlsAlloc            000000018002fdd8 f   libucrt:winapi_thunks.obj
 0001:0002ee20       __acrt_FlsFree             000000018002fe20 f   libucrt:winapi_thunks.obj
 0001:0002ee68       __acrt_FlsGetValue         000000018002fe68 f   libucrt:winapi_thunks.obj
 0001:0002eeb0       __acrt_FlsSetValue         000000018002feb0 f   libucrt:winapi_thunks.obj
 0001:0002ef04       __acrt_InitializeCriticalSectionEx 000000018002ff04 f   libucrt:winapi_thunks.obj
 0001:0002ef68       __acrt_LCMapStringEx       000000018002ff68 f   libucrt:winapi_thunks.obj
 0001:0002f044       __acrt_LocaleNameToLCID    0000000180030044 f   libucrt:winapi_thunks.obj
 0001:0002f094       __acrt_initialize_winapi_thunks 0000000180030094 f   libucrt:winapi_thunks.obj
 0001:0002f0dc       __acrt_uninitialize_winapi_thunks 00000001800300dc f   libucrt:winapi_thunks.obj
 0001:0002f120       __acrt_initialize_heap     0000000180030120 f   libucrt:heap_handle.obj
 0001:0002f13c       __acrt_uninitialize_heap   000000018003013c f   libucrt:heap_handle.obj
 0001:0002f330       __acrt_initialize_lowio    0000000180030330 f   libucrt:ioinit.obj
 0001:0002f36c       __acrt_uninitialize_lowio  000000018003036c f   libucrt:ioinit.obj
 0001:0002f3ac       __acrt_execute_initializers 00000001800303ac f   libucrt:shared_initialization.obj
 0001:0002f42c       __acrt_execute_uninitializers 000000018003042c f   libucrt:shared_initialization.obj
 0001:0002f468       __acrt_initialize_new_handler 0000000180030468 f   libucrt:new_handler.obj
 0001:0002f470       _callnewh                  0000000180030470 f   libucrt:new_handler.obj
 0001:0002f4a0       _query_new_handler         00000001800304a0 f   libucrt:new_handler.obj
 0001:0002f51c       __acrt_get_sigabrt_handler 000000018003051c f   libucrt:signal.obj
 0001:0002f54c       __acrt_initialize_signal_handlers 000000018003054c f   libucrt:signal.obj
 0001:0002f56c       raise                      000000018003056c f   libucrt:signal.obj
 0001:0002f7e0       __acrt_has_user_matherr    00000001800307e0 f   libucrt:matherr.obj
 0001:0002f800       __acrt_initialize_user_matherr 0000000180030800 f   libucrt:matherr.obj
 0001:0002f808       __acrt_invoke_user_matherr 0000000180030808 f   libucrt:matherr.obj
 0001:0002fa1c       __acrt_stdio_flush_nolock  0000000180030a1c f   libucrt:fflush.obj
 0001:0002fa98       _fflush_nolock             0000000180030a98 f   libucrt:fflush.obj
 0001:0002fae4       _flushall                  0000000180030ae4 f   libucrt:fflush.obj
 0001:0002faec       __acrt_initialize_stdio    0000000180030aec f   libucrt:_file.obj
 0001:0002fc0c       __acrt_uninitialize_stdio  0000000180030c0c f   libucrt:_file.obj
 0001:0002fc68       _lock_file                 0000000180030c68 f   libucrt:_file.obj
 0001:0002fc74       _unlock_file               0000000180030c74 f   libucrt:_file.obj
 0001:0002fc80       _mbtowc_l                  0000000180030c80 f   libucrt:mbtowc.obj
 0001:0002fdc8       mbtowc                     0000000180030dc8 f   libucrt:mbtowc.obj
 0001:0002fdd0       __acrt_update_locale_info  0000000180030dd0 f   libucrt:locale_update.obj
 0001:0002fe04       __acrt_update_multibyte_info 0000000180030e04 f   libucrt:locale_update.obj
 0001:0002fe38       _fileno                    0000000180030e38 f   libucrt:fileno.obj
 0001:0002fed0       __acrt_set_locale_changed  0000000180030ed0 f   libucrt:wsetlocale.obj
 0001:0002fedc       __acrt_uninitialize_locale 0000000180030edc f   libucrt:wsetlocale.obj
 0001:0002ff0c       __pctype_func              0000000180030f0c f   libucrt:ctype.obj
 0001:0002ff3c       _query_new_mode            0000000180030f3c f   libucrt:new_mode.obj
 0001:0002ff60       _get_fpsr                  0000000180030f60 f   libucrt:fpsr.obj
 0001:0002ff70       _set_fpsr                  0000000180030f70 f   libucrt:fpsr.obj
 0001:0002ff7a       _fclrf                     0000000180030f7a f   libucrt:fpsr.obj
 0001:0002ff8e       _frnd                      0000000180030f8e f   libucrt:fpsr.obj
 0001:0002ffb0       _raise_exc                 0000000180030fb0 f   libucrt:fpexcept.obj
 0001:0002ffd8       _raise_exc_ex              0000000180030fd8 f   libucrt:fpexcept.obj
 0001:000302e0       _raise_excf                00000001800312e0 f   libucrt:fpexcept.obj
 0001:0003030c       _set_errno_from_matherr    000000018003130c f   libucrt:fpexcept.obj
 0001:0003033c       __acrt_add_locale_ref      000000018003133c f   libucrt:locale_refcounting.obj
 0001:000303c8       __acrt_free_locale         00000001800313c8 f   libucrt:locale_refcounting.obj
 0001:00030540       __acrt_locale_add_lc_time_reference 0000000180031540 f   libucrt:locale_refcounting.obj
 0001:00030568       __acrt_locale_free_lc_time_if_unreferenced 0000000180031568 f   libucrt:locale_refcounting.obj
 0001:000305a0       __acrt_locale_release_lc_time_reference 00000001800315a0 f   libucrt:locale_refcounting.obj
 0001:000305c8       __acrt_release_locale_ref  00000001800315c8 f   libucrt:locale_refcounting.obj
 0001:00030670       __acrt_update_thread_locale_data 0000000180031670 f   libucrt:locale_refcounting.obj
 0001:000306e0       _updatetlocinfoEx_nolock   00000001800316e0 f   libucrt:locale_refcounting.obj
 0001:00030750       qsort                      0000000180031750 f   libucrt:qsort.obj
 0001:00030b00       strncpy_s                  0000000180031b00 f   libucrt:strncpy_s.obj
 0001:00030c80       strpbrk                    0000000180031c80 f   libucrt:strpbrk.obj
 0001:00031060       _mbsdec                    0000000180032060 f   libucrt:mbsdec.obj
 0001:00031068       _mbsdec_l                  0000000180032068 f   libucrt:mbsdec.obj
 0001:000310f8       __acrt_GetStringTypeA      00000001800320f8 f   libucrt:getstringtypea.obj
 0001:000315a0       __acrt_LCMapStringA        00000001800325a0 f   libucrt:lcmapstringa.obj
 0001:00031650       _msize                     0000000180032650 f   libucrt:msize.obj
 0001:00031658       _msize_base                0000000180032658 f   libucrt:msize.obj
 0001:00031694       _realloc_base              0000000180032694 f   libucrt:realloc_base.obj
 0001:000317dc       __acrt_DownlevelLocaleNameToLCID 00000001800327dc f   libucrt:lcidtoname_downlevel.obj
 0001:00031810       __acrt_lowio_create_handle_array 0000000180032810 f   libucrt:osfinfo.obj
 0001:000318a8       __acrt_lowio_destroy_handle_array 00000001800328a8 f   libucrt:osfinfo.obj
 0001:000318f8       __acrt_lowio_ensure_fh_exists 00000001800328f8 f   libucrt:osfinfo.obj
 0001:000319a0       __acrt_lowio_lock_fh       00000001800329a0 f   libucrt:osfinfo.obj
 0001:000319c4       __acrt_lowio_unlock_fh     00000001800329c4 f   libucrt:osfinfo.obj
 0001:000319e8       _free_osfhnd               00000001800329e8 f   libucrt:osfinfo.obj
 0001:00031aa4       _get_osfhandle             0000000180032aa4 f   libucrt:osfinfo.obj
 0001:00031ba8       _commit                    0000000180032ba8 f   libucrt:commit.obj
 0001:000321f4       _write                     00000001800331f4 f   libucrt:write.obj
 0001:000322e0       _write_nolock              00000001800332e0 f   libucrt:write.obj
 0001:00032624       _fcloseall                 0000000180033624 f   libucrt:closeall.obj
 0001:000326d8       __acrt_stdio_free_buffer_nolock 00000001800336d8 f   libucrt:_freebuf.obj
 0001:00032718       _isatty                    0000000180033718 f   libucrt:isatty.obj
 0001:00032778       _isleadbyte_l              0000000180033778 f i libucrt:_wctype.obj
 0001:000327b8       __acrt_MultiByteToWideChar 00000001800337b8 f   libucrt:multibytetowidechar.obj
 0001:000327c0       __acrt_locale_free_monetary 00000001800337c0 f   libucrt:initmon.obj
 0001:000328cc       __acrt_locale_free_numeric 00000001800338cc f   libucrt:initnum.obj
 0001:0003298c       __acrt_locale_free_time    000000018003398c f   libucrt:inittime.obj
 0001:00032a94       __strncnt                  0000000180033a94 f   libucrt:strncnt.obj
 0001:00032aac       _query_app_type            0000000180033aac f   libucrt:report_runtime_error.obj
 0001:00032b50       _lseeki64_nolock           0000000180033b50 f   libucrt:lseek.obj
 0001:00032b58       _putwch_nolock             0000000180033b58 f   libucrt:putwch.obj
 0001:00032b94       _fclose_nolock             0000000180033b94 f   libucrt:fclose.obj
 0001:00032c18       fclose                     0000000180033c18 f   libucrt:fclose.obj
 0001:00032c80       log10                      0000000180033c80 f   libucrt:log10.obj
 0001:0003322c       __dcrt_lowio_ensure_console_output_initialized 000000018003422c f   libucrt:initcon.obj
 0001:00033280       __dcrt_terminate_console_output 0000000180034280 f   libucrt:initcon.obj
 0001:0003329c       __dcrt_write_console_w     000000018003429c f   libucrt:initcon.obj
 0001:000333d0       _close                     00000001800343d0 f   libucrt:close.obj
 0001:00033474       _close_nolock              0000000180034474 f   libucrt:close.obj
 0001:00033530       ?__acrt_stdio_free_stream@@YAXV__crt_stdio_stream@@@Z 0000000180034530 f   libucrt:stream.obj
 0001:00033550       _log10_special             0000000180034550 f   libucrt:log_special.obj
 0001:00033610       _FindPESection             0000000180034610 f   LIBCMT:pesect.obj
 0001:00033660       _IsNonwritableInCurrentImage 0000000180034660 f   LIBCMT:pesect.obj
 0001:000336b0       _ValidateImageBase         00000001800346b0 f   LIBCMT:pesect.obj
 0001:000336e0       __GSHandlerCheck           00000001800346e0 f   LIBCMT:gshandler.obj
 0001:00033700       __GSHandlerCheckCommon     0000000180034700 f   LIBCMT:gshandler.obj
 0001:00033770       __security_check_cookie    0000000180034770 f   LIBCMT:amdsecgs.obj
 0001:00033794       __raise_securityfailure    0000000180034794 f   LIBCMT:gs_report.obj
 0001:000337c8       __report_gsfailure         00000001800347c8 f   LIBCMT:gs_report.obj
 0001:0003389c       __report_rangecheckfailure 000000018003489c f   LIBCMT:gs_report.obj
 0001:000338b0       __report_securityfailure   00000001800348b0 f   LIBCMT:gs_report.obj
 0001:00033a40       __chkstk                   0000000180034a40 f   LIBCMT:chkstk.obj
 0001:00033a40       _alloca_probe              0000000180034a40 f   LIBCMT:chkstk.obj
 0001:00033ab0       memcmp                     0000000180034ab0 f   libvcruntime:memcmp.obj
 0001:00033b90       _guard_dispatch_icall_nop  0000000180034b90 f   LIBCMT:guard_dispatch.obj
 0002:00000000       __imp_QueryPerformanceCounter 0000000180035000     kernel32:KERNEL32.dll
 0002:00000008       __imp_GetCurrentProcessId  0000000180035008     kernel32:KERNEL32.dll
 0002:00000010       __imp_GetCurrentThreadId   0000000180035010     kernel32:KERNEL32.dll
 0002:00000018       __imp_GetSystemTimeAsFileTime 0000000180035018     kernel32:KERNEL32.dll
 0002:00000020       __imp_InitializeSListHead  0000000180035020     kernel32:KERNEL32.dll
 0002:00000028       __imp_RtlCaptureContext    0000000180035028     kernel32:KERNEL32.dll
 0002:00000030       __imp_RtlLookupFunctionEntry 0000000180035030     kernel32:KERNEL32.dll
 0002:00000038       __imp_RtlVirtualUnwind     0000000180035038     kernel32:KERNEL32.dll
 0002:00000040       __imp_IsDebuggerPresent    0000000180035040     kernel32:KERNEL32.dll
 0002:00000048       __imp_UnhandledExceptionFilter 0000000180035048     kernel32:KERNEL32.dll
 0002:00000050       __imp_SetUnhandledExceptionFilter 0000000180035050     kernel32:KERNEL32.dll
 0002:00000058       __imp_GetStartupInfoW      0000000180035058     kernel32:KERNEL32.dll
 0002:00000060       __imp_IsProcessorFeaturePresent 0000000180035060     kernel32:KERNEL32.dll
 0002:00000068       __imp_GetModuleHandleW     0000000180035068     kernel32:KERNEL32.dll
 0002:00000070       __imp_WriteConsoleW        0000000180035070     kernel32:KERNEL32.dll
 0002:00000078       __imp_RtlUnwindEx          0000000180035078     kernel32:KERNEL32.dll
 0002:00000080       __imp_InterlockedFlushSList 0000000180035080     kernel32:KERNEL32.dll
 0002:00000088       __imp_GetLastError         0000000180035088     kernel32:KERNEL32.dll
 0002:00000090       __imp_SetLastError         0000000180035090     kernel32:KERNEL32.dll
 0002:00000098       __imp_EnterCriticalSection 0000000180035098     kernel32:KERNEL32.dll
 0002:000000a0       __imp_LeaveCriticalSection 00000001800350a0     kernel32:KERNEL32.dll
 0002:000000a8       __imp_DeleteCriticalSection 00000001800350a8     kernel32:KERNEL32.dll
 0002:000000b0       __imp_InitializeCriticalSectionAndSpinCount 00000001800350b0     kernel32:KERNEL32.dll
 0002:000000b8       __imp_TlsAlloc             00000001800350b8     kernel32:KERNEL32.dll
 0002:000000c0       __imp_TlsGetValue          00000001800350c0     kernel32:KERNEL32.dll
 0002:000000c8       __imp_TlsSetValue          00000001800350c8     kernel32:KERNEL32.dll
 0002:000000d0       __imp_TlsFree              00000001800350d0     kernel32:KERNEL32.dll
 0002:000000d8       __imp_FreeLibrary          00000001800350d8     kernel32:KERNEL32.dll
 0002:000000e0       __imp_GetProcAddress       00000001800350e0     kernel32:KERNEL32.dll
 0002:000000e8       __imp_LoadLibraryExW       00000001800350e8     kernel32:KERNEL32.dll
 0002:000000f0       __imp_RaiseException       00000001800350f0     kernel32:KERNEL32.dll
 0002:000000f8       __imp_GetCurrentProcess    00000001800350f8     kernel32:KERNEL32.dll
 0002:00000100       __imp_ExitProcess          0000000180035100     kernel32:KERNEL32.dll
 0002:00000108       __imp_TerminateProcess     0000000180035108     kernel32:KERNEL32.dll
 0002:00000110       __imp_GetModuleHandleExW   0000000180035110     kernel32:KERNEL32.dll
 0002:00000118       __imp_GetModuleFileNameA   0000000180035118     kernel32:KERNEL32.dll
 0002:00000120       __imp_MultiByteToWideChar  0000000180035120     kernel32:KERNEL32.dll
 0002:00000128       __imp_WideCharToMultiByte  0000000180035128     kernel32:KERNEL32.dll
 0002:00000130       __imp_HeapFree             0000000180035130     kernel32:KERNEL32.dll
 0002:00000138       __imp_HeapAlloc            0000000180035138     kernel32:KERNEL32.dll
 0002:00000140       __imp_FindClose            0000000180035140     kernel32:KERNEL32.dll
 0002:00000148       __imp_FindFirstFileExA     0000000180035148     kernel32:KERNEL32.dll
 0002:00000150       __imp_FindNextFileA        0000000180035150     kernel32:KERNEL32.dll
 0002:00000158       __imp_IsValidCodePage      0000000180035158     kernel32:KERNEL32.dll
 0002:00000160       __imp_GetACP               0000000180035160     kernel32:KERNEL32.dll
 0002:00000168       __imp_GetOEMCP             0000000180035168     kernel32:KERNEL32.dll
 0002:00000170       __imp_GetCPInfo            0000000180035170     kernel32:KERNEL32.dll
 0002:00000178       __imp_GetCommandLineA      0000000180035178     kernel32:KERNEL32.dll
 0002:00000180       __imp_GetCommandLineW      0000000180035180     kernel32:KERNEL32.dll
 0002:00000188       __imp_GetEnvironmentStringsW 0000000180035188     kernel32:KERNEL32.dll
 0002:00000190       __imp_FreeEnvironmentStringsW 0000000180035190     kernel32:KERNEL32.dll
 0002:00000198       __imp_LCMapStringW         0000000180035198     kernel32:KERNEL32.dll
 0002:000001a0       __imp_GetProcessHeap       00000001800351a0     kernel32:KERNEL32.dll
 0002:000001a8       __imp_GetStdHandle         00000001800351a8     kernel32:KERNEL32.dll
 0002:000001b0       __imp_GetFileType          00000001800351b0     kernel32:KERNEL32.dll
 0002:000001b8       __imp_GetStringTypeW       00000001800351b8     kernel32:KERNEL32.dll
 0002:000001c0       __imp_HeapSize             00000001800351c0     kernel32:KERNEL32.dll
 0002:000001c8       __imp_HeapReAlloc          00000001800351c8     kernel32:KERNEL32.dll
 0002:000001d0       __imp_SetStdHandle         00000001800351d0     kernel32:KERNEL32.dll
 0002:000001d8       __imp_FlushFileBuffers     00000001800351d8     kernel32:KERNEL32.dll
 0002:000001e0       __imp_WriteFile            00000001800351e0     kernel32:KERNEL32.dll
 0002:000001e8       __imp_GetConsoleCP         00000001800351e8     kernel32:KERNEL32.dll
 0002:000001f0       __imp_GetConsoleMode       00000001800351f0     kernel32:KERNEL32.dll
 0002:000001f8       __imp_SetFilePointerEx     00000001800351f8     kernel32:KERNEL32.dll
 0002:00000200       __imp_CreateFileW          0000000180035200     kernel32:KERNEL32.dll
 0002:00000208       __imp_CloseHandle          0000000180035208     kernel32:KERNEL32.dll
 0002:00000210       \177KERNEL32_NULL_THUNK_DATA 0000000180035210     kernel32:KERNEL32.dll
 0002:00000218       __guard_check_icall_fptr   0000000180035218     LIBCMT:guard_support.obj
 0002:00000220       __guard_xfg_check_icall_fptr 0000000180035220     LIBCMT:guard_support.obj
 0002:00000228       __guard_dispatch_icall_fptr 0000000180035228     LIBCMT:guard_support.obj
 0002:00000230       __guard_xfg_dispatch_icall_fptr 0000000180035230     LIBCMT:guard_support.obj
 0002:00000238       __guard_xfg_table_dispatch_icall_fptr 0000000180035238     LIBCMT:guard_support.obj
 0002:00000240       __xc_a                     0000000180035240     LIBCMT:initializers.obj
 0002:00000248       __xc_z                     0000000180035248     LIBCMT:initializers.obj
 0002:00000250       __xi_a                     0000000180035250     LIBCMT:initializers.obj
 0002:00000258       __acrt_tran_fma3_initializer 0000000180035258     libucrt:fma3_initializer.obj
 0002:00000260       __acrt_multibyte_initializer 0000000180035260     libucrt:multibyte_initializer.obj
 0002:00000268       __acrt_stdio_initializer   0000000180035268     libucrt:stdio_initializer.obj
 0002:00000270       __xi_z                     0000000180035270     LIBCMT:initializers.obj
 0002:00000278       __xp_a                     0000000180035278     LIBCMT:initializers.obj
 0002:00000280       __acrt_locale_terminator   0000000180035280     libucrt:locale_initializer.obj
 0002:00000288       __dcrt_console_output_terminator 0000000180035288     libucrt:console_output_initializer.obj
 0002:00000290       __acrt_stdio_terminator    0000000180035290     libucrt:stdio_initializer.obj
 0002:00000298       __xp_z                     0000000180035298     LIBCMT:initializers.obj
 0002:000002a0       __xt_a                     00000001800352a0     LIBCMT:initializers.obj
 0002:000002a8       __xt_z                     00000001800352a8     LIBCMT:initializers.obj
 0002:000002b0       __real@3e2aaaab            00000001800352b0     ringmod.o
 0002:000002b4       __real@3e800000            00000001800352b4     ringmod.o
 0002:000002b8       __real@3f000000            00000001800352b8     ringmod.o
 0002:000002bc       __real@3f400000            00000001800352bc     ringmod.o
 0002:000002c0       __real@3f800000            00000001800352c0     ringmod.o
 0002:000002c4       __real@40c90fdb            00000001800352c4     ringmod.o
 0002:000002c8       __real@41200000            00000001800352c8     ringmod.o
 0002:000002cc       __real@469c4000            00000001800352cc     ringmod.o
 0002:000002d0       __real@bf800000            00000001800352d0     ringmod.o
 0002:000002d4       __real@40800000            00000001800352d4     bitcrusher.o
 0002:000002d8       __real@bf7fffff            00000001800352d8     bitcrusher.o
 0002:000002e0       __real@3ff4000000000000    00000001800352e0     ws_exp.o
 0002:000002e8       __real@4010000000000000    00000001800352e8     ws_exp.o
 0002:000002f0       __real@c010000000000000    00000001800352f0     ws_exp.o
 0002:000002f8       __real@3a24b5be            00000001800352f8     ws_fm.o
 0002:00000300       __real@3f4eaec62ec97648    0000000180035300     ws_fm.o
 0002:00000308       __real@3f7ff972            0000000180035308     ws_fm.o
 0002:0000030c       __real@3fc90fdb            000000018003530c     ws_fm.o
 0002:00000310       __real@41000000            0000000180035310     ws_fm.o
 0002:00000314       __real@44fa0000            0000000180035314     ws_fm.o
 0002:00000318       __real@c0000000            0000000180035318     ws_fm.o
 0002:00000320       __xmm@80000000800000008000000080000000 0000000180035320     ws_fm.o
 0002:00000330       __real@40000000            0000000180035330     resample_nearest.o
 0002:00000334       __real@47800000            0000000180035334     resample_nearest.o
 0002:00000338       __real@477fff00            0000000180035338     resample_linear.o
 0002:0000033c       __real@3a83126f            000000018003533c     biquad.o
 0002:00000340       __real@3fc00000            0000000180035340     biquad.o
 0002:00000348       __real@3ff0000000000000    0000000180035348     biquad.o
 0002:00000350       __real@4000000000000000    0000000180035350     biquad.o
 0002:00000358       __real@400921fb54442d18    0000000180035358     biquad.o
 0002:00000360       __real@4024000000000000    0000000180035360     biquad.o
 0002:00000368       __real@4034000000000000    0000000180035368     biquad.o
 0002:00000370       __real@c000000000000000    0000000180035370     biquad.o
 0002:00000380       __xmm@7fffffffffffffff7fffffffffffffff 0000000180035380     biquad.o
 0002:00000390       __xmm@80000000000000008000000000000000 0000000180035390     biquad.o
 0002:00000420       __real@40e00000            0000000180035420     biquad_lpf_1.o
 0002:00000424       __real@42fe0000            0000000180035424     biquad_lpf_1.o
 0002:00000c30       __real@3f7d70a4            0000000180035c30     biquad_peq_1.o
 0002:00000c34       __real@41400000            0000000180035c34     biquad_peq_1.o
 0002:00000c38       __real@42b40000            0000000180035c38     biquad_peq_1.o
 0002:00001214       __real@40400000            0000000180036214     ws_smoothstep.o
 0002:000012a8       __real@43b9c278            00000001800362a8     dly_1.o
 0002:000012ac       __real@447a0000            00000001800362ac     dly_1.o
 0002:000012b0       __real@46fffe00            00000001800362b0     dly_1.o
 0002:00001454       __real@3bf5c28f            0000000180036454     dly_flt_2.o
 0002:000014cc       __real@41b80000            00000001800364cc     bitflipper.o
 0002:000014d0       _pRawDllMain               00000001800364d0     LIBCMT:dll_dllmain.obj
 0002:000014d0       _pDefaultRawDllMain        00000001800364d0     LIBCMT:dll_dllmain.obj
 0002:000014e0       __xmm@ffffffffffffffffffffffffffffffff 00000001800364e0     LIBCMT:utility.obj
 0002:000014f0       _pDestructExceptionObject  00000001800364f0     libvcruntime:ehhelpers.obj
 0002:00001c00       ??_C@_08EHJDFFNH@__based?$CI@ 0000000180036c00     libvcruntime:undname.obj
 0002:00001c10       ??_C@_07KOLFKCDI@__cdecl@  0000000180036c10     libvcruntime:undname.obj
 0002:00001c18       ??_C@_08GHMPAG@__pascal@   0000000180036c18     libvcruntime:undname.obj
 0002:00001c28       ??_C@_09IFJBGAPI@__stdcall@ 0000000180036c28     libvcruntime:undname.obj
 0002:00001c38       ??_C@_0L@NPHFGOKO@__thiscall@ 0000000180036c38     libvcruntime:undname.obj
 0002:00001c48       ??_C@_0L@JMKHOMEK@__fastcall@ 0000000180036c48     libvcruntime:undname.obj
 0002:00001c58       ??_C@_0N@BCKKPABJ@__vectorcall@ 0000000180036c58     libvcruntime:undname.obj
 0002:00001c68       ??_C@_09HIJEGCPM@__clrcall@ 0000000180036c68     libvcruntime:undname.obj
 0002:00001c74       ??_C@_06GHPCKEAG@__eabi@   0000000180036c74     libvcruntime:undname.obj
 0002:00001c80       ??_C@_09IOPIDJLG@__swift_1@ 0000000180036c80     libvcruntime:undname.obj
 0002:00001c90       ??_C@_09KFNFGKHF@__swift_2@ 0000000180036c90     libvcruntime:undname.obj
 0002:00001ca0       ??_C@_07JOMMBBKO@__ptr64@  0000000180036ca0     libvcruntime:undname.obj
 0002:00001ca8       ??_C@_0L@PILCLIHE@__restrict@ 0000000180036ca8     libvcruntime:undname.obj
 0002:00001cb8       ??_C@_0M@GFIIJFMG@__unaligned@ 0000000180036cb8     libvcruntime:undname.obj
 0002:00001cc8       ??_C@_09DHDLOLLB@restrict?$CI@ 0000000180036cc8     libvcruntime:undname.obj
 0002:00001cd2       ??_C@_00CNPNBAHC@@         0000000180036cd2     libvcruntime:undname.obj
 0002:00001cd4       ??_C@_04NIHEBCM@?5new@     0000000180036cd4     libvcruntime:undname.obj
 0002:00001ce0       ??_C@_07FPCDHGMM@?5delete@ 0000000180036ce0     libvcruntime:undname.obj
 0002:00001ce8       ??_C@_01NEMOKFLO@?$DN@     0000000180036ce8     libvcruntime:undname.obj
 0002:00001cec       ??_C@_02GPIOPFAK@?$DO?$DO@ 0000000180036cec     libvcruntime:undname.obj
 0002:00001cf0       ??_C@_02FODMEDOG@?$DM?$DM@ 0000000180036cf0     libvcruntime:undname.obj
 0002:00001cf4       ??_C@_01DCLJPIOD@?$CB@     0000000180036cf4     libvcruntime:undname.obj
 0002:00001cf8       ??_C@_02EGOFBIJA@?$DN?$DN@ 0000000180036cf8     libvcruntime:undname.obj
 0002:00001cfc       ??_C@_02FDNJECIE@?$CB?$DN@ 0000000180036cfc     libvcruntime:undname.obj
 0002:00001d00       ??_C@_02GPECMEKF@?$FL?$FN@ 0000000180036d00     libvcruntime:undname.obj
 0002:00001d08       ??_C@_08LHJFAFGD@operator@ 0000000180036d08     libvcruntime:undname.obj
 0002:00001d14       ??_C@_02HBOOOICD@?9?$DO@   0000000180036d14     libvcruntime:undname.obj
 0002:00001d18       ??_C@_01NBENCBCI@?$CK@     0000000180036d18     libvcruntime:undname.obj
 0002:00001d1c       ??_C@_02ECNGHCIF@?$CL?$CL@ 0000000180036d1c     libvcruntime:undname.obj
 0002:00001d20       ??_C@_02BAABKJLB@?9?9@     0000000180036d20     libvcruntime:undname.obj
 0002:00001d24       ??_C@_01JOAMLHOP@?9@       0000000180036d24     libvcruntime:undname.obj
 0002:00001d28       ??_C@_01MIFGBAGJ@?$CL@     0000000180036d28     libvcruntime:undname.obj
 0002:00001d2c       ??_C@_01HNPIGOCE@?$CG@     0000000180036d2c     libvcruntime:undname.obj
 0002:00001d30       ??_C@_03MNHNFDLC@?9?$DO?$CK@ 0000000180036d30     libvcruntime:undname.obj
 0002:00001d34       ??_C@_01KMDKNFGN@?1@       0000000180036d34     libvcruntime:undname.obj
 0002:00001d38       ??_C@_01FGNFDNOH@?$CF@     0000000180036d38     libvcruntime:undname.obj
 0002:00001d3c       ??_C@_01MNNFJEPP@?$DM@     0000000180036d3c     libvcruntime:undname.obj
 0002:00001d40       ??_C@_02EHCHHCKH@?$DM?$DN@ 0000000180036d40     libvcruntime:undname.obj
 0002:00001d44       ??_C@_01PPODPGHN@?$DO@     0000000180036d44     libvcruntime:undname.obj
 0002:00001d48       ??_C@_02EEKDKGMJ@?$DO?$DN@ 0000000180036d48     libvcruntime:undname.obj
 0002:00001d4c       ??_C@_01IHBHIGKO@?0@       0000000180036d4c     libvcruntime:undname.obj
 0002:00001d50       ??_C@_02HCKGKOFO@?$CI?$CJ@ 0000000180036d50     libvcruntime:undname.obj
 0002:00001d54       ??_C@_01PJKLJHI@?$HO@      0000000180036d54     libvcruntime:undname.obj
 0002:00001d58       ??_C@_01JKBOJNNK@?$FO@     0000000180036d58     libvcruntime:undname.obj
 0002:00001d5c       ??_C@_01DNKMNLPK@?$HM@     0000000180036d5c     libvcruntime:undname.obj
 0002:00001d60       ??_C@_02PPKAJPJL@?$CG?$CG@ 0000000180036d60     libvcruntime:undname.obj
 0002:00001d64       ??_C@_02NONPIBCD@?$HM?$HM@ 0000000180036d64     libvcruntime:undname.obj
 0002:00001d68       ??_C@_02FPIMKNGF@?$CK?$DN@ 0000000180036d68     libvcruntime:undname.obj
 0002:00001d6c       ??_C@_02FOEOMHFC@?$CL?$DN@ 0000000180036d6c     libvcruntime:undname.obj
 0002:00001d70       ??_C@_02FKMDLLOA@?9?$DN@   0000000180036d70     libvcruntime:undname.obj
 0002:00001d74       ??_C@_02FJEHGPIO@?1?$DN@   0000000180036d74     libvcruntime:undname.obj
 0002:00001d78       ??_C@_02FENAOKFI@?$CF?$DN@ 0000000180036d78     libvcruntime:undname.obj
 0002:00001d7c       ??_C@_03IKFCCPFF@?$DO?$DO?$DN@ 0000000180036d7c     libvcruntime:undname.obj
 0002:00001d80       ??_C@_03CDNPDDLA@?$DM?$DM?$DN@ 0000000180036d80     libvcruntime:undname.obj
 0002:00001d84       ??_C@_02FGJGFEAB@?$CG?$DN@ 0000000180036d84     libvcruntime:undname.obj
 0002:00001d88       ??_C@_02DHLNPPGH@?$HM?$DN@ 0000000180036d88     libvcruntime:undname.obj
 0002:00001d8c       ??_C@_02MHEGNOJ@?$FO?$DN@  0000000180036d8c     libvcruntime:undname.obj
 0002:00001d90       ??_C@_09IFPLHPGF@?$GAvftable?8@ 0000000180036d90     libvcruntime:undname.obj
 0002:00001da0       ??_C@_09BLBHBJP@?$GAvbtable?8@ 0000000180036da0     libvcruntime:undname.obj
 0002:00001db0       ??_C@_07FEEIOKP@?$GAvcall?8@ 0000000180036db0     libvcruntime:undname.obj
 0002:00001db8       ??_C@_08LLFFHHDJ@?$GAtypeof?8@ 0000000180036db8     libvcruntime:undname.obj
 0002:00001dc8       ??_C@_0BF@KDPPACIK@?$GAlocal?5static?5guard?8@ 0000000180036dc8     libvcruntime:undname.obj
 0002:00001de0       ??_C@_08OBABFOLI@?$GAstring?8@ 0000000180036de0     libvcruntime:undname.obj
 0002:00001df0       ??_C@_0BD@JDLKDPAB@?$GAvbase?5destructor?8@ 0000000180036df0     libvcruntime:undname.obj
 0002:00001e08       ??_C@_0BN@DEGPLNFK@?$GAvector?5deleting?5destructor?8@ 0000000180036e08     libvcruntime:undname.obj
 0002:00001e28       ??_C@_0BO@OBMKPJIG@?$GAdefault?5constructor?5closure?8@ 0000000180036e28     libvcruntime:undname.obj
 0002:00001e48       ??_C@_0BN@IMDCHIKM@?$GAscalar?5deleting?5destructor?8@ 0000000180036e48     libvcruntime:undname.obj
 0002:00001e68       ??_C@_0BO@PFGOCPJJ@?$GAvector?5constructor?5iterator?8@ 0000000180036e68     libvcruntime:undname.obj
 0002:00001e88       ??_C@_0BN@LFPFMEDL@?$GAvector?5destructor?5iterator?8@ 0000000180036e88     libvcruntime:undname.obj
 0002:00001ea8       ??_C@_0CE@IKBNEHA@?$GAvector?5vbase?5constructor?5itera@ 0000000180036ea8     libvcruntime:undname.obj
 0002:00001ed0       ??_C@_0BL@NILFHHPC@?$GAvirtual?5displacement?5map?8@ 0000000180036ed0     libvcruntime:undname.obj
 0002:00001ef0       ??_C@_0CB@JONCMFFK@?$GAeh?5vector?5constructor?5iterator@ 0000000180036ef0     libvcruntime:undname.obj
 0002:00001f18       ??_C@_0CA@GCEOPDGL@?$GAeh?5vector?5destructor?5iterator?8@ 0000000180036f18     libvcruntime:undname.obj
 0002:00001f38       ??_C@_0CH@OOJPLCPH@?$GAeh?5vector?5vbase?5constructor?5it@ 0000000180036f38     libvcruntime:undname.obj
 0002:00001f60       ??_C@_0BL@LLKPOHJI@?$GAcopy?5constructor?5closure?8@ 0000000180036f60     libvcruntime:undname.obj
 0002:00001f80       ??_C@_0BA@KBCDOMBN@?$GAudt?5returning?8@ 0000000180036f80     libvcruntime:undname.obj
 0002:00001f90       ??_C@_03KLGMFNMG@?$GAEH@   0000000180036f90     libvcruntime:undname.obj
 0002:00001f94       ??_C@_05KHLCHHI@?$GARTTI@  0000000180036f94     libvcruntime:undname.obj
 0002:00001fa0       ??_C@_0BA@KKLDJDLB@?$GAlocal?5vftable?8@ 0000000180036fa0     libvcruntime:undname.obj
 0002:00001fb0       ??_C@_0CE@IIHCMGGL@?$GAlocal?5vftable?5constructor?5clos@ 0000000180036fb0     libvcruntime:undname.obj
 0002:00001fd4       ??_C@_06FHBGPFGH@?5new?$FL?$FN@ 0000000180036fd4     libvcruntime:undname.obj
 0002:00001fe0       ??_C@_09LBNFPBCA@?5delete?$FL?$FN@ 0000000180036fe0     libvcruntime:undname.obj
 0002:00001ff0       ??_C@_0P@HJKNJFNN@?$GAomni?5callsig?8@ 0000000180036ff0     libvcruntime:undname.obj
 0002:00002000       ??_C@_0BL@CNOONJFP@?$GAplacement?5delete?5closure?8@ 0000000180037000     libvcruntime:undname.obj
 0002:00002020       ??_C@_0BN@CKNJLHMB@?$GAplacement?5delete?$FL?$FN?5closure?8@ 0000000180037020     libvcruntime:undname.obj
 0002:00002040       ??_C@_0CG@CFDHKGGD@?$GAmanaged?5vector?5constructor?5ite@ 0000000180037040     libvcruntime:undname.obj
 0002:00002068       ??_C@_0CF@IMGKMJNO@?$GAmanaged?5vector?5destructor?5iter@ 0000000180037068     libvcruntime:undname.obj
 0002:00002090       ??_C@_0CG@HLDDJMAG@?$GAeh?5vector?5copy?5constructor?5ite@ 0000000180037090     libvcruntime:undname.obj
 0002:000020b8       ??_C@_0CM@FCBBDIGB@?$GAeh?5vector?5vbase?5copy?5construct@ 00000001800370b8     libvcruntime:undname.obj
 0002:000020e8       ??_C@_0BL@CLIPGLGB@?$GAdynamic?5initializer?5for?5?8@ 00000001800370e8     libvcruntime:undname.obj
 0002:00002108       ??_C@_0CB@PDBIFEP@?$GAdynamic?5atexit?5destructor?5for?5@ 0000000180037108     libvcruntime:undname.obj
 0002:00002130       ??_C@_0CD@CGAJBKEJ@?$GAvector?5copy?5constructor?5iterat@ 0000000180037130     libvcruntime:undname.obj
 0002:00002158       ??_C@_0CJ@GJELGAMM@?$GAvector?5vbase?5copy?5constructor?5@ 0000000180037158     libvcruntime:undname.obj
 0002:00002188       ??_C@_0CL@FGIJHLCE@?$GAmanaged?5vector?5copy?5constructo@ 0000000180037188     libvcruntime:undname.obj
 0002:000021b8       ??_C@_0BM@PMGGMLDN@?$GAlocal?5static?5thread?5guard?8@ 00000001800371b8     libvcruntime:undname.obj
 0002:000021d8       ??_C@_0N@BDNMDMOL@operator?5?$CC?$CC?5@ 00000001800371d8     libvcruntime:undname.obj
 0002:000021e8       ??_C@_0BC@GGEBGALA@operator?5co_await@ 00000001800371e8     libvcruntime:undname.obj
 0002:00002200       ??_C@_0M@GAAIMMOH@operator?$DM?$DN?$DO@ 0000000180037200     libvcruntime:undname.obj
 0002:00002210       ??_C@_0BC@DAFEJGAK@?5Type?5Descriptor?8@ 0000000180037210     libvcruntime:undname.obj
 0002:00002228       ??_C@_0BM@LDKODKLH@?5Base?5Class?5Descriptor?5at?5?$CI@ 0000000180037228     libvcruntime:undname.obj
 0002:00002248       ??_C@_0BD@LGICGFMM@?5Base?5Class?5Array?8@ 0000000180037248     libvcruntime:undname.obj
 0002:00002260       ??_C@_0BN@MECKDCOJ@?5Class?5Hierarchy?5Descriptor?8@ 0000000180037260     libvcruntime:undname.obj
 0002:00002280       ??_C@_0BK@CFCOFLF@?5Complete?5Object?5Locator?8@ 0000000180037280     libvcruntime:undname.obj
 0002:000022a0       ??_C@_0BG@JNJLAMPM@?$GAanonymous?5namespace?8@ 00000001800372a0     libvcruntime:undname.obj
 0002:000022d0       ??_C@_1DM@KHCHBNEB@?$AAa?$AAp?$AAi?$AA?9?$AAm?$AAs?$AA?9?$AAw?$AAi?$AAn?$AA?9?$AAc?$AAo?$AAr?$AAe@ 00000001800372d0     libvcruntime:winapi_downlevel.obj
 0002:00002310       ??_C@_1DK@LPPGFMPP@?$AAa?$AAp?$AAi?$AA?9?$AAm?$AAs?$AA?9?$AAw?$AAi?$AAn?$AA?9?$AAc?$AAo?$AAr?$AAe@ 0000000180037310     libvcruntime:winapi_downlevel.obj
 0002:00002350       ??_C@_1BC@GDMECMAK@?$AAk?$AAe?$AAr?$AAn?$AAe?$AAl?$AA3?$AA2@ 0000000180037350     libvcruntime:winapi_downlevel.obj
 0002:00002368       ??_C@_1BA@PFFKHIOG@?$AAa?$AAp?$AAi?$AA?9?$AAm?$AAs?$AA?9@ 0000000180037368     libvcruntime:winapi_downlevel.obj
 0002:00002380       ??_C@_08KNHFBNJ@FlsAlloc@  0000000180037380     libvcruntime:winapi_downlevel.obj
 0002:00002398       ??_C@_07PEJMOBNF@FlsFree@  0000000180037398     libvcruntime:winapi_downlevel.obj
 0002:000023a8       ??_C@_0M@GDNOONDI@FlsGetValue@ 00000001800373a8     libvcruntime:winapi_downlevel.obj
 0002:000023c0       ??_C@_0M@JCPCPOEF@FlsSetValue@ 00000001800373c0     libvcruntime:winapi_downlevel.obj
 0002:000023d8       ??_C@_0BM@HCFOFFN@InitializeCriticalSectionEx@ 00000001800373d8     libvcruntime:winapi_downlevel.obj
 0002:00002f30       __real@00000000            0000000180037f30     libucrt:tanhf.obj
 0002:00002f34       __real@3585fdf4            0000000180037f34     libucrt:tanhf.obj
 0002:00002f38       __real@382089d8            0000000180037f38     libucrt:tanhf.obj
 0002:00002f3c       __real@384d2b7d            0000000180037f3c     libucrt:tanhf.obj
 0002:00002f40       __real@3aa18e00            0000000180037f40     libucrt:tanhf.obj
 0002:00002f44       __real@3abfbc9e            0000000180037f44     libucrt:tanhf.obj
 0002:00002f48       __real@3cb17000            0000000180037f48     libucrt:tanhf.obj
 0002:00002f4c       __real@3e7679b1            0000000180037f4c     libucrt:tanhf.obj
 0002:00002f50       __real@3e9058e0            0000000180037f50     libucrt:tanhf.obj
 0002:00002f54       __real@3e95c65f            0000000180037f54     libucrt:tanhf.obj
 0002:00002f58       __real@3eaf769c            0000000180037f58     libucrt:tanhf.obj
 0002:00002f5c       __real@3f38db60            0000000180037f5c     libucrt:tanhf.obj
 0002:00002f60       __real@3f588550            0000000180037f60     libucrt:tanhf.obj
 0002:00002f64       __real@3f666666            0000000180037f64     libucrt:tanhf.obj
 0002:00002f68       __real@4238aa3b            0000000180037f68     libucrt:tanhf.obj
 0002:00003928       ??_C@_04COOMCNPB@sinh?$AA@ 0000000180038928     libucrt:sinh.obj
 0002:00003930       __real@0000000000000000    0000000180038930     libucrt:sinh.obj
 0002:00003938       __real@3d6b4125921ea08b    0000000180038938     libucrt:sinh.obj
 0002:00003940       __real@3da9984b7f63fcd7    0000000180038940     libucrt:sinh.obj
 0002:00003948       __real@3dcf473de6af278e    0000000180038948     libucrt:sinh.obj
 0002:00003950       __real@3de611cb2bdcb7be    0000000180038950     libucrt:sinh.obj
 0002:00003958       __real@3e21ee56385b7b20    0000000180038958     libucrt:sinh.obj
 0002:00003960       __real@3e5ae6460fbe61c0    0000000180038960     libucrt:sinh.obj
 0002:00003968       __real@3e927e5069f1cb55    0000000180038968     libucrt:sinh.obj
 0002:00003970       __real@3ec71de3a4e13e7d    0000000180038970     libucrt:sinh.obj
 0002:00003978       __real@3efa01a019079011    0000000180038978     libucrt:sinh.obj
 0002:00003980       __real@3f2a01a01a01ee80    0000000180038980     libucrt:sinh.obj
 0002:00003988       __real@3f56c16c16c212e5    0000000180038988     libucrt:sinh.obj
 0002:00003990       __real@3f56c1728d739765    0000000180038990     libucrt:sinh.obj
 0002:00003998       __real@3f811111111110fd    0000000180038998     libucrt:sinh.obj
 0002:000039a0       __real@3f811115b7aa905e    00000001800389a0     libucrt:sinh.obj
 0002:000039a8       __real@3f962e42fe000000    00000001800389a8     libucrt:sinh.obj
 0002:000039b0       __real@3fa5555555545d4e    00000001800389b0     libucrt:sinh.obj
 0002:000039b8       __real@3fa5555555555502    00000001800389b8     libucrt:sinh.obj
 0002:000039c0       __real@3fc5555555548f7c    00000001800389c0     libucrt:sinh.obj
 0002:000039c8       __real@3fc5555555555555    00000001800389c8     libucrt:sinh.obj
 0002:000039d0       __real@3fe0000000000000    00000001800389d0     libucrt:sinh.obj
 0002:000039d8       __real@40420fd21b95825f    00000001800389d8     libucrt:sinh.obj
 0002:000039e0       __real@40471547652b82fe    00000001800389e0     libucrt:sinh.obj
 0002:000039e8       __real@408633ce8fb9f87e    00000001800389e8     libucrt:sinh.obj
 0002:00004da0       ??_C@_04EIAKFFMI@sqrt?$AA@ 0000000180039da0     libucrt:sqrt.obj
 0002:00004f40       __acrt_exception_action_table 0000000180039f40     libucrt:exception_filter.obj
 0002:00005000       __acrt_signal_action_table_count 000000018003a000     libucrt:exception_filter.obj
 0002:00005008       __acrt_signal_action_first_fpe_index 000000018003a008     libucrt:exception_filter.obj
 0002:00005010       __acrt_signal_action_fpe_count 000000018003a010     libucrt:exception_filter.obj
 0002:00005018       ??_C@_1BI@BGOHAHKC@?$AAm?$AAs?$AAc?$AAo?$AAr?$AAe?$AAe?$AA?4?$AAd?$AAl?$AAl?$AA?$AA@ 000000018003a018     libucrt:exit.obj
 0002:00005030       ??_C@_0P@MIGLKIOC@CorExitProcess?$AA@ 000000018003a030     libucrt:exit.obj
 0002:00005140       __Lcosfarray               000000018003a140     libucrt:lsincosf_array.obj
 0002:00005170       __Lsinfarray               000000018003a170     libucrt:lsincosf_array.obj
 0002:00005190       __L_2_by_pi_bits           000000018003a190     libucrt:l2_by_pi_bits.obj
 0002:000052e0       ??_C@_04LAGPAAHP@sinf?$AA@ 000000018003a2e0     libucrt:sincos_special.obj
 0002:000052e8       ??_C@_03BLEJJJBH@sin?$AA@  000000018003a2e8     libucrt:sincos_special.obj
 0002:000052ec       ??_C@_04OBBKPIAC@cosf?$AA@ 000000018003a2ec     libucrt:sincos_special.obj
 0002:000052f4       ??_C@_03IIINPABG@tan?$AA@  000000018003a2f4     libucrt:sincos_special.obj
 0002:00005300       __two_to_jby64_table       000000018003a300     libucrt:two_to_jby64_table.obj
 0002:00005500       __log_F_inv_qword          000000018003a500     libucrt:log_f_inv_qword_table.obj
 0002:00005d10       ??_C@_04MBFDLNIM@powf?$AA@ 000000018003ad10     libucrt:pow_special.obj
 0002:00005d18       ??_C@_03JGHBODFD@pow?$AA@  000000018003ad18     libucrt:pow_special.obj
 0002:00005d20       __two_to_jby64_head_table  000000018003ad20     libucrt:two_to_jby64_head_tail_table.obj
 0002:00005f20       __two_to_jby64_tail_table  000000018003af20     libucrt:two_to_jby64_head_tail_table.obj
 0002:00006120       ??_C@_03KHJOGHMM@exp?$AA@  000000018003b120     libucrt:exp_special.obj
 0002:00006130       __Lcosarray                000000018003b130     libucrt:lsincos_array.obj
 0002:00006190       __Lsinarray                000000018003b190     libucrt:lsincos_array.obj
 0002:00006520       __log_256_lead             000000018003b520     libucrt:log_256_lead_tail_table.obj
 0002:00006d30       __log_256_tail             000000018003bd30     libucrt:log_256_lead_tail_table.obj
 0002:000076c0       ??_C@_1M@HPNHIDJI@?$AAj?$AAa?$AA?9?$AAJ?$AAP?$AA?$AA@ 000000018003c6c0     libucrt:mbctype.obj
 0002:000076d0       ??_C@_1M@BIBDDEMK@?$AAz?$AAh?$AA?9?$AAC?$AAN?$AA?$AA@ 000000018003c6d0     libucrt:mbctype.obj
 0002:000076e0       ??_C@_1M@JLOOOEGK@?$AAk?$AAo?$AA?9?$AAK?$AAR?$AA?$AA@ 000000018003c6e0     libucrt:mbctype.obj
 0002:000076f0       ??_C@_1M@CLNBBOPM@?$AAz?$AAh?$AA?9?$AAT?$AAW?$AA?$AA@ 000000018003c6f0     libucrt:mbctype.obj
 0002:000077a0       ??_C@_1EA@JGEFHKEI@?$AAa?$AAp?$AAi?$AA?9?$AAm?$AAs?$AA?9?$AAw?$AAi?$AAn?$AA?9?$AAc?$AAo?$AAr?$AAe?$AA?9?$AAd?$AAa?$AAt?$AAe?$AAt?$AAi?$AAm?$AAe?$AA?9?$AAl?$AA1?$AA?9?$AA1?$AA?9?$AA1?$AA?$AA@ 000000018003c7a0     libucrt:winapi_thunks.obj
 0002:000077e0       ??_C@_1DM@KHCHBNEB@?$AAa?$AAp?$AAi?$AA?9?$AAm?$AAs?$AA?9?$AAw?$AAi?$AAn?$AA?9?$AAc?$AAo?$AAr?$AAe?$AA?9?$AAf?$AAi?$AAb?$AAe?$AAr?$AAs?$AA?9?$AAl?$AA1?$AA?9?$AA1?$AA?9?$AA1?$AA?$AA@ 000000018003c7e0     libucrt:winapi_thunks.obj
 0002:00007820       ??_C@_1DI@IJCEHOCB@?$AAa?$AAp?$AAi?$AA?9?$AAm?$AAs?$AA?9?$AAw?$AAi?$AAn?$AA?9?$AAc?$AAo?$AAr?$AAe?$AA?9?$AAf?$AAi?$AAl?$AAe?$AA?9?$AAl?$AA1?$AA?9?$AA2?$AA?9?$AA2?$AA?$AA@ 000000018003c820     libucrt:winapi_thunks.obj
 0002:00007860       ??_C@_1EI@MPIAOHOC@?$AAa?$AAp?$AAi?$AA?9?$AAm?$AAs?$AA?9?$AAw?$AAi?$AAn?$AA?9?$AAc?$AAo?$AAr?$AAe?$AA?9?$AAl?$AAo?$AAc?$AAa?$AAl?$AAi?$AAz?$AAa?$AAt?$AAi?$AAo?$AAn?$AA?9?$AAl?$AA1?$AA?9@ 000000018003c860     libucrt:winapi_thunks.obj
 0002:000078b0       ??_C@_1FK@FPHCKFIE@?$AAa?$AAp?$AAi?$AA?9?$AAm?$AAs?$AA?9?$AAw?$AAi?$AAn?$AA?9?$AAc?$AAo?$AAr?$AAe?$AA?9?$AAl?$AAo?$AAc?$AAa?$AAl?$AAi?$AAz?$AAa?$AAt?$AAi?$AAo?$AAn?$AA?9?$AAo?$AAb?$AAs@ 000000018003c8b0     libucrt:winapi_thunks.obj
 0002:00007910       ??_C@_1EM@DILCGIIO@?$AAa?$AAp?$AAi?$AA?9?$AAm?$AAs?$AA?9?$AAw?$AAi?$AAn?$AA?9?$AAc?$AAo?$AAr?$AAe?$AA?9?$AAp?$AAr?$AAo?$AAc?$AAe?$AAs?$AAs?$AAt?$AAh?$AAr?$AAe?$AAa?$AAd?$AAs?$AA?9?$AAl@ 000000018003c910     libucrt:winapi_thunks.obj
 0002:00007960       ??_C@_1DM@LNCGDDPN@?$AAa?$AAp?$AAi?$AA?9?$AAm?$AAs?$AA?9?$AAw?$AAi?$AAn?$AA?9?$AAc?$AAo?$AAr?$AAe?$AA?9?$AAs?$AAt?$AAr?$AAi?$AAn?$AAg?$AA?9?$AAl?$AA1?$AA?9?$AA1?$AA?9?$AA0?$AA?$AA@ 000000018003c960     libucrt:winapi_thunks.obj
 0002:000079a0       ??_C@_1DK@LPPGFMPP@?$AAa?$AAp?$AAi?$AA?9?$AAm?$AAs?$AA?9?$AAw?$AAi?$AAn?$AA?9?$AAc?$AAo?$AAr?$AAe?$AA?9?$AAs?$AAy?$AAn?$AAc?$AAh?$AA?9?$AAl?$AA1?$AA?9?$AA2?$AA?9?$AA0?$AA?$AA@ 000000018003c9a0     libucrt:winapi_thunks.obj
 0002:000079e0       ??_C@_1DO@FPAPJEMD@?$AAa?$AAp?$AAi?$AA?9?$AAm?$AAs?$AA?9?$AAw?$AAi?$AAn?$AA?9?$AAc?$AAo?$AAr?$AAe?$AA?9?$AAs?$AAy?$AAs?$AAi?$AAn?$AAf?$AAo?$AA?9?$AAl?$AA1?$AA?9?$AA2?$AA?9?$AA1?$AA?$AA@ 000000018003c9e0     libucrt:winapi_thunks.obj
 0002:00007a20       ??_C@_1DK@NDHNAHIO@?$AAa?$AAp?$AAi?$AA?9?$AAm?$AAs?$AA?9?$AAw?$AAi?$AAn?$AA?9?$AAc?$AAo?$AAr?$AAe?$AA?9?$AAw?$AAi?$AAn?$AAr?$AAt?$AA?9?$AAl?$AA1?$AA?9?$AA1?$AA?9?$AA0?$AA?$AA@ 000000018003ca20     libucrt:winapi_thunks.obj
 0002:00007a60       ??_C@_1DM@KGHDGBCM@?$AAa?$AAp?$AAi?$AA?9?$AAm?$AAs?$AA?9?$AAw?$AAi?$AAn?$AA?9?$AAc?$AAo?$AAr?$AAe?$AA?9?$AAx?$AAs?$AAt?$AAa?$AAt?$AAe?$AA?9?$AAl?$AA2?$AA?9?$AA1?$AA?9?$AA0?$AA?$AA@ 000000018003ca60     libucrt:winapi_thunks.obj
 0002:00007aa0       ??_C@_1EO@IJIOEFOH@?$AAa?$AAp?$AAi?$AA?9?$AAm?$AAs?$AA?9?$AAw?$AAi?$AAn?$AA?9?$AAr?$AAt?$AAc?$AAo?$AAr?$AAe?$AA?9?$AAn?$AAt?$AAu?$AAs?$AAe?$AAr?$AA?9?$AAw?$AAi?$AAn?$AAd?$AAo?$AAw?$AA?9@ 000000018003caa0     libucrt:winapi_thunks.obj
 0002:00007af0       ??_C@_1FG@HHGEKANL@?$AAa?$AAp?$AAi?$AA?9?$AAm?$AAs?$AA?9?$AAw?$AAi?$AAn?$AA?9?$AAs?$AAe?$AAc?$AAu?$AAr?$AAi?$AAt?$AAy?$AA?9?$AAs?$AAy?$AAs?$AAt?$AAe?$AAm?$AAf?$AAu?$AAn?$AAc?$AAt?$AAi@ 000000018003caf0     libucrt:winapi_thunks.obj
 0002:00007b50       ??_C@_1EG@DBIOJECG@?$AAe?$AAx?$AAt?$AA?9?$AAm?$AAs?$AA?9?$AAw?$AAi?$AAn?$AA?9?$AAn?$AAt?$AAu?$AAs?$AAe?$AAr?$AA?9?$AAd?$AAi?$AAa?$AAl?$AAo?$AAg?$AAb?$AAo?$AAx?$AA?9?$AAl?$AA1?$AA?9?$AA1@ 000000018003cb50     libucrt:winapi_thunks.obj
 0002:00007ba0       ??_C@_1EO@FIHMJCLF@?$AAe?$AAx?$AAt?$AA?9?$AAm?$AAs?$AA?9?$AAw?$AAi?$AAn?$AA?9?$AAn?$AAt?$AAu?$AAs?$AAe?$AAr?$AA?9?$AAw?$AAi?$AAn?$AAd?$AAo?$AAw?$AAs?$AAt?$AAa?$AAt?$AAi?$AAo?$AAn?$AA?9@ 000000018003cba0     libucrt:winapi_thunks.obj
 0002:00007bf0       ??_C@_1BC@DNHGCMLG@?$AAa?$AAd?$AAv?$AAa?$AAp?$AAi?$AA3?$AA2?$AA?$AA@ 000000018003cbf0     libucrt:winapi_thunks.obj
 0002:00007c08       ??_C@_1BC@GDMECMAK@?$AAk?$AAe?$AAr?$AAn?$AAe?$AAl?$AA3?$AA2?$AA?$AA@ 000000018003cc08     libucrt:winapi_thunks.obj
 0002:00007c20       ??_C@_1M@OAIMIKLP@?$AAn?$AAt?$AAd?$AAl?$AAl?$AA?$AA@ 000000018003cc20     libucrt:winapi_thunks.obj
 0002:00007c30       ??_C@_1EG@DPGNFKGC@?$AAa?$AAp?$AAi?$AA?9?$AAm?$AAs?$AA?9?$AAw?$AAi?$AAn?$AA?9?$AAa?$AAp?$AAp?$AAm?$AAo?$AAd?$AAe?$AAl?$AA?9?$AAr?$AAu?$AAn?$AAt?$AAi?$AAm?$AAe?$AA?9?$AAl?$AA1?$AA?9?$AA1@ 000000018003cc30     libucrt:winapi_thunks.obj
 0002:00007c78       ??_C@_1O@BCCLBEOE@?$AAu?$AAs?$AAe?$AAr?$AA3?$AA2?$AA?$AA@ 000000018003cc78     libucrt:winapi_thunks.obj
 0002:00007c88       ??_C@_1BA@PFFKHIOG@?$AAa?$AAp?$AAi?$AA?9?$AAm?$AAs?$AA?9?$AA?$AA@ 000000018003cc88     libucrt:winapi_thunks.obj
 0002:00007c98       ??_C@_1BA@IAIFMGEF@?$AAe?$AAx?$AAt?$AA?9?$AAm?$AAs?$AA?9?$AA?$AA@ 000000018003cc98     libucrt:winapi_thunks.obj
 0002:00007cb0       ??_C@_08KNHFBNJ@FlsAlloc?$AA@ 000000018003ccb0     libucrt:winapi_thunks.obj
 0002:00007cc8       ??_C@_07PEJMOBNF@FlsFree?$AA@ 000000018003ccc8     libucrt:winapi_thunks.obj
 0002:00007cd8       ??_C@_0M@GDNOONDI@FlsGetValue?$AA@ 000000018003ccd8     libucrt:winapi_thunks.obj
 0002:00007cf0       ??_C@_0M@JCPCPOEF@FlsSetValue?$AA@ 000000018003ccf0     libucrt:winapi_thunks.obj
 0002:00007d08       ??_C@_0BM@HCFOFFN@InitializeCriticalSectionEx?$AA@ 000000018003cd08     libucrt:winapi_thunks.obj
 0002:00007d30       ??_C@_0O@KKBNKAPF@LCMapStringEx?$AA@ 000000018003cd30     libucrt:winapi_thunks.obj
 0002:00007d48       ??_C@_0BB@HBDEELFH@LocaleNameToLCID?$AA@ 000000018003cd48     libucrt:winapi_thunks.obj
 0002:00007d60       ??_C@_0CF@OJOFEIGO@AppPolicyGetProcessTerminationMe@ 000000018003cd60     libucrt:winapi_thunks.obj
 0002:00007d90       __lc_time_c                000000018003cd90     libucrt:nlsdata.obj
 0002:00008050       ??_C@_03KOEHGMDN@Sun?$AA@  000000018003d050     libucrt:nlsdata.obj
 0002:00008054       ??_C@_03PDAGKDH@Mon?$AA@   000000018003d054     libucrt:nlsdata.obj
 0002:00008058       ??_C@_03NAGEINEP@Tue?$AA@  000000018003d058     libucrt:nlsdata.obj
 0002:0000805c       ??_C@_03MHOMLAJA@Wed?$AA@  000000018003d05c     libucrt:nlsdata.obj
 0002:00008060       ??_C@_03IOFIKPDN@Thu?$AA@  000000018003d060     libucrt:nlsdata.obj
 0002:00008064       ??_C@_03IDIOELNC@Fri?$AA@  000000018003d064     libucrt:nlsdata.obj
 0002:00008068       ??_C@_03FEFJNEK@Sat?$AA@   000000018003d068     libucrt:nlsdata.obj
 0002:0000806c       ??_C@_06OOPIFAJ@Sunday?$AA@ 000000018003d06c     libucrt:nlsdata.obj
 0002:00008074       ??_C@_06JLEDEDGH@Monday?$AA@ 000000018003d074     libucrt:nlsdata.obj
 0002:00008080       ??_C@_07BAAGCFCM@Tuesday?$AA@ 000000018003d080     libucrt:nlsdata.obj
 0002:00008088       ??_C@_09DLIGFAKA@Wednesday?$AA@ 000000018003d088     libucrt:nlsdata.obj
 0002:00008098       ??_C@_08HACCIKIA@Thursday?$AA@ 000000018003d098     libucrt:nlsdata.obj
 0002:000080a4       ??_C@_06JECMNKMI@Friday?$AA@ 000000018003d0a4     libucrt:nlsdata.obj
 0002:000080b0       ??_C@_08INBOOONO@Saturday?$AA@ 000000018003d0b0     libucrt:nlsdata.obj
 0002:000080bc       ??_C@_03JIHJHPIE@Jan?$AA@  000000018003d0bc     libucrt:nlsdata.obj
 0002:000080c0       ??_C@_03HJBDCHOM@Feb?$AA@  000000018003d0c0     libucrt:nlsdata.obj
 0002:000080c4       ??_C@_03ODNJBKGA@Mar?$AA@  000000018003d0c4     libucrt:nlsdata.obj
 0002:000080c8       ??_C@_03LEOLGMJP@Apr?$AA@  000000018003d0c8     libucrt:nlsdata.obj
 0002:000080cc       ??_C@_03CNMDKL@May?$AA@    000000018003d0cc     libucrt:nlsdata.obj
 0002:000080d0       ??_C@_03IDFGHECI@Jun?$AA@  000000018003d0d0     libucrt:nlsdata.obj
 0002:000080d4       ??_C@_03LBGABGKK@Jul?$AA@  000000018003d0d4     libucrt:nlsdata.obj
 0002:000080d8       ??_C@_03IFJFEIGA@Aug?$AA@  000000018003d0d8     libucrt:nlsdata.obj
 0002:000080dc       ??_C@_03GGCAPAJC@Sep?$AA@  000000018003d0dc     libucrt:nlsdata.obj
 0002:000080e0       ??_C@_03BMAOKBAD@Oct?$AA@  000000018003d0e0     libucrt:nlsdata.obj
 0002:000080e4       ??_C@_03JPJOFNIA@Nov?$AA@  000000018003d0e4     libucrt:nlsdata.obj
 0002:000080e8       ??_C@_03MKABNOCG@Dec?$AA@  000000018003d0e8     libucrt:nlsdata.obj
 0002:000080f0       ??_C@_07CGJPFGJA@January?$AA@ 000000018003d0f0     libucrt:nlsdata.obj
 0002:000080f8       ??_C@_08GNJGEPFN@February?$AA@ 000000018003d0f8     libucrt:nlsdata.obj
 0002:00008104       ??_C@_05HPCKOFNC@March?$AA@ 000000018003d104     libucrt:nlsdata.obj
 0002:0000810c       ??_C@_05DMJDNLEJ@April?$AA@ 000000018003d10c     libucrt:nlsdata.obj
 0002:00008114       ??_C@_04CNLMGBGM@June?$AA@ 000000018003d114     libucrt:nlsdata.obj
 0002:0000811c       ??_C@_04MIEPOIFP@July?$AA@ 000000018003d11c     libucrt:nlsdata.obj
 0002:00008124       ??_C@_06LBBHFDDG@August?$AA@ 000000018003d124     libucrt:nlsdata.obj
 0002:00008130       ??_C@_09BHHEALKD@September?$AA@ 000000018003d130     libucrt:nlsdata.obj
 0002:00008140       ??_C@_07JJNFCEND@October?$AA@ 000000018003d140     libucrt:nlsdata.obj
 0002:00008148       ??_C@_08HCHEGEOA@November?$AA@ 000000018003d148     libucrt:nlsdata.obj
 0002:00008158       ??_C@_08EDHMEBNP@December?$AA@ 000000018003d158     libucrt:nlsdata.obj
 0002:00008164       ??_C@_02DEDBPAFC@AM?$AA@   000000018003d164     libucrt:nlsdata.obj
 0002:00008168       ??_C@_02CJNFDJBF@PM?$AA@   000000018003d168     libucrt:nlsdata.obj
 0002:00008170       ??_C@_08BPBNCDIB@MM?1dd?1yy?$AA@ 000000018003d170     libucrt:nlsdata.obj
 0002:00008180       ??_C@_0BE@CKGJFCPC@dddd?0?5MMMM?5dd?0?5yyyy?$AA@ 000000018003d180     libucrt:nlsdata.obj
 0002:00008198       ??_C@_08JCCMCCIL@HH?3mm?3ss?$AA@ 000000018003d198     libucrt:nlsdata.obj
 0002:000081a8       ??_C@_17MBGCMIPB@?$AAS?$AAu?$AAn?$AA?$AA@ 000000018003d1a8     libucrt:nlsdata.obj
 0002:000081b0       ??_C@_17KBOMKBF@?$AAM?$AAo?$AAn?$AA?$AA@ 000000018003d1b0     libucrt:nlsdata.obj
 0002:000081b8       ??_C@_17BMKGEGOJ@?$AAT?$AAu?$AAe?$AA?$AA@ 000000018003d1b8     libucrt:nlsdata.obj
 0002:000081c0       ??_C@_17CJEDCEPE@?$AAW?$AAe?$AAd?$AA?$AA@ 000000018003d1c0     libucrt:nlsdata.obj
 0002:000081c8       ??_C@_17PDPHAADD@?$AAT?$AAh?$AAu?$AA?$AA@ 000000018003d1c8     libucrt:nlsdata.obj
 0002:000081d0       ??_C@_17HFOLPPLP@?$AAF?$AAr?$AAi?$AA?$AA@ 000000018003d1d0     libucrt:nlsdata.obj
 0002:000081d8       ??_C@_17GGIBDPIH@?$AAS?$AAa?$AAt?$AA?$AA@ 000000018003d1d8     libucrt:nlsdata.obj
 0002:000081e0       ??_C@_1O@IHNHDHPB@?$AAS?$AAu?$AAn?$AAd?$AAa?$AAy?$AA?$AA@ 000000018003d1e0     libucrt:nlsdata.obj
 0002:000081f0       ??_C@_1O@MMNBFLIA@?$AAM?$AAo?$AAn?$AAd?$AAa?$AAy?$AA?$AA@ 000000018003d1f0     libucrt:nlsdata.obj
 0002:00008200       ??_C@_1BA@ENFBFFEK@?$AAT?$AAu?$AAe?$AAs?$AAd?$AAa?$AAy?$AA?$AA@ 000000018003d200     libucrt:nlsdata.obj
 0002:00008210       ??_C@_1BE@EBOGMDOH@?$AAW?$AAe?$AAd?$AAn?$AAe?$AAs?$AAd?$AAa?$AAy?$AA?$AA@ 000000018003d210     libucrt:nlsdata.obj
 0002:00008228       ??_C@_1BC@HHMNLIHE@?$AAT?$AAh?$AAu?$AAr?$AAs?$AAd?$AAa?$AAy?$AA?$AA@ 000000018003d228     libucrt:nlsdata.obj
 0002:00008240       ??_C@_1O@PDICJHAG@?$AAF?$AAr?$AAi?$AAd?$AAa?$AAy?$AA?$AA@ 000000018003d240     libucrt:nlsdata.obj
 0002:00008250       ??_C@_1BC@ENMNNPAJ@?$AAS?$AAa?$AAt?$AAu?$AAr?$AAd?$AAa?$AAy?$AA?$AA@ 000000018003d250     libucrt:nlsdata.obj
 0002:00008268       ??_C@_17DKNBKCHM@?$AAJ?$AAa?$AAn?$AA?$AA@ 000000018003d268     libucrt:nlsdata.obj
 0002:00008270       ??_C@_17LMDJEKJN@?$AAF?$AAe?$AAb?$AA?$AA@ 000000018003d270     libucrt:nlsdata.obj
 0002:00008278       ??_C@_17CKNLEDEC@?$AAM?$AAa?$AAr?$AA?$AA@ 000000018003d278     libucrt:nlsdata.obj
 0002:00008280       ??_C@_17LFPOIHDD@?$AAA?$AAp?$AAr?$AA?$AA@ 000000018003d280     libucrt:nlsdata.obj
 0002:00008288       ??_C@_17PNNKMEED@?$AAM?$AAa?$AAy?$AA?$AA@ 000000018003d288     libucrt:nlsdata.obj
 0002:00008290       ??_C@_17KCJGOCPB@?$AAJ?$AAu?$AAn?$AA?$AA@ 000000018003d290     libucrt:nlsdata.obj
 0002:00008298       ??_C@_17IJPCKHK@?$AAJ?$AAu?$AAl?$AA?$AA@ 000000018003d298     libucrt:nlsdata.obj
 0002:000082a0       ??_C@_17ICPELBCN@?$AAA?$AAu?$AAg?$AA?$AA@ 000000018003d2a0     libucrt:nlsdata.obj
 0002:000082a8       ??_C@_17HCHCOKMG@?$AAS?$AAe?$AAp?$AA?$AA@ 000000018003d2a8     libucrt:nlsdata.obj
 0002:000082b0       ??_C@_17FNLKOI@?$AAO?$AAc?$AAt?$AA?$AA@ 000000018003d2b0     libucrt:nlsdata.obj
 0002:000082b8       ??_C@_17BBDMLCIG@?$AAN?$AAo?$AAv?$AA?$AA@ 000000018003d2b8     libucrt:nlsdata.obj
 0002:000082c0       ??_C@_17EGKACKIF@?$AAD?$AAe?$AAc?$AA?$AA@ 000000018003d2c0     libucrt:nlsdata.obj
 0002:000082c8       ??_C@_1BA@EFMEIEBA@?$AAJ?$AAa?$AAn?$AAu?$AAa?$AAr?$AAy?$AA?$AA@ 000000018003d2c8     libucrt:nlsdata.obj
 0002:000082d8       ??_C@_1BC@JGDDFFAM@?$AAF?$AAe?$AAb?$AAr?$AAu?$AAa?$AAr?$AAy?$AA?$AA@ 000000018003d2d8     libucrt:nlsdata.obj
 0002:000082f0       ??_C@_1M@IKEENEDF@?$AAM?$AAa?$AAr?$AAc?$AAh?$AA?$AA@ 000000018003d2f0     libucrt:nlsdata.obj
 0002:00008300       ??_C@_1M@GJNLMHFD@?$AAA?$AAp?$AAr?$AAi?$AAl?$AA?$AA@ 000000018003d300     libucrt:nlsdata.obj
 0002:00008310       ??_C@_19EPFLPGAP@?$AAJ?$AAu?$AAn?$AAe?$AA?$AA@ 000000018003d310     libucrt:nlsdata.obj
 0002:00008320       ??_C@_19BIFMLPCD@?$AAJ?$AAu?$AAl?$AAy?$AA?$AA@ 000000018003d320     libucrt:nlsdata.obj
 0002:00008330       ??_C@_1O@PAHLKOAC@?$AAA?$AAu?$AAg?$AAu?$AAs?$AAt?$AA?$AA@ 000000018003d330     libucrt:nlsdata.obj
 0002:00008340       ??_C@_1BE@DKAAMBJL@?$AAS?$AAe?$AAp?$AAt?$AAe?$AAm?$AAb?$AAe?$AAr?$AA?$AA@ 000000018003d340     libucrt:nlsdata.obj
 0002:00008358       ??_C@_1BA@EPANDLNG@?$AAO?$AAc?$AAt?$AAo?$AAb?$AAe?$AAr?$AA?$AA@ 000000018003d358     libucrt:nlsdata.obj
 0002:00008368       ??_C@_1BC@BGLIFPF@?$AAN?$AAo?$AAv?$AAe?$AAm?$AAb?$AAe?$AAr?$AA?$AA@ 000000018003d368     libucrt:nlsdata.obj
 0002:00008380       ??_C@_1BC@FEMKIFH@?$AAD?$AAe?$AAc?$AAe?$AAm?$AAb?$AAe?$AAr?$AA?$AA@ 000000018003d380     libucrt:nlsdata.obj
 0002:00008394       ??_C@_15ODEHAHHF@?$AAA?$AAM?$AA?$AA@ 000000018003d394     libucrt:nlsdata.obj
 0002:0000839c       ??_C@_15CLMNNGEL@?$AAP?$AAM?$AA?$AA@ 000000018003d39c     libucrt:nlsdata.obj
 0002:000083a8       ??_C@_1BC@IEBCMHCM@?$AAM?$AAM?$AA?1?$AAd?$AAd?$AA?1?$AAy?$AAy?$AA?$AA@ 000000018003d3a8     libucrt:nlsdata.obj
 0002:000083c0       ??_C@_1CI@KNAKOEBC@?$AAd?$AAd?$AAd?$AAd?$AA?0?$AA?5?$AAM?$AAM?$AAM?$AAM?$AA?5?$AAd?$AAd?$AA?0?$AA?5?$AAy?$AAy?$AAy?$AAy?$AA?$AA@ 000000018003d3c0     libucrt:nlsdata.obj
 0002:000083e8       ??_C@_1BC@GDGBMEMK@?$AAH?$AAH?$AA?3?$AAm?$AAm?$AA?3?$AAs?$AAs?$AA?$AA@ 000000018003d3e8     libucrt:nlsdata.obj
 0002:00008400       ??_C@_1M@BMHNFIME@?$AAe?$AAn?$AA?9?$AAU?$AAS?$AA?$AA@ 000000018003d400     libucrt:nlsdata.obj
 0002:00008410       __newctype                 000000018003d410     libucrt:ctype.obj
 0002:00008710       __newclmap                 000000018003d710     libucrt:ctype.obj
 0002:00008890       __newcumap                 000000018003d890     libucrt:ctype.obj
 0002:00008a20       ??_C@_05HGHHAHAP@log10?$AA@ 000000018003da20     libucrt:fpexcept.obj
 0002:00008a28       ??_C@_1M@BJNKEDC@?$AAc?$AAa?$AA?9?$AAE?$AAS?$AA?$AA@ 000000018003da28     libucrt:lcidtoname_downlevel.obj
 0002:00008a38       ??_C@_1M@IJJHFJHA@?$AAc?$AAs?$AA?9?$AAC?$AAZ?$AA?$AA@ 000000018003da38     libucrt:lcidtoname_downlevel.obj
 0002:00008a48       ??_C@_1M@CLPEOBGI@?$AAd?$AAa?$AA?9?$AAD?$AAK?$AA?$AA@ 000000018003da48     libucrt:lcidtoname_downlevel.obj
 0002:00008a58       ??_C@_1M@MCMADGCB@?$AAd?$AAe?$AA?9?$AAD?$AAE?$AA?$AA@ 000000018003da58     libucrt:lcidtoname_downlevel.obj
 0002:00008a68       ??_C@_1M@OOCKEMAM@?$AAe?$AAl?$AA?9?$AAG?$AAR?$AA?$AA@ 000000018003da68     libucrt:lcidtoname_downlevel.obj
 0002:00008a78       ??_C@_1M@DDNJFGID@?$AAf?$AAi?$AA?9?$AAF?$AAI?$AA?$AA@ 000000018003da78     libucrt:lcidtoname_downlevel.obj
 0002:00008a88       ??_C@_1M@GLIPPMAC@?$AAf?$AAr?$AA?9?$AAF?$AAR?$AA?$AA@ 000000018003da88     libucrt:lcidtoname_downlevel.obj
 0002:00008a98       ??_C@_1M@GFMCHPE@?$AAh?$AAe?$AA?9?$AAI?$AAL?$AA?$AA@ 000000018003da98     libucrt:lcidtoname_downlevel.obj
 0002:00008aa8       ??_C@_1M@MHLPGNKM@?$AAh?$AAu?$AA?9?$AAH?$AAU?$AA?$AA@ 000000018003daa8     libucrt:lcidtoname_downlevel.obj
[...]
 0004:000016f8       $pdata$??$?RV<lambda_aa87e3671a710a21b5dc78c0bdf72e11>@@AEAV<lambda_92619d2358a28f41a33ba319515a20b9>@@V<lambda_6992ecaafeb10aed2b74cb1fae11a551>@@@?$__crt_seh_guarded_call@X@@QEAAX$$QEAV<lambda_aa87e3671a710a21b5dc78c0bdf72e11>@@AEAV<lambda_92619d2358a28f41a33ba319515a20b9>@@$$QEAV<lambda_6992ecaafeb10aed2b74cb1fae11a551>@@@Z 000000018004a6f8     libucrt:per_thread_data.obj
 0004:00001704       $pdata$??$?RV<lambda_f2e299630e499de9f9a165e60fcd3db5>@@AEAV<lambda_2ae9d31cdba2644fcbeaf08da7c24588>@@V<lambda_40d01ff24d0e7b3814fdbdcee8eab3c7>@@@?$__crt_seh_guarded_call@X@@QEAAX$$QEAV<lambda_f2e299630e499de9f9a165e60fcd3db5>@@AEAV<lambda_2ae9d31cdba2644fcbeaf08da7c24588>@@$$QEAV<lambda_40d01ff24d0e7b3814fdbdcee8eab3c7>@@@Z 000000018004a704     libucrt:per_thread_data.obj
 0004:00001710       $pdata$??$?RV<lambda_2d41944a1d46af3157314b8a01080d33>@@AEAV<lambda_8f455de75cd7d7f24b4096f044d8b9e6>@@V<lambda_aa500f224e6afead328df44964fe2772>@@@?$__crt_seh_guarded_call@X@@QEAAX$$QEAV<lambda_2d41944a1d46af3157314b8a01080d33>@@AEAV<lambda_8f455de75cd7d7f24b4096f044d8b9e6>@@$$QEAV<lambda_aa500f224e6afead328df44964fe2772>@@@Z 000000018004a710     libucrt:per_thread_data.obj
 0004:0000171c       $pdata$__acrt_initialize_locks 000000018004a71c     libucrt:locks.obj
 0004:00001728       $pdata$__acrt_uninitialize_locks 000000018004a728     libucrt:locks.obj
 0004:00001734       $pdata$__acrt_get_process_end_policy 000000018004a734     libucrt:win_policies.obj
 0004:00001740       $pdata$_invalid_parameter_noinfo 000000018004a740     libucrt:invalid_parameter.obj
 0004:0000174c       $pdata$_invoke_watson      000000018004a74c     libucrt:invalid_parameter.obj
 0004:00001758       $pdata$__acrt_call_reportfault 000000018004a758     libucrt:invalid_parameter.obj
 0004:00001764       $pdata$_invalid_parameter  000000018004a764     libucrt:invalid_parameter.obj
 0004:00001770       $pdata$_errno              000000018004a770     libucrt:errno.obj
 0004:0000177c       $pdata$__doserrno          000000018004a77c     libucrt:errno.obj
 0004:00001788       $pdata$__acrt_errno_map_os_error 000000018004a788     libucrt:errno.obj
 0004:00001794       $pdata$_calloc_base        000000018004a794     libucrt:calloc_base.obj
 0004:000017a0       $pdata$??$common_expand_argv_wildcards@D@@YAHQEAPEADQEAPEAPEAD@Z 000000018004a7a0     libucrt:argv_wildcards.obj
 0004:000017ac       $pdata$??$copy_and_add_argument_to_buffer@D@@YAHQEBD0_KAEAV?$argument_list@D@?A0x5f5c8891@@@Z 000000018004a7ac     libucrt:argv_wildcards.obj
 0004:000017b8       $pdata$??$expand_argument_wildcards@D@@YAHQEAD0AEAV?$argument_list@D@?A0x5f5c8891@@@Z 000000018004a7b8     libucrt:argv_wildcards.obj
 0004:000017c4       $pdata$__acrt_update_thread_multibyte_data 000000018004a7c4     libucrt:mbctype.obj
 0004:000017d0       $pdata$__acrt_initialize_multibyte 000000018004a7d0     libucrt:mbctype.obj
 0004:000017dc       $pdata$_setmbcp_nolock     000000018004a7dc     libucrt:mbctype.obj
 0004:000017e8       $pdata$?getSystemCP@@YAHH@Z 000000018004a7e8     libucrt:mbctype.obj
 0004:000017f4       $pdata$?setSBCS@@YAXPEAU__crt_multibyte_data@@@Z 000000018004a7f4     libucrt:mbctype.obj
 0004:00001800       $pdata$?update_thread_multibyte_data_internal@@YAPEAU__crt_multibyte_data@@QEAU__acrt_ptd@@QEAPEAU1@@Z 000000018004a800     libucrt:mbctype.obj
 0004:0000180c       $pdata$?fin$0@?0??update_thread_multibyte_data_internal@@YAPEAU__crt_multibyte_data@@QEAU__acrt_ptd@@QEAPEAU1@@Z@4HA 000000018004a80c     libucrt:mbctype.obj
 0004:00001818       $pdata$?setmbcp_internal@@YAHH_NQEAU__acrt_ptd@@QEAPEAU__crt_multibyte_data@@@Z 000000018004a818     libucrt:mbctype.obj
 0004:00001824       $pdata$?setSBUpLow@@YAXPEAU__crt_multibyte_data@@@Z 000000018004a824     libucrt:mbctype.obj
 0004:00001830       $pdata$??$?RV<lambda_efdfa57d1f175319df784efa44bb7b81>@@AEAV<lambda_5f0a4c1567f8adc6734073e5d1e1b35c>@@V<lambda_2e8a7d3640ea6ccb4c2413664c2db6fd>@@@?$__crt_seh_guarded_call@X@@QEAAX$$QEAV<lambda_efdfa57d1f175319df784efa44bb7b81>@@AEAV<lambda_5f0a4c1567f8adc6734073e5d1e1b35c>@@$$QEAV<lambda_2e8a7d3640ea6ccb4c2413664c2db6fd>@@@Z 000000018004a830     libucrt:mbctype.obj
 0004:0000183c       $pdata$?x_ismbbtype_l@@YAHPEAU__crt_locale_pointers@@IHH@Z 000000018004a83c     libucrt:ismbbyte.obj
 0004:00001848       $pdata$__acrt_initialize_command_line 000000018004a848     libucrt:argv_data.obj
 0004:00001854       $pdata$__dcrt_get_narrow_environment_from_os 000000018004a854     libucrt:get_environment_from_os.obj
 0004:00001860       $pdata$_recalloc_base      000000018004a860     libucrt:recalloc.obj
 0004:0000186c       $pdata$__acrt_initialize_winapi_thunks 000000018004a86c     libucrt:winapi_thunks.obj
 0004:00001878       $pdata$__acrt_uninitialize_winapi_thunks 000000018004a878     libucrt:winapi_thunks.obj
 0004:00001884       $pdata$__acrt_FlsAlloc     000000018004a884     libucrt:winapi_thunks.obj
 0004:00001890       $pdata$__acrt_FlsFree      000000018004a890     libucrt:winapi_thunks.obj
 0004:0000189c       $pdata$__acrt_FlsGetValue  000000018004a89c     libucrt:winapi_thunks.obj
 0004:000018a8       $pdata$__acrt_FlsSetValue  000000018004a8a8     libucrt:winapi_thunks.obj
 0004:000018b4       $pdata$__acrt_InitializeCriticalSectionEx 000000018004a8b4     libucrt:winapi_thunks.obj
 0004:000018c0       $pdata$__acrt_LCMapStringEx 000000018004a8c0     libucrt:winapi_thunks.obj
 0004:000018cc       $pdata$__acrt_LocaleNameToLCID 000000018004a8cc     libucrt:winapi_thunks.obj
 0004:000018d8       $pdata$__acrt_AppPolicyGetProcessTerminationMethodInternal 000000018004a8d8     libucrt:winapi_thunks.obj
 0004:000018e4       $pdata$?try_get_function@@YAPEAXW4function_id@?A0x391cf84c@@QEBDQEBW4module_id@2@2@Z 000000018004a8e4     libucrt:winapi_thunks.obj
 0004:000018f0       $pdata$__acrt_initialize_heap 000000018004a8f0     libucrt:heap_handle.obj
 0004:000018fc       $pdata$__acrt_initialize_lowio 000000018004a8fc     libucrt:ioinit.obj
 0004:00001908       $pdata$__acrt_initialize_lowio$fin$0 000000018004a908     libucrt:ioinit.obj
 0004:00001908       $pdata$__acrt_lowio_ensure_fh_exists$fin$0 000000018004a908     libucrt:osfinfo.obj
 0004:00001914       $pdata$__acrt_uninitialize_lowio 000000018004a914     libucrt:ioinit.obj
 0004:00001920       $pdata$?initialize_inherited_file_handles_nolock@@YAXXZ 000000018004a920     libucrt:ioinit.obj
 0004:0000192c       $pdata$?initialize_stdio_handles_nolock@@YAXXZ 000000018004a92c     libucrt:ioinit.obj
 0004:00001938       $pdata$__acrt_execute_initializers 000000018004a938     libucrt:shared_initialization.obj
 0004:00001944       $pdata$__acrt_execute_uninitializers 000000018004a944     libucrt:shared_initialization.obj
 0004:00001950       $pdata$_callnewh           000000018004a950     libucrt:new_handler.obj
 0004:0000195c       $pdata$_query_new_handler  000000018004a95c     libucrt:new_handler.obj
 0004:00001968       $pdata$_query_new_handler$fin$0 000000018004a968     libucrt:new_handler.obj
 0004:00001974       $pdata$__acrt_get_sigabrt_handler 000000018004a974     libucrt:signal.obj
 0004:00001980       $pdata$raise               000000018004a980     libucrt:signal.obj
 0004:0000198c       $pdata$raise$fin$0         000000018004a98c     libucrt:signal.obj
 0004:00001998       $pdata$??$?RV<lambda_450d765d439847d4c735a33c368b5fc0>@@AEAV<lambda_44731a7d0e6d81c3e6aa82d741081786>@@V<lambda_601a2a7da3b7a96e9554ac7215c4b07c>@@@?$__crt_seh_guarded_call@P6AXH@Z@@QEAAP6AXH@Z$$QEAV<lambda_450d765d439847d4c735a33c368b5fc0>@@AEAV<lambda_44731a7d0e6d81c3e6aa82d741081786>@@$$QEAV<lambda_601a2a7da3b7a96e9554ac7215c4b07c>@@@Z 000000018004a998     libucrt:signal.obj
 0004:000019a4       $pdata$_fflush_nolock      000000018004a9a4     libucrt:fflush.obj
 0004:000019b0       $pdata$__acrt_stdio_flush_nolock 000000018004a9b0     libucrt:fflush.obj
 0004:000019bc       $pdata$?common_flush_all@@YAH_N@Z 000000018004a9bc     libucrt:fflush.obj
 0004:000019c8       $pdata$??$?RV<lambda_842d9ff0dc9ef11c61343bbaebe7f885>@@AEAV<lambda_c5860995281e5c4ce005b3de8f5874ee>@@V<lambda_d90129c13df834fdcbf8d2b88dafcf2d>@@@?$__crt_seh_guarded_call@X@@QEAAX$$QEAV<lambda_842d9ff0dc9ef11c61343bbaebe7f885>@@AEAV<lambda_c5860995281e5c4ce005b3de8f5874ee>@@$$QEAV<lambda_d90129c13df834fdcbf8d2b88dafcf2d>@@@Z 000000018004a9c8     libucrt:fflush.obj
 0004:000019d4       $pdata$?fin$0@?0???$?RV<lambda_842d9ff0dc9ef11c61343bbaebe7f885>@@AEAV<lambda_c5860995281e5c4ce005b3de8f5874ee>@@V<lambda_d90129c13df834fdcbf8d2b88dafcf2d>@@@?$__crt_seh_guarded_call@X@@QEAAX$$QEAV<lambda_842d9ff0dc9ef11c61343bbaebe7f885>@@AEAV<lambda_c5860995281e5c4ce005b3de8f5874ee>@@$$QEAV<lambda_d90129c13df834fdcbf8d2b88dafcf2d>@@@Z@4HA 000000018004a9d4     libucrt:fflush.obj
 0004:000019e0       $pdata$??$?RV<lambda_886d6c58226a84441f68b9f2b8217b83>@@AEAV<lambda_ab61a845afdef5b7c387490eaf3616ee>@@V<lambda_f7f22ab5edc0698d5f6905b0d3f44752>@@@?$__crt_seh_guarded_call@X@@QEAAX$$QEAV<lambda_886d6c58226a84441f68b9f2b8217b83>@@AEAV<lambda_ab61a845afdef5b7c387490eaf3616ee>@@$$QEAV<lambda_f7f22ab5edc0698d5f6905b0d3f44752>@@@Z 000000018004a9e0     libucrt:fflush.obj
 0004:000019ec       $pdata$?fin$0@?0???$?RV<lambda_886d6c58226a84441f68b9f2b8217b83>@@AEAV<lambda_ab61a845afdef5b7c387490eaf3616ee>@@V<lambda_f7f22ab5edc0698d5f6905b0d3f44752>@@@?$__crt_seh_guarded_call@X@@QEAAX$$QEAV<lambda_886d6c58226a84441f68b9f2b8217b83>@@AEAV<lambda_ab61a845afdef5b7c387490eaf3616ee>@@$$QEAV<lambda_f7f22ab5edc0698d5f6905b0d3f44752>@@@Z@4HA 000000018004a9ec     libucrt:fflush.obj
 0004:000019f8       $pdata$__acrt_initialize_stdio 000000018004a9f8     libucrt:_file.obj
 0004:00001a04       $pdata$__acrt_uninitialize_stdio 000000018004aa04     libucrt:_file.obj
 0004:00001a10       $pdata$_mbtowc_l           000000018004aa10     libucrt:mbtowc.obj
 0004:00001a1c       $pdata$__acrt_update_locale_info 000000018004aa1c     libucrt:locale_update.obj
 0004:00001a28       $pdata$__acrt_update_multibyte_info 000000018004aa28     libucrt:locale_update.obj
 0004:00001a34       $pdata$_fileno             000000018004aa34     libucrt:fileno.obj
 0004:00001a40       $pdata$__acrt_uninitialize_locale 000000018004aa40     libucrt:wsetlocale.obj
 0004:00001a4c       $pdata$??$?RV<lambda_410d79af7f07d98d83a3f525b3859a53>@@AEAV<lambda_3e16ef9562a7dcce91392c22ab16ea36>@@V<lambda_38119f0e861e05405d8a144b9b982f0a>@@@?$__crt_seh_guarded_call@X@@QEAAX$$QEAV<lambda_410d79af7f07d98d83a3f525b3859a53>@@AEAV<lambda_3e16ef9562a7dcce91392c22ab16ea36>@@$$QEAV<lambda_38119f0e861e05405d8a144b9b982f0a>@@@Z 000000018004aa4c     libucrt:wsetlocale.obj
 0004:00001a58       $pdata$?fin$0@?0???$?RV<lambda_410d79af7f07d98d83a3f525b3859a53>@@AEAV<lambda_3e16ef9562a7dcce91392c22ab16ea36>@@V<lambda_38119f0e861e05405d8a144b9b982f0a>@@@?$__crt_seh_guarded_call@X@@QEAAX$$QEAV<lambda_410d79af7f07d98d83a3f525b3859a53>@@AEAV<lambda_3e16ef9562a7dcce91392c22ab16ea36>@@$$QEAV<lambda_38119f0e861e05405d8a144b9b982f0a>@@@Z@4HA 000000018004aa58     libucrt:wsetlocale.obj
 0004:00001a64       $pdata$__pctype_func       000000018004aa64     libucrt:ctype.obj
 0004:00001a7c       $pdata$_set_errno_from_matherr 000000018004aa7c     libucrt:fpexcept.obj
 0004:00001a88       $pdata$_raise_excf         000000018004aa88     libucrt:fpexcept.obj
 0004:00001a94       $pdata$_raise_exc          000000018004aa94     libucrt:fpexcept.obj
 0004:00001aa0       $pdata$_raise_exc_ex       000000018004aaa0     libucrt:fpexcept.obj
 0004:00001aac       $pdata$__acrt_release_locale_ref 000000018004aaac     libucrt:locale_refcounting.obj
 0004:00001ab8       $pdata$__acrt_free_locale  000000018004aab8     libucrt:locale_refcounting.obj
 0004:00001ac4       $pdata$__acrt_locale_free_lc_time_if_unreferenced 000000018004aac4     libucrt:locale_refcounting.obj
 0004:00001ad0       $pdata$__acrt_update_thread_locale_data 000000018004aad0     libucrt:locale_refcounting.obj
 0004:00001adc       $pdata$__acrt_update_thread_locale_data$fin$0 000000018004aadc     libucrt:locale_refcounting.obj
 0004:00001ae8       $pdata$_updatetlocinfoEx_nolock 000000018004aae8     libucrt:locale_refcounting.obj
 0004:00001af4       $pdata$qsort               000000018004aaf4     libucrt:qsort.obj
 0004:00001b00       $pdata$4$qsort             000000018004ab00     libucrt:qsort.obj
 0004:00001b0c       $pdata$5$qsort             000000018004ab0c     libucrt:qsort.obj
 0004:00001b18       $pdata$strncpy_s           000000018004ab18     libucrt:strncpy_s.obj
 0004:00001b24       $pdata$strpbrk             000000018004ab24     libucrt:strpbrk.obj
 0004:00001b30       $pdata$fallbackMethod      000000018004ab30     libucrt:strpbrk.obj
 0004:00001b3c       $pdata$_mbsdec_l           000000018004ab3c     libucrt:mbsdec.obj
 0004:00001b48       $pdata$__acrt_GetStringTypeA 000000018004ab48     libucrt:getstringtypea.obj
 0004:00001b54       $pdata$__acrt_LCMapStringA 000000018004ab54     libucrt:lcmapstringa.obj
 0004:00001b60       $pdata$?__acrt_LCMapStringA_stat@@YAHPEAU__crt_locale_pointers@@PEB_WKPEBDHPEADHHH@Z 000000018004ab60     libucrt:lcmapstringa.obj
 0004:00001b6c       $pdata$?initialize_multibyte@@YAHXZ 000000018004ab6c     libucrt:multibyte_initializer.obj
 0004:00001b78       $pdata$_msize_base         000000018004ab78     libucrt:msize.obj
 0004:00001b84       $pdata$_realloc_base       000000018004ab84     libucrt:realloc_base.obj
 0004:00001b90       $pdata$__acrt_DownlevelLocaleNameToLCID 000000018004ab90     libucrt:lcidtoname_downlevel.obj
 0004:00001b9c       $pdata$?GetTableIndexFromLocaleName@@YAHPEB_W@Z 000000018004ab9c     libucrt:lcidtoname_downlevel.obj
 0004:00001ba8       $pdata$_get_osfhandle      000000018004aba8     libucrt:osfinfo.obj
 0004:00001bb4       $pdata$_free_osfhnd        000000018004abb4     libucrt:osfinfo.obj
 0004:00001bc0       $pdata$__acrt_lowio_create_handle_array 000000018004abc0     libucrt:osfinfo.obj
 0004:00001bcc       $pdata$__acrt_lowio_destroy_handle_array 000000018004abcc     libucrt:osfinfo.obj
 0004:00001bd8       $pdata$__acrt_lowio_ensure_fh_exists 000000018004abd8     libucrt:osfinfo.obj
 0004:00001be4       $pdata$_commit             000000018004abe4     libucrt:commit.obj
 0004:00001bf0       $pdata$??$?RV<lambda_a37b2b86f63e897a80ea819b0eb08c01>@@AEAV<lambda_38ce7e780aa69e748d6df282ebc68efe>@@V<lambda_99fb1378e971ab6e7edea83e3a7a83a2>@@@?$__crt_seh_guarded_call@H@@QEAAH$$QEAV<lambda_a37b2b86f63e897a80ea819b0eb08c01>@@AEAV<lambda_38ce7e780aa69e748d6df282ebc68efe>@@$$QEAV<lambda_99fb1378e971ab6e7edea83e3a7a83a2>@@@Z 000000018004abf0     libucrt:commit.obj
 0004:00001bfc       $pdata$?fin$0@?0???$?RV<lambda_751a882b2c74d4b022dec766aa51a29a>@@AEAV<lambda_628dfdc04ba53c8bfc02c9951375f3f5>@@V<lambda_f6c7be5f7998530c34de24c7437d6b54>@@@?$__crt_seh_guarded_call@H@@QEAAH$$QEAV<lambda_751a882b2c74d4b022dec766aa51a29a>@@AEAV<lambda_628dfdc04ba53c8bfc02c9951375f3f5>@@$$QEAV<lambda_f6c7be5f7998530c34de24c7437d6b54>@@@Z@4HA 000000018004abfc     libucrt:close.obj
 0004:00001bfc       $pdata$?fin$0@?0???$?RV<lambda_a37b2b86f63e897a80ea819b0eb08c01>@@AEAV<lambda_38ce7e780aa69e748d6df282ebc68efe>@@V<lambda_99fb1378e971ab6e7edea83e3a7a83a2>@@@?$__crt_seh_guarded_call@H@@QEAAH$$QEAV<lambda_a37b2b86f63e897a80ea819b0eb08c01>@@AEAV<lambda_38ce7e780aa69e748d6df282ebc68efe>@@$$QEAV<lambda_99fb1378e971ab6e7edea83e3a7a83a2>@@@Z@4HA 000000018004abfc     libucrt:commit.obj
 0004:00001c08       $pdata$_write              000000018004ac08     libucrt:write.obj
 0004:00001c14       $pdata$_write$fin$0        000000018004ac14     libucrt:write.obj
 0004:00001c20       $pdata$_write_nolock       000000018004ac20     libucrt:write.obj
 0004:00001c2c       $pdata$?write_double_translated_ansi_nolock@@YA?AUwrite_result@?A0x17268360@@HQEBDI@Z 000000018004ac2c     libucrt:write.obj
 0004:00001c38       $pdata$?write_text_ansi_nolock@@YA?AUwrite_result@?A0x17268360@@HQEBDI@Z 000000018004ac38     libucrt:write.obj
 0004:00001c44       $pdata$?write_text_utf16le_nolock@@YA?AUwrite_result@?A0x17268360@@HQEBDI@Z 000000018004ac44     libucrt:write.obj
 0004:00001c50       $pdata$?write_text_utf8_nolock@@YA?AUwrite_result@?A0x17268360@@HQEBDI@Z 000000018004ac50     libucrt:write.obj
 0004:00001c5c       $pdata$_fcloseall          000000018004ac5c     libucrt:closeall.obj
 0004:00001c68       $pdata$_fcloseall$fin$0    000000018004ac68     libucrt:closeall.obj
 0004:00001c74       $pdata$__acrt_stdio_free_buffer_nolock 000000018004ac74     libucrt:_freebuf.obj
 0004:00001c80       $pdata$_isatty             000000018004ac80     libucrt:isatty.obj
 0004:00001c8c       $pdata$_isleadbyte_l       000000018004ac8c     libucrt:_wctype.obj
 0004:00001c98       $pdata$__acrt_locale_free_monetary 000000018004ac98     libucrt:initmon.obj
 0004:00001ca4       $pdata$__acrt_locale_free_numeric 000000018004aca4     libucrt:initnum.obj
 0004:00001cb0       $pdata$__acrt_locale_free_time 000000018004acb0     libucrt:inittime.obj
 0004:00001cbc       $pdata$?free_crt_array_internal@@YAXQEAPEBX_K@Z 000000018004acbc     libucrt:inittime.obj
 0004:00001cc8       $pdata$??$common_lseek_nolock@_J@@YA_JH_JH@Z 000000018004acc8     libucrt:lseek.obj
 0004:00001cd4       $pdata$_putwch_nolock      000000018004acd4     libucrt:putwch.obj
 0004:00001ce0       $pdata$fclose              000000018004ace0     libucrt:fclose.obj
 0004:00001cec       $pdata$fclose$fin$0        000000018004acec     libucrt:fclose.obj
 0004:00001cf8       $pdata$_fclose_nolock      000000018004acf8     libucrt:fclose.obj
 0004:00001d10       $pdata$__dcrt_lowio_ensure_console_output_initialized 000000018004ad10     libucrt:initcon.obj
 0004:00001d1c       $pdata$__dcrt_write_console_w 000000018004ad1c     libucrt:initcon.obj
 0004:00001d28       $pdata$__dcrt_terminate_console_output 000000018004ad28     libucrt:initcon.obj
 0004:00001d34       $pdata$_close              000000018004ad34     libucrt:close.obj
 0004:00001d40       $pdata$_close_nolock       000000018004ad40     libucrt:close.obj
 0004:00001d4c       $pdata$??$?RV<lambda_751a882b2c74d4b022dec766aa51a29a>@@AEAV<lambda_628dfdc04ba53c8bfc02c9951375f3f5>@@V<lambda_f6c7be5f7998530c34de24c7437d6b54>@@@?$__crt_seh_guarded_call@H@@QEAAH$$QEAV<lambda_751a882b2c74d4b022dec766aa51a29a>@@AEAV<lambda_628dfdc04ba53c8bfc02c9951375f3f5>@@$$QEAV<lambda_f6c7be5f7998530c34de24c7437d6b54>@@@Z 000000018004ad4c     libucrt:close.obj
 0004:00001d58       $pdata$_log_special_common 000000018004ad58     libucrt:log_special.obj
 0004:00001d64       $pdata$_log10_special      000000018004ad64     libucrt:log_special.obj
 0004:00001d70       $pdata$_IsNonwritableInCurrentImage 000000018004ad70     LIBCMT:pesect.obj
 0004:00001d7c       $pdata$_IsNonwritableInCurrentImage$filt$0 000000018004ad7c     LIBCMT:pesect.obj
 0004:00001d88       $pdata$__GSHandlerCheckCommon 000000018004ad88     LIBCMT:gshandler.obj
 0004:00001d94       $pdata$__GSHandlerCheck    000000018004ad94     LIBCMT:gshandler.obj
 0004:00001dac       $pdata$__report_securityfailure 000000018004adac     LIBCMT:gs_report.obj
 0004:00001db8       $pdata$__report_rangecheckfailure 000000018004adb8     LIBCMT:gs_report.obj
 0004:00001dc4       $pdata$__report_gsfailure  000000018004adc4     LIBCMT:gs_report.obj
 0004:00001dd0       $pdata$capture_current_context 000000018004add0     LIBCMT:gs_report.obj
 0004:00001ddc       $pdata$capture_previous_context 000000018004addc     LIBCMT:gs_report.obj
 0004:00001de8       $pdata$__raise_securityfailure 000000018004ade8     LIBCMT:gs_report.obj
 0005:00000000       MsetTab                    000000018004b000     libvcruntime:memset.obj
 0005:00000050       MoveSmall                  000000018004b050     libvcruntime:memcpy.obj
